Archive member included because of file (symbol)

C:\Users\Troy Neubauer\AppData\Local\arduino15\packages\arduino\hardware\sam\1.6.11\variants\arduino_due_x/libsam_sam3x8e_gcc_rel.a(pio.o)
                              C:\Users\Troy Neubauer\AppData\Local\Temp\VMBCore\arduino16x\a90fdbb6af6ba4ee41b4866e1900008d\variant\variant.cpp.o (PIO_Configure)
C:\Users\Troy Neubauer\AppData\Local\arduino15\packages\arduino\hardware\sam\1.6.11\variants\arduino_due_x/libsam_sam3x8e_gcc_rel.a(pmc.o)
                              C:\Users\Troy Neubauer\AppData\Local\Temp\VMBCore\arduino16x\a90fdbb6af6ba4ee41b4866e1900008d\variant\variant.cpp.o (pmc_enable_periph_clk)
C:\Users\Troy Neubauer\AppData\Local\arduino15\packages\arduino\hardware\sam\1.6.11\variants\arduino_due_x/libsam_sam3x8e_gcc_rel.a(system_sam3xa.o)
                              C:\Users\Troy Neubauer\AppData\Local\Temp\VMBCore\arduino16x\a90fdbb6af6ba4ee41b4866e1900008d\variant\variant.cpp.o (SystemInit)
C:\Users\Troy Neubauer\AppData\Local\arduino15\packages\arduino\hardware\sam\1.6.11\variants\arduino_due_x/libsam_sam3x8e_gcc_rel.a(startup_sam3xa.o)
                              (Reset_Handler)
C:\Users\Troy Neubauer\AppData\Local\arduino15\packages\arduino\hardware\sam\1.6.11\variants\arduino_due_x/libsam_sam3x8e_gcc_rel.a(adc.o)
                              C:\Users\Troy Neubauer\AppData\Local\Temp\VMBCore\arduino16x\a90fdbb6af6ba4ee41b4866e1900008d\variant\variant.cpp.o (adc_init)
C:\Users\Troy Neubauer\AppData\Local\arduino15\packages\arduino\hardware\sam\1.6.11\variants\arduino_due_x/libsam_sam3x8e_gcc_rel.a(uotghs.o)
                              C:\Users\Troy Neubauer\AppData\Local\arduino15\packages\arduino\hardware\sam\1.6.11\variants\arduino_due_x/libsam_sam3x8e_gcc_rel.a(startup_sam3xa.o) (UOTGHS_Handler)
C:\Users\Troy Neubauer\AppData\Local\Temp\VMBuilds\Rocketry 2018_2019\arduino_due_x_dbg\Debug/core.a(cortex_handlers.c.o)
                              C:\Users\Troy Neubauer\AppData\Local\arduino15\packages\arduino\hardware\sam\1.6.11\variants\arduino_due_x/libsam_sam3x8e_gcc_rel.a(startup_sam3xa.o) (NMI_Handler)
C:\Users\Troy Neubauer\AppData\Local\Temp\VMBuilds\Rocketry 2018_2019\arduino_due_x_dbg\Debug/core.a(hooks.c.o)
                              C:\Users\Troy Neubauer\AppData\Local\Temp\VMBuilds\Rocketry 2018_2019\arduino_due_x_dbg\Debug/core.a(cortex_handlers.c.o) (sysTickHook)
C:\Users\Troy Neubauer\AppData\Local\Temp\VMBuilds\Rocketry 2018_2019\arduino_due_x_dbg\Debug/core.a(syscalls_sam3.c.o)
                              (_sbrk)
C:\Users\Troy Neubauer\AppData\Local\Temp\VMBuilds\Rocketry 2018_2019\arduino_due_x_dbg\Debug/core.a(wiring.c.o)
                              C:\Users\Troy Neubauer\AppData\Local\Temp\VMBuilds\Rocketry 2018_2019\arduino_due_x_dbg\Debug\Rocketry 2018_2019.cpp.o (millis)
C:\Users\Troy Neubauer\AppData\Local\Temp\VMBuilds\Rocketry 2018_2019\arduino_due_x_dbg\Debug/core.a(wiring_analog.c.o)
                              C:\Users\Troy Neubauer\AppData\Local\Temp\VMBCore\arduino16x\a90fdbb6af6ba4ee41b4866e1900008d\variant\variant.cpp.o (analogOutputInit)
C:\Users\Troy Neubauer\AppData\Local\Temp\VMBuilds\Rocketry 2018_2019\arduino_due_x_dbg\Debug/core.a(wiring_digital.c.o)
                              C:\Users\Troy Neubauer\AppData\Local\Temp\VMBuilds\Rocketry 2018_2019\arduino_due_x_dbg\Debug/core.a(wiring_analog.c.o) (pinMode)
C:\Users\Troy Neubauer\AppData\Local\Temp\VMBuilds\Rocketry 2018_2019\arduino_due_x_dbg\Debug/core.a(main.cpp.o)
                              c:/users/troy neubauer/appdata/local/arduino15/packages/arduino/tools/arm-none-eabi-gcc/4.8.3-2014q1/bin/../lib/gcc/arm-none-eabi/4.8.3/../../../../arm-none-eabi/lib/armv7-m/crt0.o (main)
C:\Users\Troy Neubauer\AppData\Local\Temp\VMBuilds\Rocketry 2018_2019\arduino_due_x_dbg\Debug/core.a(Print.cpp.o)
                              C:\Users\Troy Neubauer\AppData\Local\Temp\VMBuilds\Rocketry 2018_2019\arduino_due_x_dbg\Debug\Rocketry 2018_2019.cpp.o (Print::print(__FlashStringHelper const*))
C:\Users\Troy Neubauer\AppData\Local\Temp\VMBuilds\Rocketry 2018_2019\arduino_due_x_dbg\Debug/core.a(Reset.cpp.o)
                              C:\Users\Troy Neubauer\AppData\Local\Temp\VMBuilds\Rocketry 2018_2019\arduino_due_x_dbg\Debug/core.a(cortex_handlers.c.o) (tickReset)
C:\Users\Troy Neubauer\AppData\Local\Temp\VMBuilds\Rocketry 2018_2019\arduino_due_x_dbg\Debug/core.a(RingBuffer.cpp.o)
                              C:\Users\Troy Neubauer\AppData\Local\Temp\VMBCore\arduino16x\a90fdbb6af6ba4ee41b4866e1900008d\variant\variant.cpp.o (RingBuffer::RingBuffer())
C:\Users\Troy Neubauer\AppData\Local\Temp\VMBuilds\Rocketry 2018_2019\arduino_due_x_dbg\Debug/core.a(UARTClass.cpp.o)
                              C:\Users\Troy Neubauer\AppData\Local\Temp\VMBCore\arduino16x\a90fdbb6af6ba4ee41b4866e1900008d\variant\variant.cpp.o (UARTClass::available())
[...]
Memory Configuration

Name             Origin             Length             Attributes
rom              0x00080000         0x00080000         xr
sram0            0x20000000         0x00010000         xrw
sram1            0x20080000         0x00008000         xrw
ram              0x20070000         0x00018000         xrw
*default*        0x00000000         0xffffffff

Linker script and memory map

LOAD c:/users/troy neubauer/appdata/local/arduino15/packages/arduino/tools/arm-none-eabi-gcc/4.8.3-2014q1/bin/../lib/gcc/arm-none-eabi/4.8.3/armv7-m/crti.o
LOAD c:/users/troy neubauer/appdata/local/arduino15/packages/arduino/tools/arm-none-eabi-gcc/4.8.3-2014q1/bin/../lib/gcc/arm-none-eabi/4.8.3/armv7-m/crtbegin.o
LOAD c:/users/troy neubauer/appdata/local/arduino15/packages/arduino/tools/arm-none-eabi-gcc/4.8.3-2014q1/bin/../lib/gcc/arm-none-eabi/4.8.3/../../../../arm-none-eabi/lib/armv7-m/crt0.o
START GROUP
LOAD C:\Users\Troy Neubauer\AppData\Local\Temp\VMBuilds\Rocketry 2018_2019\arduino_due_x_dbg\Debug\Rocketry 2018_2019.cpp.o
LOAD C:\Users\Troy Neubauer\AppData\Local\Temp\VMBuilds\Rocketry 2018_2019\arduino_due_x_dbg\Debug\NeoGPS\DMS.cpp.o
LOAD C:\Users\Troy Neubauer\AppData\Local\Temp\VMBuilds\Rocketry 2018_2019\arduino_due_x_dbg\Debug\NeoGPS\GPSTime.cpp.o
LOAD C:\Users\Troy Neubauer\AppData\Local\Temp\VMBuilds\Rocketry 2018_2019\arduino_due_x_dbg\Debug\NeoGPS\Location.cpp.o
LOAD C:\Users\Troy Neubauer\AppData\Local\Temp\VMBuilds\Rocketry 2018_2019\arduino_due_x_dbg\Debug\NeoGPS\NeoTime.cpp.o
LOAD C:\Users\Troy Neubauer\AppData\Local\Temp\VMBuilds\Rocketry 2018_2019\arduino_due_x_dbg\Debug\NeoGPS\NMEAGPS.cpp.o
LOAD C:\Users\Troy Neubauer\AppData\Local\Temp\VMBuilds\Rocketry 2018_2019\arduino_due_x_dbg\Debug\NeoGPS\Streamers.cpp.o
LOAD C:\Users\Troy Neubauer\AppData\Local\Temp\VMBuilds\Rocketry 2018_2019\arduino_due_x_dbg\Debug\NeoGPS\Garmin\GrmNMEA.cpp.o
LOAD C:\Users\Troy Neubauer\AppData\Local\Temp\VMBuilds\Rocketry 2018_2019\arduino_due_x_dbg\Debug\NeoGPS\ublox\ubxGPS.cpp.o
LOAD C:\Users\Troy Neubauer\AppData\Local\Temp\VMBuilds\Rocketry 2018_2019\arduino_due_x_dbg\Debug\NeoGPS\ublox\ubxmsg.cpp.o
LOAD C:\Users\Troy Neubauer\AppData\Local\Temp\VMBuilds\Rocketry 2018_2019\arduino_due_x_dbg\Debug\NeoGPS\ublox\ubxNMEA.cpp.o
LOAD C:\Users\Troy Neubauer\AppData\Local\Temp\VMBuilds\Rocketry 2018_2019\arduino_due_x_dbg\Debug\VM_DBG\VM_DBG.cpp.o
LOAD C:\Users\Troy Neubauer\AppData\Local\Temp\VMBuilds\Rocketry 2018_2019\arduino_due_x_dbg\Debug\VM_DBG\VM_mem_check_sam.cpp.o
LOAD C:\Users\Troy Neubauer\AppData\Local\Temp\VMBCore\arduino16x\a90fdbb6af6ba4ee41b4866e1900008d\variant\variant.cpp.o
LOAD C:\Users\Troy Neubauer\AppData\Local\arduino15\packages\arduino\hardware\sam\1.6.11\variants\arduino_due_x/libsam_sam3x8e_gcc_rel.a
LOAD C:\Users\Troy Neubauer\AppData\Local\Temp\VMBuilds\Rocketry 2018_2019\arduino_due_x_dbg\Debug/core.a
END GROUP
LOAD c:/users/troy neubauer/appdata/local/arduino15/packages/arduino/tools/arm-none-eabi-gcc/4.8.3-2014q1/bin/../lib/gcc/arm-none-eabi/4.8.3/../../../../arm-none-eabi/lib/armv7-m\libm.a
START GROUP
LOAD c:/users/troy neubauer/appdata/local/arduino15/packages/arduino/tools/arm-none-eabi-gcc/4.8.3-2014q1/bin/../lib/gcc/arm-none-eabi/4.8.3/armv7-m\libgcc.a
LOAD c:/users/troy neubauer/appdata/local/arduino15/packages/arduino/tools/arm-none-eabi-gcc/4.8.3-2014q1/bin/../lib/gcc/arm-none-eabi/4.8.3/../../../../arm-none-eabi/lib/armv7-m\libg.a
LOAD c:/users/troy neubauer/appdata/local/arduino15/packages/arduino/tools/arm-none-eabi-gcc/4.8.3-2014q1/bin/../lib/gcc/arm-none-eabi/4.8.3/../../../../arm-none-eabi/lib/armv7-m\libc.a
END GROUP
LOAD c:/users/troy neubauer/appdata/local/arduino15/packages/arduino/tools/arm-none-eabi-gcc/4.8.3-2014q1/bin/../lib/gcc/arm-none-eabi/4.8.3/armv7-m/crtend.o
LOAD c:/users/troy neubauer/appdata/local/arduino15/packages/arduino/tools/arm-none-eabi-gcc/4.8.3-2014q1/bin/../lib/gcc/arm-none-eabi/4.8.3/armv7-m/crtn.o

.text           0x00080000     0x680c
                0x00080000                . = ALIGN (0x4)
                0x00080000                _sfixed = .
 *(.vectors .vectors.*)
 .vectors       0x00080000       0xf4 C:\Users\Troy Neubauer\AppData\Local\arduino15\packages\arduino\hardware\sam\1.6.11\variants\arduino_due_x/libsam_sam3x8e_gcc_rel.a(startup_sam3xa.o)
                0x00080000                exception_table
 *(.text .text.* .gnu.linkonce.t.*)
 .text          0x000800f4       0x54 c:/users/troy neubauer/appdata/local/arduino15/packages/arduino/tools/arm-none-eabi-gcc/4.8.3-2014q1/bin/../lib/gcc/arm-none-eabi/4.8.3/armv7-m/crtbegin.o
 .text._Z7GPSloopv
                0x00080148       0x6c C:\Users\Troy Neubauer\AppData\Local\Temp\VMBuilds\Rocketry 2018_2019\arduino_due_x_dbg\Debug\Rocketry 2018_2019.cpp.o
                0x00080148                GPSloop()
 .text.loop     0x000801b4       0x9c C:\Users\Troy Neubauer\AppData\Local\Temp\VMBuilds\Rocketry 2018_2019\arduino_due_x_dbg\Debug\Rocketry 2018_2019.cpp.o
                0x000801b4                loop
 .text.startup._GLOBAL__sub_I___VisualMicro_DEBUG_1_HITCOUNTER__
                0x00080250       0x44 C:\Users\Troy Neubauer\AppData\Local\Temp\VMBuilds\Rocketry 2018_2019\arduino_due_x_dbg\Debug\Rocketry 2018_2019.cpp.o
 .text.setup    0x00080294       0xe8 C:\Users\Troy Neubauer\AppData\Local\Temp\VMBuilds\Rocketry 2018_2019\arduino_due_x_dbg\Debug\Rocketry 2018_2019.cpp.o
                0x00080294                setup
 .text._ZlsR5PrintRKN6NeoGPS6time_tE
                0x0008037c       0xca C:\Users\Troy Neubauer\AppData\Local\Temp\VMBuilds\Rocketry 2018_2019\arduino_due_x_dbg\Debug\NeoGPS\NeoTime.cpp.o
                0x0008037c                operator<<(Print&, NeoGPS::time_t const&)
 .text._ZN6NeoGPS6time_t4initEv
                0x00080446       0x16 C:\Users\Troy Neubauer\AppData\Local\Temp\VMBuilds\Rocketry 2018_2019\arduino_due_x_dbg\Debug\NeoGPS\NeoTime.cpp.o
                0x00080446                NeoGPS::time_t::init()
 .text._ZN7gps_fix7valid_t4initEv
                0x0008045c        0xe C:\Users\Troy Neubauer\AppData\Local\Temp\VMBuilds\Rocketry 2018_2019\arduino_due_x_dbg\Debug\NeoGPS\NMEAGPS.cpp.o
                0x0008045c                gps_fix::valid_t::init()
 .text._ZN7gps_fix4initEv
                0x0008046a       0x2c C:\Users\Troy Neubauer\AppData\Local\Temp\VMBuilds\Rocketry 2018_2019\arduino_due_x_dbg\Debug\NeoGPS\NMEAGPS.cpp.o
                0x0008046a                gps_fix::init()
 .text._ZN7NMEAGPSC2Ev
                0x00080496       0x2c C:\Users\Troy Neubauer\AppData\Local\Temp\VMBuilds\Rocketry 2018_2019\arduino_due_x_dbg\Debug\NeoGPS\NMEAGPS.cpp.o
                0x00080496                NMEAGPS::NMEAGPS()
                0x00080496                NMEAGPS::NMEAGPS()
 .text._ZN7NMEAGPS13sentenceBeginEv
                0x000804c2       0x22 C:\Users\Troy Neubauer\AppData\Local\Temp\VMBuilds\Rocketry 2018_2019\arduino_due_x_dbg\Debug\NeoGPS\NMEAGPS.cpp.o
                0x000804c2                NMEAGPS::sentenceBegin()
 .text._ZN7NMEAGPS15sentenceInvalidEv
                0x000804e4       0x14 C:\Users\Troy Neubauer\AppData\Local\Temp\VMBuilds\Rocketry 2018_2019\arduino_due_x_dbg\Debug\NeoGPS\NMEAGPS.cpp.o
                0x000804e4                NMEAGPS::sentenceInvalid()
 .text._ZN7NMEAGPS14headerReceivedEv
                0x000804f8       0x1e C:\Users\Troy Neubauer\AppData\Local\Temp\VMBuilds\Rocketry 2018_2019\arduino_due_x_dbg\Debug\NeoGPS\NMEAGPS.cpp.o
                0x000804f8                NMEAGPS::headerReceived()
 .text._ZN7NMEAGPS8storeFixEv
                0x00080516       0xe2 C:\Users\Troy Neubauer\AppData\Local\Temp\VMBuilds\Rocketry 2018_2019\arduino_due_x_dbg\Debug\NeoGPS\NMEAGPS.cpp.o
                0x00080516                NMEAGPS::storeFix()
 .text._ZN7NMEAGPS12parseCommandEPKNS_11msg_table_tEhc
                0x000805f8       0x38 C:\Users\Troy Neubauer\AppData\Local\Temp\VMBuilds\Rocketry 2018_2019\arduino_due_x_dbg\Debug\NeoGPS\NMEAGPS.cpp.o
                0x000805f8                NMEAGPS::parseCommand(NMEAGPS::msg_table_t const*, unsigned char, char)
 .text._ZN7NMEAGPS12parseCommandEc
                0x00080630       0x2c C:\Users\Troy Neubauer\AppData\Local\Temp\VMBuilds\Rocketry 2018_2019\arduino_due_x_dbg\Debug\NeoGPS\NMEAGPS.cpp.o
                0x00080630                NMEAGPS::parseCommand(char)
 .text._ZNK7NMEAGPS10string_forENS_10nmea_msg_tE
                0x0008065c       0x24 C:\Users\Troy Neubauer\AppData\Local\Temp\VMBuilds\Rocketry 2018_2019\arduino_due_x_dbg\Debug\NeoGPS\NMEAGPS.cpp.o
                0x0008065c                NMEAGPS::string_for(NMEAGPS::nmea_msg_t) const
 .text._ZN7NMEAGPS9parseTimeEc
                0x00080680       0xa0 C:\Users\Troy Neubauer\AppData\Local\Temp\VMBuilds\Rocketry 2018_2019\arduino_due_x_dbg\Debug\NeoGPS\NMEAGPS.cpp.o
                0x00080680                NMEAGPS::parseTime(char)
 .text._ZN7NMEAGPS11parseDDMMYYEc
                0x00080720       0x6a C:\Users\Troy Neubauer\AppData\Local\Temp\VMBuilds\Rocketry 2018_2019\arduino_due_x_dbg\Debug\NeoGPS\NMEAGPS.cpp.o
                0x00080720                NMEAGPS::parseDDMMYY(char)
 .text._ZN7NMEAGPS8parseFixEc
                0x0008078a       0x5e C:\Users\Troy Neubauer\AppData\Local\Temp\VMBuilds\Rocketry 2018_2019\arduino_due_x_dbg\Debug\NeoGPS\NMEAGPS.cpp.o
                0x0008078a                NMEAGPS::parseFix(char)
 .text._ZN7NMEAGPS10parseFloatERN7gps_fix10whole_fracEch
                0x000807e8       0xb0 C:\Users\Troy Neubauer\AppData\Local\Temp\VMBuilds\Rocketry 2018_2019\arduino_due_x_dbg\Debug\NeoGPS\NMEAGPS.cpp.o
                0x000807e8                NMEAGPS::parseFloat(gps_fix::whole_frac&, char, unsigned char)
 .text._ZN7NMEAGPS10parseDDDMMERlc
                0x00080898      0x118 C:\Users\Troy Neubauer\AppData\Local\Temp\VMBuilds\Rocketry 2018_2019\arduino_due_x_dbg\Debug\NeoGPS\NMEAGPS.cpp.o
                0x00080898                NMEAGPS::parseDDDMM(long&, char)
 .text._ZN7NMEAGPS8parseLatEc
                0x000809b0       0x28 C:\Users\Troy Neubauer\AppData\Local\Temp\VMBuilds\Rocketry 2018_2019\arduino_due_x_dbg\Debug\NeoGPS\NMEAGPS.cpp.o
                0x000809b0                NMEAGPS::parseLat(char)
 .text._ZN7NMEAGPS7parseNSEc
                0x000809d8       0x1a C:\Users\Troy Neubauer\AppData\Local\Temp\VMBuilds\Rocketry 2018_2019\arduino_due_x_dbg\Debug\NeoGPS\NMEAGPS.cpp.o
                0x000809d8                NMEAGPS::parseNS(char)
 .text._ZN7NMEAGPS8parseLonEc
                0x000809f2       0x24 C:\Users\Troy Neubauer\AppData\Local\Temp\VMBuilds\Rocketry 2018_2019\arduino_due_x_dbg\Debug\NeoGPS\NMEAGPS.cpp.o
                0x000809f2                NMEAGPS::parseLon(char)
 .text._ZN7NMEAGPS7parseEWEc
                0x00080a16       0x20 C:\Users\Troy Neubauer\AppData\Local\Temp\VMBuilds\Rocketry 2018_2019\arduino_due_x_dbg\Debug\NeoGPS\NMEAGPS.cpp.o
                0x00080a16                NMEAGPS::parseEW(char)
 .text._ZN7NMEAGPS10parseSpeedEc
                0x00080a36       0x24 C:\Users\Troy Neubauer\AppData\Local\Temp\VMBuilds\Rocketry 2018_2019\arduino_due_x_dbg\Debug\NeoGPS\NMEAGPS.cpp.o
                0x00080a36                NMEAGPS::parseSpeed(char)
 .text._ZN7NMEAGPS12parseHeadingEc
                0x00080a5a       0x24 C:\Users\Troy Neubauer\AppData\Local\Temp\VMBuilds\Rocketry 2018_2019\arduino_due_x_dbg\Debug\NeoGPS\NMEAGPS.cpp.o
                0x00080a5a                NMEAGPS::parseHeading(char)
 .text._ZN7NMEAGPS8parseRMCEc
                0x00080a7e       0x40 C:\Users\Troy Neubauer\AppData\Local\Temp\VMBuilds\Rocketry 2018_2019\arduino_due_x_dbg\Debug\NeoGPS\NMEAGPS.cpp.o
                0x00080a7e                NMEAGPS::parseRMC(char)
 .text._ZN7NMEAGPS8parseAltEc
                0x00080abe       0x24 C:\Users\Troy Neubauer\AppData\Local\Temp\VMBuilds\Rocketry 2018_2019\arduino_due_x_dbg\Debug\NeoGPS\NMEAGPS.cpp.o
                0x00080abe                NMEAGPS::parseAlt(char)
 .text._ZN7NMEAGPS15parseSatellitesEc
                0x00080ae2       0x3c C:\Users\Troy Neubauer\AppData\Local\Temp\VMBuilds\Rocketry 2018_2019\arduino_due_x_dbg\Debug\NeoGPS\NMEAGPS.cpp.o
                0x00080ae2                NMEAGPS::parseSatellites(char)
 .text._ZN7NMEAGPS8parseGGAEc
                0x00080b1e       0x3c C:\Users\Troy Neubauer\AppData\Local\Temp\VMBuilds\Rocketry 2018_2019\arduino_due_x_dbg\Debug\NeoGPS\NMEAGPS.cpp.o
                0x00080b1e                NMEAGPS::parseGGA(char)
 .text._ZN7NMEAGPS10parseFieldEc
                0x00080b5a       0x16 C:\Users\Troy Neubauer\AppData\Local\Temp\VMBuilds\Rocketry 2018_2019\arduino_due_x_dbg\Debug\NeoGPS\NMEAGPS.cpp.o
                0x00080b5a                NMEAGPS::parseField(char)
 .text._ZN7NMEAGPS10sentenceOkEv
                0x00080b70       0x3a C:\Users\Troy Neubauer\AppData\Local\Temp\VMBuilds\Rocketry 2018_2019\arduino_due_x_dbg\Debug\NeoGPS\NMEAGPS.cpp.o
                0x00080b70                NMEAGPS::sentenceOk()
 .text._ZN7NMEAGPS6decodeEc
                0x00080baa      0x104 C:\Users\Troy Neubauer\AppData\Local\Temp\VMBuilds\Rocketry 2018_2019\arduino_due_x_dbg\Debug\NeoGPS\NMEAGPS.cpp.o
                0x00080baa                NMEAGPS::decode(char)
 .text._ZN7NMEAGPS6handleEh
                0x00080cae       0x18 C:\Users\Troy Neubauer\AppData\Local\Temp\VMBuilds\Rocketry 2018_2019\arduino_due_x_dbg\Debug\NeoGPS\NMEAGPS.cpp.o
                0x00080cae                NMEAGPS::handle(unsigned char)
 .text._ZN7NMEAGPS4readEv
                0x00080cc6       0x54 C:\Users\Troy Neubauer\AppData\Local\Temp\VMBuilds\Rocketry 2018_2019\arduino_due_x_dbg\Debug\NeoGPS\NMEAGPS.cpp.o
                0x00080cc6                NMEAGPS::read()
 .text._ZlsR5Printt
                0x00080d1a        0xe C:\Users\Troy Neubauer\AppData\Local\Temp\VMBuilds\Rocketry 2018_2019\arduino_due_x_dbg\Debug\NeoGPS\Streamers.cpp.o
                0x00080d1a                operator<<(Print&, unsigned short)
 .text._ZlsR5Printm
                0x00080d28        0xe C:\Users\Troy Neubauer\AppData\Local\Temp\VMBuilds\Rocketry 2018_2019\arduino_due_x_dbg\Debug\NeoGPS\Streamers.cpp.o
                0x00080d28                operator<<(Print&, unsigned long)
 .text._ZlsR5Printl
                0x00080d36        0xe C:\Users\Troy Neubauer\AppData\Local\Temp\VMBuilds\Rocketry 2018_2019\arduino_due_x_dbg\Debug\NeoGPS\Streamers.cpp.o
                0x00080d36                operator<<(Print&, long)
 .text._ZlsR5Printh
                0x00080d44        0xe C:\Users\Troy Neubauer\AppData\Local\Temp\VMBuilds\Rocketry 2018_2019\arduino_due_x_dbg\Debug\NeoGPS\Streamers.cpp.o
                0x00080d44                operator<<(Print&, unsigned char)
 .text._ZlsR5PrintRK7gps_fix
                0x00080d52      0x118 C:\Users\Troy Neubauer\AppData\Local\Temp\VMBuilds\Rocketry 2018_2019\arduino_due_x_dbg\Debug\NeoGPS\Streamers.cpp.o
                0x00080d52                operator<<(Print&, gps_fix const&)
 *fill*         0x00080e6a        0x2 
 .text._Z12trace_headerR5Print
                0x00080e6c       0x28 C:\Users\Troy Neubauer\AppData\Local\Temp\VMBuilds\Rocketry 2018_2019\arduino_due_x_dbg\Debug\NeoGPS\Streamers.cpp.o
                0x00080e6c                trace_header(Print&)
 .text._Z9trace_allR5PrintRK7NMEAGPSRK7gps_fix
                0x00080e94       0x4e C:\Users\Troy Neubauer\AppData\Local\Temp\VMBuilds\Rocketry 2018_2019\arduino_due_x_dbg\Debug\NeoGPS\Streamers.cpp.o
                0x00080e94                trace_all(Print&, NMEAGPS const&, gps_fix const&)
 .text._ZN16VisualMicroDebug16DBG_YieldAndWaitEmb
                0x00080ee2       0x1a C:\Users\Troy Neubauer\AppData\Local\Temp\VMBuilds\Rocketry 2018_2019\arduino_due_x_dbg\Debug\VM_DBG\VM_DBG.cpp.o
                0x00080ee2                VisualMicroDebug::DBG_YieldAndWait(unsigned long, bool)
 .text._ZN16VisualMicroDebug16DBG_YieldAndWaitEm
                0x00080efc        0x6 C:\Users\Troy Neubauer\AppData\Local\Temp\VMBuilds\Rocketry 2018_2019\arduino_due_x_dbg\Debug\VM_DBG\VM_DBG.cpp.o
                0x00080efc                VisualMicroDebug::DBG_YieldAndWait(unsigned long)
 .text._ZN16VisualMicroDebug10DBG_MillisEv
                0x00080f02        0x4 C:\Users\Troy Neubauer\AppData\Local\Temp\VMBuilds\Rocketry 2018_2019\arduino_due_x_dbg\Debug\VM_DBG\VM_DBG.cpp.o
                0x00080f02                VisualMicroDebug::DBG_Millis()
 .text._ZN16VisualMicroDebug17OnBreakPointBeginEm
                0x00080f06       0x16 C:\Users\Troy Neubauer\AppData\Local\Temp\VMBuilds\Rocketry 2018_2019\arduino_due_x_dbg\Debug\VM_DBG\VM_DBG.cpp.o
                0x00080f06                VisualMicroDebug::OnBreakPointBegin(unsigned long)
 .text._ZN16VisualMicroDebug22OnBreakPointPrintBeginEh
                0x00080f1c       0x6c C:\Users\Troy Neubauer\AppData\Local\Temp\VMBuilds\Rocketry 2018_2019\arduino_due_x_dbg\Debug\VM_DBG\VM_DBG.cpp.o
                0x00080f1c                VisualMicroDebug::OnBreakPointPrintBegin(unsigned char)
 .text._ZN16VisualMicroDebug20OnBreakPointPrintEndEv
                0x00080f88        0xc C:\Users\Troy Neubauer\AppData\Local\Temp\VMBuilds\Rocketry 2018_2019\arduino_due_x_dbg\Debug\VM_DBG\VM_DBG.cpp.o
                0x00080f88                VisualMicroDebug::OnBreakPointPrintEnd()
 .text._ZN16VisualMicroDebug15OnBreakPointEndEv
                0x00080f94        0xc C:\Users\Troy Neubauer\AppData\Local\Temp\VMBuilds\Rocketry 2018_2019\arduino_due_x_dbg\Debug\VM_DBG\VM_DBG.cpp.o
                0x00080f94                VisualMicroDebug::OnBreakPointEnd()
 .text._ZN16VisualMicroDebug14outPacketStartEb
                0x00080fa0       0x28 C:\Users\Troy Neubauer\AppData\Local\Temp\VMBuilds\Rocketry 2018_2019\arduino_due_x_dbg\Debug\VM_DBG\VM_DBG.cpp.o
                0x00080fa0                VisualMicroDebug::outPacketStart(bool)
 .text._ZN16VisualMicroDebug12outPacketEndEv
                0x00080fc8        0x2 C:\Users\Troy Neubauer\AppData\Local\Temp\VMBuilds\Rocketry 2018_2019\arduino_due_x_dbg\Debug\VM_DBG\VM_DBG.cpp.o
                0x00080fc8                VisualMicroDebug::outPacketEnd()
 .text._ZN16VisualMicroDebug4initEm
                0x00080fca        0xe C:\Users\Troy Neubauer\AppData\Local\Temp\VMBuilds\Rocketry 2018_2019\arduino_due_x_dbg\Debug\VM_DBG\VM_DBG.cpp.o
                0x00080fca                VisualMicroDebug::init(unsigned long)
 .text._ZN16VisualMicroDebug5beginEP9UARTClassm
                0x00080fd8       0x10 C:\Users\Troy Neubauer\AppData\Local\Temp\VMBuilds\Rocketry 2018_2019\arduino_due_x_dbg\Debug\VM_DBG\VM_DBG.cpp.o
                0x00080fd8                VisualMicroDebug::begin(UARTClass*, unsigned long)
 .text._ZN16VisualMicroDebug4readEv
                0x00080fe8        0xe C:\Users\Troy Neubauer\AppData\Local\Temp\VMBuilds\Rocketry 2018_2019\arduino_due_x_dbg\Debug\VM_DBG\VM_DBG.cpp.o
                0x00080fe8                VisualMicroDebug::read()
 .text._ZN16VisualMicroDebug9availableEv
                0x00080ff6        0xe C:\Users\Troy Neubauer\AppData\Local\Temp\VMBuilds\Rocketry 2018_2019\arduino_due_x_dbg\Debug\VM_DBG\VM_DBG.cpp.o
                0x00080ff6                VisualMicroDebug::available()
 .text._ZN16VisualMicroDebug16sendContinuedACKEh
                0x00081004       0x3c C:\Users\Troy Neubauer\AppData\Local\Temp\VMBuilds\Rocketry 2018_2019\arduino_due_x_dbg\Debug\VM_DBG\VM_DBG.cpp.o
                0x00081004                VisualMicroDebug::sendContinuedACK(unsigned char)
 .text._ZN16VisualMicroDebug9breakWaitEh
                0x00081040       0x54 C:\Users\Troy Neubauer\AppData\Local\Temp\VMBuilds\Rocketry 2018_2019\arduino_due_x_dbg\Debug\VM_DBG\VM_DBG.cpp.o
                0x00081040                VisualMicroDebug::breakWait(unsigned char)
 .text._ZN16VisualMicroDebug5startEbb
                0x00081094       0x26 C:\Users\Troy Neubauer\AppData\Local\Temp\VMBuilds\Rocketry 2018_2019\arduino_due_x_dbg\Debug\VM_DBG\VM_DBG.cpp.o
                0x00081094                VisualMicroDebug::start(bool, bool)
 *fill*         0x000810ba        0x2 
 .text.startup._GLOBAL__sub_I__ZN16VisualMicroDebug16DBG_YieldAndWaitEm
                0x000810bc       0x14 C:\Users\Troy Neubauer\AppData\Local\Temp\VMBuilds\Rocketry 2018_2019\arduino_due_x_dbg\Debug\VM_DBG\VM_DBG.cpp.o
 .text._Z11serialEventv
                0x000810d0        0x2 C:\Users\Troy Neubauer\AppData\Local\Temp\VMBCore\arduino16x\a90fdbb6af6ba4ee41b4866e1900008d\variant\variant.cpp.o
                0x000810d0                serialEvent()
 *fill*         0x000810d2        0x2 
 .text.UART_Handler
                0x000810d4        0xc C:\Users\Troy Neubauer\AppData\Local\Temp\VMBCore\arduino16x\a90fdbb6af6ba4ee41b4866e1900008d\variant\variant.cpp.o
                0x000810d4                UART_Handler
 .text._Z12serialEvent1v
                0x000810e0        0x2 C:\Users\Troy Neubauer\AppData\Local\Temp\VMBCore\arduino16x\a90fdbb6af6ba4ee41b4866e1900008d\variant\variant.cpp.o
                0x000810e0                serialEvent1()
 .text._Z12serialEvent2v
                0x000810e2        0x2 C:\Users\Troy Neubauer\AppData\Local\Temp\VMBCore\arduino16x\a90fdbb6af6ba4ee41b4866e1900008d\variant\variant.cpp.o
                0x000810e2                serialEvent2()
 .text._Z12serialEvent3v
                0x000810e4        0x2 C:\Users\Troy Neubauer\AppData\Local\Temp\VMBCore\arduino16x\a90fdbb6af6ba4ee41b4866e1900008d\variant\variant.cpp.o
                0x000810e4                serialEvent3()
 *fill*         0x000810e6        0x2 
 .text.USART0_Handler
                0x000810e8        0xc C:\Users\Troy Neubauer\AppData\Local\Temp\VMBCore\arduino16x\a90fdbb6af6ba4ee41b4866e1900008d\variant\variant.cpp.o
                0x000810e8                USART0_Handler
 .text.USART1_Handler
                0x000810f4        0xc C:\Users\Troy Neubauer\AppData\Local\Temp\VMBCore\arduino16x\a90fdbb6af6ba4ee41b4866e1900008d\variant\variant.cpp.o
                0x000810f4                USART1_Handler
 .text.USART3_Handler
                0x00081100        0xc C:\Users\Troy Neubauer\AppData\Local\Temp\VMBCore\arduino16x\a90fdbb6af6ba4ee41b4866e1900008d\variant\variant.cpp.o
                0x00081100                USART3_Handler
 .text.init     0x0008110c      0x128 C:\Users\Troy Neubauer\AppData\Local\Temp\VMBCore\arduino16x\a90fdbb6af6ba4ee41b4866e1900008d\variant\variant.cpp.o
                0x0008110c                init
 .text.startup._GLOBAL__sub_I_g_APinDescription
                0x00081234       0xd4 C:\Users\Troy Neubauer\AppData\Local\Temp\VMBCore\arduino16x\a90fdbb6af6ba4ee41b4866e1900008d\variant\variant.cpp.o
 .text._Z14serialEventRunv
                0x00081308       0x44 C:\Users\Troy Neubauer\AppData\Local\Temp\VMBCore\arduino16x\a90fdbb6af6ba4ee41b4866e1900008d\variant\variant.cpp.o
                0x00081308                serialEventRun()
 .text.PIO_PullUp
                0x0008134c        0xa C:\Users\Troy Neubauer\AppData\Local\arduino15\packages\arduino\hardware\sam\1.6.11\variants\arduino_due_x/libsam_sam3x8e_gcc_rel.a(pio.o)
                0x0008134c                PIO_PullUp
 .text.PIO_SetPeripheral
                0x00081356       0x26 C:\Users\Troy Neubauer\AppData\Local\arduino15\packages\arduino\hardware\sam\1.6.11\variants\arduino_due_x/libsam_sam3x8e_gcc_rel.a(pio.o)
                0x00081356                PIO_SetPeripheral
 .text.PIO_SetInput
                0x0008137c       0x26 C:\Users\Troy Neubauer\AppData\Local\arduino15\packages\arduino\hardware\sam\1.6.11\variants\arduino_due_x/libsam_sam3x8e_gcc_rel.a(pio.o)
                0x0008137c                PIO_SetInput
 .text.PIO_SetOutput
                0x000813a2       0x24 C:\Users\Troy Neubauer\AppData\Local\arduino15\packages\arduino\hardware\sam\1.6.11\variants\arduino_due_x/libsam_sam3x8e_gcc_rel.a(pio.o)
                0x000813a2                PIO_SetOutput
 *fill*         0x000813c6        0x2 
 .text.PIO_Configure
                0x000813c8       0x64 C:\Users\Troy Neubauer\AppData\Local\arduino15\packages\arduino\hardware\sam\1.6.11\variants\arduino_due_x/libsam_sam3x8e_gcc_rel.a(pio.o)
                0x000813c8                PIO_Configure
 .text.PIO_GetOutputDataStatus
                0x0008142c       0x14 C:\Users\Troy Neubauer\AppData\Local\arduino15\packages\arduino\hardware\sam\1.6.11\variants\arduino_due_x/libsam_sam3x8e_gcc_rel.a(pio.o)
                0x0008142c                PIO_GetOutputDataStatus
 .text.pmc_enable_upll_clock
                0x00081440       0x14 C:\Users\Troy Neubauer\AppData\Local\arduino15\packages\arduino\hardware\sam\1.6.11\variants\arduino_due_x/libsam_sam3x8e_gcc_rel.a(pmc.o)
                0x00081440                pmc_enable_upll_clock
 .text.pmc_enable_periph_clk
                0x00081454       0x44 C:\Users\Troy Neubauer\AppData\Local\arduino15\packages\arduino\hardware\sam\1.6.11\variants\arduino_due_x/libsam_sam3x8e_gcc_rel.a(pmc.o)
                0x00081454                pmc_enable_periph_clk
 .text.pmc_disable_periph_clk
                0x00081498       0x40 C:\Users\Troy Neubauer\AppData\Local\arduino15\packages\arduino\hardware\sam\1.6.11\variants\arduino_due_x/libsam_sam3x8e_gcc_rel.a(pmc.o)
                0x00081498                pmc_disable_periph_clk
 .text.pmc_switch_udpck_to_upllck
                0x000814d8       0x14 C:\Users\Troy Neubauer\AppData\Local\arduino15\packages\arduino\hardware\sam\1.6.11\variants\arduino_due_x/libsam_sam3x8e_gcc_rel.a(pmc.o)
                0x000814d8                pmc_switch_udpck_to_upllck
 .text.pmc_enable_udpck
                0x000814ec        0xc C:\Users\Troy Neubauer\AppData\Local\arduino15\packages\arduino\hardware\sam\1.6.11\variants\arduino_due_x/libsam_sam3x8e_gcc_rel.a(pmc.o)
                0x000814ec                pmc_enable_udpck
 .text.SystemInit
                0x000814f8       0x88 C:\Users\Troy Neubauer\AppData\Local\arduino15\packages\arduino\hardware\sam\1.6.11\variants\arduino_due_x/libsam_sam3x8e_gcc_rel.a(system_sam3xa.o)
                0x000814f8                SystemInit
 .text.Reset_Handler
                0x00081580       0x78 C:\Users\Troy Neubauer\AppData\Local\arduino15\packages\arduino\hardware\sam\1.6.11\variants\arduino_due_x/libsam_sam3x8e_gcc_rel.a(startup_sam3xa.o)
                0x00081580                Reset_Handler
 .text.adc_init
                0x000815f8       0x98 C:\Users\Troy Neubauer\AppData\Local\arduino15\packages\arduino\hardware\sam\1.6.11\variants\arduino_due_x/libsam_sam3x8e_gcc_rel.a(adc.o)
                0x000815f8                adc_init
 .text.adc_configure_trigger
                0x00081690        0xe C:\Users\Troy Neubauer\AppData\Local\arduino15\packages\arduino\hardware\sam\1.6.11\variants\arduino_due_x/libsam_sam3x8e_gcc_rel.a(adc.o)
                0x00081690                adc_configure_trigger
 .text.adc_configure_timing
                0x0008169e       0x1a C:\Users\Troy Neubauer\AppData\Local\arduino15\packages\arduino\hardware\sam\1.6.11\variants\arduino_due_x/libsam_sam3x8e_gcc_rel.a(adc.o)
                0x0008169e                adc_configure_timing
 .text.adc_disable_channel
                0x000816b8        0xa C:\Users\Troy Neubauer\AppData\Local\arduino15\packages\arduino\hardware\sam\1.6.11\variants\arduino_due_x/libsam_sam3x8e_gcc_rel.a(adc.o)
                0x000816b8                adc_disable_channel
 .text.adc_disable_all_channel
                0x000816c2        0x8 C:\Users\Troy Neubauer\AppData\Local\arduino15\packages\arduino\hardware\sam\1.6.11\variants\arduino_due_x/libsam_sam3x8e_gcc_rel.a(adc.o)
                0x000816c2                adc_disable_all_channel
 .text.adc_disable_interrupt
                0x000816ca        0x4 C:\Users\Troy Neubauer\AppData\Local\arduino15\packages\arduino\hardware\sam\1.6.11\variants\arduino_due_x/libsam_sam3x8e_gcc_rel.a(adc.o)
                0x000816ca                adc_disable_interrupt
 *fill*         0x000816ce        0x2 
 .text.UOTGHS_Handler
                0x000816d0       0x10 C:\Users\Troy Neubauer\AppData\Local\arduino15\packages\arduino\hardware\sam\1.6.11\variants\arduino_due_x/libsam_sam3x8e_gcc_rel.a(uotghs.o)
                0x000816d0                UOTGHS_Handler
 .text.__halt   0x000816e0        0x2 C:\Users\Troy Neubauer\AppData\Local\Temp\VMBuilds\Rocketry 2018_2019\arduino_due_x_dbg\Debug/core.a(cortex_handlers.c.o)
                0x000816e0                DACC_Handler
                0x000816e0                DebugMon_Handler
                0x000816e0                DMAC_Handler
                0x000816e0                TRNG_Handler
                0x000816e0                HardFault_Handler
                0x000816e0                TC2_Handler
                0x000816e0                TWI1_Handler
                0x000816e0                NMI_Handler
                0x000816e0                TC7_Handler
                0x000816e0                ADC_Handler
                0x000816e0                SMC_Handler
                0x000816e0                RTT_Handler
                0x000816e0                EFC1_Handler
                0x000816e0                PIOB_Handler
                0x000816e0                RTC_Handler
                0x000816e0                UsageFault_Handler
                0x000816e0                TC6_Handler
                0x000816e0                WDT_Handler
                0x000816e0                CAN0_Handler
                0x000816e0                TC4_Handler
                0x000816e0                TC1_Handler
                0x000816e0                HSMCI_Handler
                0x000816e0                TC3_Handler
                0x000816e0                TWI0_Handler
                0x000816e0                PIOA_Handler
                0x000816e0                SSC_Handler
                0x000816e0                EFC0_Handler
                0x000816e0                PMC_Handler
                0x000816e0                PWM_Handler
                0x000816e0                CAN1_Handler
                0x000816e0                MemManage_Handler
                0x000816e0                SUPC_Handler
                0x000816e0                TC8_Handler
                0x000816e0                USART2_Handler
                0x000816e0                PIOD_Handler
                0x000816e0                EMAC_Handler
                0x000816e0                PIOC_Handler
                0x000816e0                BusFault_Handler
                0x000816e0                RSTC_Handler
                0x000816e0                TC0_Handler
                0x000816e0                TC5_Handler
                0x000816e0                SPI0_Handler
 .text.SVC_Handler
                0x000816e2        0x4 C:\Users\Troy Neubauer\AppData\Local\Temp\VMBuilds\Rocketry 2018_2019\arduino_due_x_dbg\Debug/core.a(cortex_handlers.c.o)
                0x000816e2                SVC_Handler
 .text.PendSV_Handler
                0x000816e6        0x4 C:\Users\Troy Neubauer\AppData\Local\Temp\VMBuilds\Rocketry 2018_2019\arduino_due_x_dbg\Debug/core.a(cortex_handlers.c.o)
                0x000816e6                PendSV_Handler
 .text.SysTick_Handler
                0x000816ea       0x16 C:\Users\Troy Neubauer\AppData\Local\Temp\VMBuilds\Rocketry 2018_2019\arduino_due_x_dbg\Debug/core.a(cortex_handlers.c.o)
                0x000816ea                SysTick_Handler
 .text.__empty  0x00081700        0x2 C:\Users\Troy Neubauer\AppData\Local\Temp\VMBuilds\Rocketry 2018_2019\arduino_due_x_dbg\Debug/core.a(hooks.c.o)
                0x00081700                yield
 .text.__false  0x00081702        0x4 C:\Users\Troy Neubauer\AppData\Local\Temp\VMBuilds\Rocketry 2018_2019\arduino_due_x_dbg\Debug/core.a(hooks.c.o)
                0x00081702                sysTickHook
 .text.__halt   0x00081706        0x2 C:\Users\Troy Neubauer\AppData\Local\Temp\VMBuilds\Rocketry 2018_2019\arduino_due_x_dbg\Debug/core.a(hooks.c.o)
                0x00081706                svcHook
                0x00081706                pendSVHook
 .text._sbrk    0x00081708       0x1c C:\Users\Troy Neubauer\AppData\Local\Temp\VMBuilds\Rocketry 2018_2019\arduino_due_x_dbg\Debug/core.a(syscalls_sam3.c.o)
                0x00081708                _sbrk
 .text.link     0x00081724        0x6 C:\Users\Troy Neubauer\AppData\Local\Temp\VMBuilds\Rocketry 2018_2019\arduino_due_x_dbg\Debug/core.a(syscalls_sam3.c.o)
                0x00081724                link
 .text._close   0x0008172a        0x6 C:\Users\Troy Neubauer\AppData\Local\Temp\VMBuilds\Rocketry 2018_2019\arduino_due_x_dbg\Debug/core.a(syscalls_sam3.c.o)
                0x0008172a                _close
 .text._fstat   0x00081730        0xa C:\Users\Troy Neubauer\AppData\Local\Temp\VMBuilds\Rocketry 2018_2019\arduino_due_x_dbg\Debug/core.a(syscalls_sam3.c.o)
                0x00081730                _fstat
 .text._isatty  0x0008173a        0x4 C:\Users\Troy Neubauer\AppData\Local\Temp\VMBuilds\Rocketry 2018_2019\arduino_due_x_dbg\Debug/core.a(syscalls_sam3.c.o)
                0x0008173a                _isatty
 .text._lseek   0x0008173e        0x4 C:\Users\Troy Neubauer\AppData\Local\Temp\VMBuilds\Rocketry 2018_2019\arduino_due_x_dbg\Debug/core.a(syscalls_sam3.c.o)
                0x0008173e                _lseek
 .text._read    0x00081742        0x4 C:\Users\Troy Neubauer\AppData\Local\Temp\VMBuilds\Rocketry 2018_2019\arduino_due_x_dbg\Debug/core.a(syscalls_sam3.c.o)
                0x00081742                _read
 *fill*         0x00081746        0x2 
 .text._write   0x00081748       0x24 C:\Users\Troy Neubauer\AppData\Local\Temp\VMBuilds\Rocketry 2018_2019\arduino_due_x_dbg\Debug/core.a(syscalls_sam3.c.o)
                0x00081748                _write
 .text._exit    0x0008176c       0x10 C:\Users\Troy Neubauer\AppData\Local\Temp\VMBuilds\Rocketry 2018_2019\arduino_due_x_dbg\Debug/core.a(syscalls_sam3.c.o)
                0x0008176c                _exit
 .text._kill    0x0008177c        0x2 C:\Users\Troy Neubauer\AppData\Local\Temp\VMBuilds\Rocketry 2018_2019\arduino_due_x_dbg\Debug/core.a(syscalls_sam3.c.o)
                0x0008177c                _kill
 .text._getpid  0x0008177e        0x6 C:\Users\Troy Neubauer\AppData\Local\Temp\VMBuilds\Rocketry 2018_2019\arduino_due_x_dbg\Debug/core.a(syscalls_sam3.c.o)
                0x0008177e                _getpid
 .text.millis   0x00081784        0x4 C:\Users\Troy Neubauer\AppData\Local\Temp\VMBuilds\Rocketry 2018_2019\arduino_due_x_dbg\Debug/core.a(wiring.c.o)
                0x00081784                millis
 .text.delay    0x00081788       0x1c C:\Users\Troy Neubauer\AppData\Local\Temp\VMBuilds\Rocketry 2018_2019\arduino_due_x_dbg\Debug/core.a(wiring.c.o)
                0x00081788                delay
 .text.analogOutputInit
                0x000817a4        0x2 C:\Users\Troy Neubauer\AppData\Local\Temp\VMBuilds\Rocketry 2018_2019\arduino_due_x_dbg\Debug/core.a(wiring_analog.c.o)
                0x000817a4                analogOutputInit
 *fill*         0x000817a6        0x2 
 .text.pinMode  0x000817a8      0x108 C:\Users\Troy Neubauer\AppData\Local\Temp\VMBuilds\Rocketry 2018_2019\arduino_due_x_dbg\Debug/core.a(wiring_digital.c.o)
                0x000817a8                pinMode
 .text.digitalWrite
                0x000818b0       0x70 C:\Users\Troy Neubauer\AppData\Local\Temp\VMBuilds\Rocketry 2018_2019\arduino_due_x_dbg\Debug/core.a(wiring_digital.c.o)
                0x000818b0                digitalWrite
 .text.initVariant
                0x00081920        0x2 C:\Users\Troy Neubauer\AppData\Local\Temp\VMBuilds\Rocketry 2018_2019\arduino_due_x_dbg\Debug/core.a(main.cpp.o)
                0x00081920                initVariant
 *fill*         0x00081922        0x2 
 .text.startup.main
                0x00081924       0x38 C:\Users\Troy Neubauer\AppData\Local\Temp\VMBuilds\Rocketry 2018_2019\arduino_due_x_dbg\Debug/core.a(main.cpp.o)
                0x00081924                main
 .text._ZN5Print5writeEPKhj
                0x0008195c       0x22 C:\Users\Troy Neubauer\AppData\Local\Temp\VMBuilds\Rocketry 2018_2019\arduino_due_x_dbg\Debug/core.a(Print.cpp.o)
                0x0008195c                Print::write(unsigned char const*, unsigned int)
 .text._ZN5Print5printEmi.part.3
                0x0008197e        0xc C:\Users\Troy Neubauer\AppData\Local\Temp\VMBuilds\Rocketry 2018_2019\arduino_due_x_dbg\Debug/core.a(Print.cpp.o)
 .text._ZN5Print5writeEPKc
                0x0008198a       0x1e C:\Users\Troy Neubauer\AppData\Local\Temp\VMBuilds\Rocketry 2018_2019\arduino_due_x_dbg\Debug/core.a(Print.cpp.o)
                0x0008198a                Print::write(char const*)
 .text._ZN5Print5printEPK19__FlashStringHelper
                0x000819a8        0x8 C:\Users\Troy Neubauer\AppData\Local\Temp\VMBuilds\Rocketry 2018_2019\arduino_due_x_dbg\Debug/core.a(Print.cpp.o)
                0x000819a8                Print::print(__FlashStringHelper const*)
 .text._ZN5Print5printEPKc
                0x000819b0        0x8 C:\Users\Troy Neubauer\AppData\Local\Temp\VMBuilds\Rocketry 2018_2019\arduino_due_x_dbg\Debug/core.a(Print.cpp.o)
                0x000819b0                Print::print(char const*)
 .text._ZN5Print5printEc
                0x000819b8        0xa C:\Users\Troy Neubauer\AppData\Local\Temp\VMBuilds\Rocketry 2018_2019\arduino_due_x_dbg\Debug/core.a(Print.cpp.o)
                0x000819b8                Print::print(char)
 *fill*         0x000819c2        0x2 
 .text._ZN5Print7printlnEv
                0x000819c4       0x10 C:\Users\Troy Neubauer\AppData\Local\Temp\VMBuilds\Rocketry 2018_2019\arduino_due_x_dbg\Debug/core.a(Print.cpp.o)
                0x000819c4                Print::println()
 .text._ZN5Print7printlnEPK19__FlashStringHelper
                0x000819d4       0x14 C:\Users\Troy Neubauer\AppData\Local\Temp\VMBuilds\Rocketry 2018_2019\arduino_due_x_dbg\Debug/core.a(Print.cpp.o)
                0x000819d4                Print::println(__FlashStringHelper const*)
 .text._ZN5Print7printlnEPKc
                0x000819e8       0x14 C:\Users\Troy Neubauer\AppData\Local\Temp\VMBuilds\Rocketry 2018_2019\arduino_due_x_dbg\Debug/core.a(Print.cpp.o)
                0x000819e8                Print::println(char const*)
 .text._ZN5Print11printNumberEmh
                0x000819fc       0x3e C:\Users\Troy Neubauer\AppData\Local\Temp\VMBuilds\Rocketry 2018_2019\arduino_due_x_dbg\Debug/core.a(Print.cpp.o)
                0x000819fc                Print::printNumber(unsigned long, unsigned char)
 .text._ZN5Print5printEli
                0x00081a3a       0x3c C:\Users\Troy Neubauer\AppData\Local\Temp\VMBuilds\Rocketry 2018_2019\arduino_due_x_dbg\Debug/core.a(Print.cpp.o)
                0x00081a3a                Print::print(long, int)
 .text._ZN5Print5printEii
                0x00081a76        0x4 C:\Users\Troy Neubauer\AppData\Local\Temp\VMBuilds\Rocketry 2018_2019\arduino_due_x_dbg\Debug/core.a(Print.cpp.o)
                0x00081a76                Print::print(int, int)
 .text._ZN5Print5printEmi
                0x00081a7a        0xc C:\Users\Troy Neubauer\AppData\Local\Temp\VMBuilds\Rocketry 2018_2019\arduino_due_x_dbg\Debug/core.a(Print.cpp.o)
                0x00081a7a                Print::print(unsigned long, int)
 .text._ZN5Print5printEhi
                0x00081a86        0x4 C:\Users\Troy Neubauer\AppData\Local\Temp\VMBuilds\Rocketry 2018_2019\arduino_due_x_dbg\Debug/core.a(Print.cpp.o)
                0x00081a86                Print::print(unsigned char, int)
 .text._ZN5Print7printlnEji
                0x00081a8a       0x14 C:\Users\Troy Neubauer\AppData\Local\Temp\VMBuilds\Rocketry 2018_2019\arduino_due_x_dbg\Debug/core.a(Print.cpp.o)
                0x00081a8a                Print::println(unsigned int, int)
 *fill*         0x00081a9e        0x2 
 .text.initiateReset
                0x00081aa0        0xc C:\Users\Troy Neubauer\AppData\Local\Temp\VMBuilds\Rocketry 2018_2019\arduino_due_x_dbg\Debug/core.a(Reset.cpp.o)
                0x00081aa0                initiateReset
 .text.cancelReset
                0x00081aac       0x10 C:\Users\Troy Neubauer\AppData\Local\Temp\VMBuilds\Rocketry 2018_2019\arduino_due_x_dbg\Debug/core.a(Reset.cpp.o)
                0x00081aac                cancelReset
 .text.tickReset
                0x00081abc       0x20 C:\Users\Troy Neubauer\AppData\Local\Temp\VMBuilds\Rocketry 2018_2019\arduino_due_x_dbg\Debug/core.a(Reset.cpp.o)
                0x00081abc                tickReset
 .text._ZN10RingBufferC2Ev
                0x00081adc       0x1a C:\Users\Troy Neubauer\AppData\Local\Temp\VMBuilds\Rocketry 2018_2019\arduino_due_x_dbg\Debug/core.a(RingBuffer.cpp.o)
                0x00081adc                RingBuffer::RingBuffer()
                0x00081adc                RingBuffer::RingBuffer()
 .text._ZN10RingBuffer10store_charEh
                0x00081af6       0x1e C:\Users\Troy Neubauer\AppData\Local\Temp\VMBuilds\Rocketry 2018_2019\arduino_due_x_dbg\Debug/core.a(RingBuffer.cpp.o)
                0x00081af6                RingBuffer::store_char(unsigned char)
 .text._ZN9UARTClasscvbEv
                0x00081b14        0x4 C:\Users\Troy Neubauer\AppData\Local\Temp\VMBuilds\Rocketry 2018_2019\arduino_due_x_dbg\Debug/core.a(UARTClass.cpp.o)
                0x00081b14                UARTClass::operator bool()
 .text._ZN9UARTClass9availableEv
                0x00081b18       0x12 C:\Users\Troy Neubauer\AppData\Local\Temp\VMBuilds\Rocketry 2018_2019\arduino_due_x_dbg\Debug/core.a(UARTClass.cpp.o)
                0x00081b18                UARTClass::available()
 .text._ZN9UARTClass4peekEv
                0x00081b2a       0x1c C:\Users\Troy Neubauer\AppData\Local\Temp\VMBuilds\Rocketry 2018_2019\arduino_due_x_dbg\Debug/core.a(UARTClass.cpp.o)
                0x00081b2a                UARTClass::peek()
 .text._ZN9UARTClass4readEv
                0x00081b46       0x2a C:\Users\Troy Neubauer\AppData\Local\Temp\VMBuilds\Rocketry 2018_2019\arduino_due_x_dbg\Debug/core.a(UARTClass.cpp.o)
                0x00081b46                UARTClass::read()
 .text._ZN9UARTClass5flushEv
                0x00081b70       0x18 C:\Users\Troy Neubauer\AppData\Local\Temp\VMBuilds\Rocketry 2018_2019\arduino_due_x_dbg\Debug/core.a(UARTClass.cpp.o)
                0x00081b70                UARTClass::flush()
 .text._ZN9UARTClass5writeEh
                0x00081b88       0x54 C:\Users\Troy Neubauer\AppData\Local\Temp\VMBuilds\Rocketry 2018_2019\arduino_due_x_dbg\Debug/core.a(UARTClass.cpp.o)
                0x00081b88                UARTClass::write(unsigned char)
 .text._ZN9UARTClass3endEv
                0x00081bdc       0x3c C:\Users\Troy Neubauer\AppData\Local\Temp\VMBuilds\Rocketry 2018_2019\arduino_due_x_dbg\Debug/core.a(UARTClass.cpp.o)
                0x00081bdc                UARTClass::end()
 .text._ZN9UARTClassC2EP4Uart4IRQnmP10RingBufferS4_
                0x00081c18       0x24 C:\Users\Troy Neubauer\AppData\Local\Temp\VMBuilds\Rocketry 2018_2019\arduino_due_x_dbg\Debug/core.a(UARTClass.cpp.o)
                0x00081c18                UARTClass::UARTClass(Uart*, IRQn, unsigned long, RingBuffer*, RingBuffer*)
                0x00081c18                UARTClass::UARTClass(Uart*, IRQn, unsigned long, RingBuffer*, RingBuffer*)
 .text._ZN9UARTClass4initEmm
                0x00081c3c       0x70 C:\Users\Troy Neubauer\AppData\Local\Temp\VMBuilds\Rocketry 2018_2019\arduino_due_x_dbg\Debug/core.a(UARTClass.cpp.o)
                0x00081c3c                UARTClass::init(unsigned long, unsigned long)
 .text._ZN9UARTClass5beginEm
                0x00081cac        0x8 C:\Users\Troy Neubauer\AppData\Local\Temp\VMBuilds\Rocketry 2018_2019\arduino_due_x_dbg\Debug/core.a(UARTClass.cpp.o)
                0x00081cac                UARTClass::begin(unsigned long)
 .text._ZN9UARTClass10IrqHandlerEv
                0x00081cb4       0x5a C:\Users\Troy Neubauer\AppData\Local\Temp\VMBuilds\Rocketry 2018_2019\arduino_due_x_dbg\Debug/core.a(UARTClass.cpp.o)
                0x00081cb4                UARTClass::IrqHandler()
 .text._ZN10USARTClass5beginEm
                0x00081d0e        0x8 C:\Users\Troy Neubauer\AppData\Local\Temp\VMBuilds\Rocketry 2018_2019\arduino_due_x_dbg\Debug/core.a(USARTClass.cpp.o)
                0x00081d0e                USARTClass::begin(unsigned long)
 *fill*         0x00081d16        0x2 
 .text._ZN10USARTClassC2EP5Usart4IRQnmP10RingBufferS4_
                0x00081d18       0x24 C:\Users\Troy Neubauer\AppData\Local\Temp\VMBuilds\Rocketry 2018_2019\arduino_due_x_dbg\Debug/core.a(USARTClass.cpp.o)
                0x00081d18                USARTClass::USARTClass(Usart*, IRQn, unsigned long, RingBuffer*, RingBuffer*)
                0x00081d18                USARTClass::USARTClass(Usart*, IRQn, unsigned long, RingBuffer*, RingBuffer*)
 .text._watchdogDefaultSetup
                0x00081d3c        0xc C:\Users\Troy Neubauer\AppData\Local\Temp\VMBuilds\Rocketry 2018_2019\arduino_due_x_dbg\Debug/core.a(watchdog.cpp.o)
                0x00081d3c                _watchdogDefaultSetup
                0x00081d3c                watchdogSetup()
 .text.unlikely._ZL11USB_SendZlpv
                0x00081d48       0x20 C:\Users\Troy Neubauer\AppData\Local\Temp\VMBuilds\Rocketry 2018_2019\arduino_due_x_dbg\Debug/core.a(USBCore.cpp.o)
 .text._Z14USBD_Availablem
                0x00081d68       0x2c C:\Users\Troy Neubauer\AppData\Local\Temp\VMBuilds\Rocketry 2018_2019\arduino_due_x_dbg\Debug/core.a(USBCore.cpp.o)
                0x00081d68                USBD_Available(unsigned long)
 .text._Z9USBD_RecvmPvm
                0x00081d94       0x7c C:\Users\Troy Neubauer\AppData\Local\Temp\VMBuilds\Rocketry 2018_2019\arduino_due_x_dbg\Debug/core.a(USBCore.cpp.o)
                0x00081d94                USBD_Recv(unsigned long, void*, unsigned long)
 .text._Z9USBD_Recvm
                0x00081e10       0x22 C:\Users\Troy Neubauer\AppData\Local\Temp\VMBuilds\Rocketry 2018_2019\arduino_due_x_dbg\Debug/core.a(USBCore.cpp.o)
                0x00081e10                USBD_Recv(unsigned long)
 *fill*         0x00081e32        0x2 
 .text._Z9USBD_SendmPKvm
                0x00081e34       0x4c C:\Users\Troy Neubauer\AppData\Local\Temp\VMBuilds\Rocketry 2018_2019\arduino_due_x_dbg\Debug/core.a(USBCore.cpp.o)
                0x00081e34                USBD_Send(unsigned long, void const*, unsigned long)
 .text._Z16USBD_SendControlhPKvm
                0x00081e80       0x40 C:\Users\Troy Neubauer\AppData\Local\Temp\VMBuilds\Rocketry 2018_2019\arduino_due_x_dbg\Debug/core.a(USBCore.cpp.o)
                0x00081e80                USBD_SendControl(unsigned char, void const*, unsigned long)
 .text.unlikely._ZL24USB_SendStringDescriptorPKhi
                0x00081ec0       0x64 C:\Users\Troy Neubauer\AppData\Local\Temp\VMBuilds\Rocketry 2018_2019\arduino_due_x_dbg\Debug/core.a(USBCore.cpp.o)
 .text._Z16USBD_RecvControlPvm
                0x00081f24       0x1c C:\Users\Troy Neubauer\AppData\Local\Temp\VMBuilds\Rocketry 2018_2019\arduino_due_x_dbg\Debug/core.a(USBCore.cpp.o)
                0x00081f24                USBD_RecvControl(void*, unsigned long)
 .text._Z26USBD_ClassInterfaceRequestR8USBSetup
                0x00081f40       0x1e C:\Users\Troy Neubauer\AppData\Local\Temp\VMBuilds\Rocketry 2018_2019\arduino_due_x_dbg\Debug/core.a(USBCore.cpp.o)
                0x00081f40                USBD_ClassInterfaceRequest(USBSetup&)
 .text._Z19USBD_SendInterfacesv
                0x00081f5e       0x22 C:\Users\Troy Neubauer\AppData\Local\Temp\VMBuilds\Rocketry 2018_2019\arduino_due_x_dbg\Debug/core.a(USBCore.cpp.o)
                0x00081f5e                USBD_SendInterfaces()
 .text._Z24USBD_SendOtherInterfacesv
                0x00081f80       0x22 C:\Users\Troy Neubauer\AppData\Local\Temp\VMBuilds\Rocketry 2018_2019\arduino_due_x_dbg\Debug/core.a(USBCore.cpp.o)
                0x00081f80                USBD_SendOtherInterfaces()
 .text._Z10USBD_Flushm
                0x00081fa2       0x16 C:\Users\Troy Neubauer\AppData\Local\Temp\VMBuilds\Rocketry 2018_2019\arduino_due_x_dbg\Debug/core.a(USBCore.cpp.o)
                0x00081fa2                USBD_Flush(unsigned long)
 .text._ZN10USBDevice_C2Ev
                0x00081fb8       0x24 C:\Users\Troy Neubauer\AppData\Local\Temp\VMBuilds\Rocketry 2018_2019\arduino_due_x_dbg\Debug/core.a(USBCore.cpp.o)
                0x00081fb8                USBDevice_::USBDevice_()
                0x00081fb8                USBDevice_::USBDevice_()
 .text._ZN10USBDevice_6attachEv
                0x00081fdc       0x20 C:\Users\Troy Neubauer\AppData\Local\Temp\VMBuilds\Rocketry 2018_2019\arduino_due_x_dbg\Debug/core.a(USBCore.cpp.o)
                0x00081fdc                USBDevice_::attach()
 .text.startup._GLOBAL__sub_I_EndPoints
                0x00081ffc        0xc C:\Users\Troy Neubauer\AppData\Local\Temp\VMBuilds\Rocketry 2018_2019\arduino_due_x_dbg\Debug/core.a(USBCore.cpp.o)
 .text._ZL7USB_ISRv
                0x00082008      0x454 C:\Users\Troy Neubauer\AppData\Local\Temp\VMBuilds\Rocketry 2018_2019\arduino_due_x_dbg\Debug/core.a(USBCore.cpp.o)
 .text._ZN7Serial_9availableEv
                0x0008245c       0x18 C:\Users\Troy Neubauer\AppData\Local\Temp\VMBuilds\Rocketry 2018_2019\arduino_due_x_dbg\Debug/core.a(CDC.cpp.o)
                0x0008245c                Serial_::available()
 .text._ZN7Serial_17availableForWriteEv
                0x00082474        0x6 C:\Users\Troy Neubauer\AppData\Local\Temp\VMBuilds\Rocketry 2018_2019\arduino_due_x_dbg\Debug/core.a(CDC.cpp.o)
                0x00082474                Serial_::availableForWrite()
 *fill*         0x0008247a        0x2 
 .text._ZN7Serial_4peekEv
                0x0008247c       0x20 C:\Users\Troy Neubauer\AppData\Local\Temp\VMBuilds\Rocketry 2018_2019\arduino_due_x_dbg\Debug/core.a(CDC.cpp.o)
                0x0008247c                Serial_::peek()
 .text._ZN7Serial_5writeEh
                0x0008249c       0x16 C:\Users\Troy Neubauer\AppData\Local\Temp\VMBuilds\Rocketry 2018_2019\arduino_due_x_dbg\Debug/core.a(CDC.cpp.o)
                0x0008249c                Serial_::write(unsigned char)
 *fill*         0x000824b2        0x2 
 .text._ZN7Serial_4readEv
                0x000824b4       0x44 C:\Users\Troy Neubauer\AppData\Local\Temp\VMBuilds\Rocketry 2018_2019\arduino_due_x_dbg\Debug/core.a(CDC.cpp.o)
                0x000824b4                Serial_::read()
 .text._ZN7Serial_5flushEv
                0x000824f8        0x6 C:\Users\Troy Neubauer\AppData\Local\Temp\VMBuilds\Rocketry 2018_2019\arduino_due_x_dbg\Debug/core.a(CDC.cpp.o)
                0x000824f8                Serial_::flush()
 *fill*         0x000824fe        0x2 
 .text._ZN7Serial_6acceptEv
                0x00082500       0x70 C:\Users\Troy Neubauer\AppData\Local\Temp\VMBuilds\Rocketry 2018_2019\arduino_due_x_dbg\Debug/core.a(CDC.cpp.o)
                0x00082500                Serial_::accept()
 .text._ZN7Serial_5writeEPKhj
                0x00082570       0x2c C:\Users\Troy Neubauer\AppData\Local\Temp\VMBuilds\Rocketry 2018_2019\arduino_due_x_dbg\Debug/core.a(CDC.cpp.o)
                0x00082570                Serial_::write(unsigned char const*, unsigned int)
 .text._Z16CDC_GetInterfacePh
                0x0008259c       0x14 C:\Users\Troy Neubauer\AppData\Local\Temp\VMBuilds\Rocketry 2018_2019\arduino_due_x_dbg\Debug/core.a(CDC.cpp.o)
                0x0008259c                CDC_GetInterface(unsigned char*)
 .text._Z21CDC_GetOtherInterfacePh
                0x000825b0       0x14 C:\Users\Troy Neubauer\AppData\Local\Temp\VMBuilds\Rocketry 2018_2019\arduino_due_x_dbg\Debug/core.a(CDC.cpp.o)
                0x000825b0                CDC_GetOtherInterface(unsigned char*)
 .text._Z9CDC_SetupR8USBSetup
                0x000825c4       0x78 C:\Users\Troy Neubauer\AppData\Local\Temp\VMBuilds\Rocketry 2018_2019\arduino_due_x_dbg\Debug/core.a(CDC.cpp.o)
                0x000825c4                CDC_Setup(USBSetup&)
 .text.startup._GLOBAL__sub_I_cdc_rx_buffer
                0x0008263c       0x1c C:\Users\Troy Neubauer\AppData\Local\Temp\VMBuilds\Rocketry 2018_2019\arduino_due_x_dbg\Debug/core.a(CDC.cpp.o)
 .text._ZN13PluggableUSB_12getInterfaceEPh
                0x00082658       0x28 C:\Users\Troy Neubauer\AppData\Local\Temp\VMBuilds\Rocketry 2018_2019\arduino_due_x_dbg\Debug/core.a(PluggableUSB.cpp.o)
                0x00082658                PluggableUSB_::getInterface(unsigned char*)
 .text._ZN13PluggableUSB_13getDescriptorER8USBSetup
                0x00082680       0x1c C:\Users\Troy Neubauer\AppData\Local\Temp\VMBuilds\Rocketry 2018_2019\arduino_due_x_dbg\Debug/core.a(PluggableUSB.cpp.o)
                0x00082680                PluggableUSB_::getDescriptor(USBSetup&)
 .text._ZN13PluggableUSB_12getShortNameEPc
                0x0008269c       0x1c C:\Users\Troy Neubauer\AppData\Local\Temp\VMBuilds\Rocketry 2018_2019\arduino_due_x_dbg\Debug/core.a(PluggableUSB.cpp.o)
                0x0008269c                PluggableUSB_::getShortName(char*)
 .text._ZN13PluggableUSB_5setupER8USBSetup
                0x000826b8       0x20 C:\Users\Troy Neubauer\AppData\Local\Temp\VMBuilds\Rocketry 2018_2019\arduino_due_x_dbg\Debug/core.a(PluggableUSB.cpp.o)
                0x000826b8                PluggableUSB_::setup(USBSetup&)
 .text._Z12PluggableUSBv
                0x000826d8       0x28 C:\Users\Troy Neubauer\AppData\Local\Temp\VMBuilds\Rocketry 2018_2019\arduino_due_x_dbg\Debug/core.a(PluggableUSB.cpp.o)
                0x000826d8                PluggableUSB()
 .text.TimeTick_Increment
                0x00082700       0x10 C:\Users\Troy Neubauer\AppData\Local\arduino15\packages\arduino\hardware\sam\1.6.11\variants\arduino_due_x/libsam_sam3x8e_gcc_rel.a(timetick.o)
                0x00082700                TimeTick_Increment
 .text.GetTickCount
                0x00082710        0xc C:\Users\Troy Neubauer\AppData\Local\arduino15\packages\arduino\hardware\sam\1.6.11\variants\arduino_due_x/libsam_sam3x8e_gcc_rel.a(timetick.o)
                0x00082710                GetTickCount
 .text.WDT_Disable
                0x0008271c        0x8 C:\Users\Troy Neubauer\AppData\Local\arduino15\packages\arduino\hardware\sam\1.6.11\variants\arduino_due_x/libsam_sam3x8e_gcc_rel.a(wdt.o)
                0x0008271c                WDT_Disable
 .text.UDD_SetStack
                0x00082724        0xc C:\Users\Troy Neubauer\AppData\Local\arduino15\packages\arduino\hardware\sam\1.6.11\variants\arduino_due_x/libsam_sam3x8e_gcc_rel.a(uotghs_device.o)
                0x00082724                UDD_SetStack
 .text.UDD_Init
                0x00082730       0xd0 C:\Users\Troy Neubauer\AppData\Local\arduino15\packages\arduino\hardware\sam\1.6.11\variants\arduino_due_x/libsam_sam3x8e_gcc_rel.a(uotghs_device.o)
                0x00082730                UDD_Init
 .text.UDD_Attach
                0x00082800       0x50 C:\Users\Troy Neubauer\AppData\Local\arduino15\packages\arduino\hardware\sam\1.6.11\variants\arduino_due_x/libsam_sam3x8e_gcc_rel.a(uotghs_device.o)
                0x00082800                UDD_Attach
 .text.UDD_InitEP
                0x00082850       0x2c C:\Users\Troy Neubauer\AppData\Local\arduino15\packages\arduino\hardware\sam\1.6.11\variants\arduino_due_x/libsam_sam3x8e_gcc_rel.a(uotghs_device.o)
                0x00082850                UDD_InitEP
 .text.UDD_InitEndpoints
                0x0008287c       0x3c C:\Users\Troy Neubauer\AppData\Local\arduino15\packages\arduino\hardware\sam\1.6.11\variants\arduino_due_x/libsam_sam3x8e_gcc_rel.a(uotghs_device.o)
                0x0008287c                UDD_InitEndpoints
 .text.UDD_WaitIN
                0x000828b8       0x10 C:\Users\Troy Neubauer\AppData\Local\arduino15\packages\arduino\hardware\sam\1.6.11\variants\arduino_due_x/libsam_sam3x8e_gcc_rel.a(uotghs_device.o)
                0x000828b8                UDD_WaitIN
 .text.UDD_WaitOUT
                0x000828c8       0x10 C:\Users\Troy Neubauer\AppData\Local\arduino15\packages\arduino\hardware\sam\1.6.11\variants\arduino_due_x/libsam_sam3x8e_gcc_rel.a(uotghs_device.o)
                0x000828c8                UDD_WaitOUT
 .text.UDD_ClearIN
                0x000828d8       0x18 C:\Users\Troy Neubauer\AppData\Local\arduino15\packages\arduino\hardware\sam\1.6.11\variants\arduino_due_x/libsam_sam3x8e_gcc_rel.a(uotghs_device.o)
                0x000828d8                UDD_ClearIN
 .text.UDD_ClearOUT
                0x000828f0       0x18 C:\Users\Troy Neubauer\AppData\Local\arduino15\packages\arduino\hardware\sam\1.6.11\variants\arduino_due_x/libsam_sam3x8e_gcc_rel.a(uotghs_device.o)
                0x000828f0                UDD_ClearOUT
 .text.UDD_ReceivedSetupInt
                0x00082908       0x10 C:\Users\Troy Neubauer\AppData\Local\arduino15\packages\arduino\hardware\sam\1.6.11\variants\arduino_due_x/libsam_sam3x8e_gcc_rel.a(uotghs_device.o)
                0x00082908                UDD_ReceivedSetupInt
 .text.UDD_ClearSetupInt
                0x00082918       0x10 C:\Users\Troy Neubauer\AppData\Local\arduino15\packages\arduino\hardware\sam\1.6.11\variants\arduino_due_x/libsam_sam3x8e_gcc_rel.a(uotghs_device.o)
                0x00082918                UDD_ClearSetupInt
 .text.UDD_Send
                0x00082928       0x88 C:\Users\Troy Neubauer\AppData\Local\arduino15\packages\arduino\hardware\sam\1.6.11\variants\arduino_due_x/libsam_sam3x8e_gcc_rel.a(uotghs_device.o)
                0x00082928                UDD_Send
 .text.UDD_Send8
                0x000829b0       0x24 C:\Users\Troy Neubauer\AppData\Local\arduino15\packages\arduino\hardware\sam\1.6.11\variants\arduino_due_x/libsam_sam3x8e_gcc_rel.a(uotghs_device.o)
                0x000829b0                UDD_Send8
 .text.UDD_Recv8
                0x000829d4       0x28 C:\Users\Troy Neubauer\AppData\Local\arduino15\packages\arduino\hardware\sam\1.6.11\variants\arduino_due_x/libsam_sam3x8e_gcc_rel.a(uotghs_device.o)
                0x000829d4                UDD_Recv8
 .text.UDD_Recv
                0x000829fc       0x34 C:\Users\Troy Neubauer\AppData\Local\arduino15\packages\arduino\hardware\sam\1.6.11\variants\arduino_due_x/libsam_sam3x8e_gcc_rel.a(uotghs_device.o)
                0x000829fc                UDD_Recv
 .text.UDD_Stall
                0x00082a30       0x14 C:\Users\Troy Neubauer\AppData\Local\arduino15\packages\arduino\hardware\sam\1.6.11\variants\arduino_due_x/libsam_sam3x8e_gcc_rel.a(uotghs_device.o)
                0x00082a30                UDD_Stall
 .text.UDD_FifoByteCount
                0x00082a44       0x14 C:\Users\Troy Neubauer\AppData\Local\arduino15\packages\arduino\hardware\sam\1.6.11\variants\arduino_due_x/libsam_sam3x8e_gcc_rel.a(uotghs_device.o)
                0x00082a44                UDD_FifoByteCount
 .text.UDD_ReleaseRX
                0x00082a58       0x28 C:\Users\Troy Neubauer\AppData\Local\arduino15\packages\arduino\hardware\sam\1.6.11\variants\arduino_due_x/libsam_sam3x8e_gcc_rel.a(uotghs_device.o)
                0x00082a58                UDD_ReleaseRX
 .text.UDD_ReleaseTX
                0x00082a80       0x28 C:\Users\Troy Neubauer\AppData\Local\arduino15\packages\arduino\hardware\sam\1.6.11\variants\arduino_due_x/libsam_sam3x8e_gcc_rel.a(uotghs_device.o)
                0x00082a80                UDD_ReleaseTX
 .text.UDD_SetAddress
                0x00082aa8       0x20 C:\Users\Troy Neubauer\AppData\Local\arduino15\packages\arduino\hardware\sam\1.6.11\variants\arduino_due_x/libsam_sam3x8e_gcc_rel.a(uotghs_device.o)
                0x00082aa8                UDD_SetAddress
 .text.__libc_init_array
                0x00082ac8       0x50 c:/users/troy neubauer/appdata/local/arduino15/packages/arduino/tools/arm-none-eabi-gcc/4.8.3-2014q1/bin/../lib/gcc/arm-none-eabi/4.8.3/../../../../arm-none-eabi/lib/armv7-m\libg.a(lib_a-init.o)
                0x00082ac8                __libc_init_array
 .text.iprintf  0x00082b18       0x28 c:/users/troy neubauer/appdata/local/arduino15/packages/arduino/tools/arm-none-eabi-gcc/4.8.3-2014q1/bin/../lib/gcc/arm-none-eabi/4.8.3/../../../../arm-none-eabi/lib/armv7-m\libg.a(lib_a-iprintf.o)
                0x00082b18                iprintf
 .text.memset   0x00082b40       0x94 c:/users/troy neubauer/appdata/local/arduino15/packages/arduino/tools/arm-none-eabi-gcc/4.8.3-2014q1/bin/../lib/gcc/arm-none-eabi/4.8.3/../../../../arm-none-eabi/lib/armv7-m\libg.a(lib_a-memset.o)
                0x00082b40                memset
 .text.strlen   0x00082bd4       0x60 c:/users/troy neubauer/appdata/local/arduino15/packages/arduino/tools/arm-none-eabi-gcc/4.8.3-2014q1/bin/../lib/gcc/arm-none-eabi/4.8.3/../../../../arm-none-eabi/lib/armv7-m\libg.a(lib_a-strlen.o)
                0x00082bd4                strlen
 .text.kill     0x00082c34       0x10 c:/users/troy neubauer/appdata/local/arduino15/packages/arduino/tools/arm-none-eabi-gcc/4.8.3-2014q1/bin/../lib/gcc/arm-none-eabi/4.8.3/../../../../arm-none-eabi/lib/armv7-m\libg.a(lib_a-syskill.o)
                0x00082c34                kill
 .text.__sprint_r.part.0
                0x00082c44       0x78 c:/users/troy neubauer/appdata/local/arduino15/packages/arduino/tools/arm-none-eabi-gcc/4.8.3-2014q1/bin/../lib/gcc/arm-none-eabi/4.8.3/../../../../arm-none-eabi/lib/armv7-m\libg.a(lib_a-vfiprintf.o)
 .text._vfiprintf_r
                0x00082cbc      0xc54 c:/users/troy neubauer/appdata/local/arduino15/packages/arduino/tools/arm-none-eabi-gcc/4.8.3-2014q1/bin/../lib/gcc/arm-none-eabi/4.8.3/../../../../arm-none-eabi/lib/armv7-m\libg.a(lib_a-vfiprintf.o)
                0x00082cbc                _vfiprintf_r
 .text.__sbprintf
                0x00083910       0x7c c:/users/troy neubauer/appdata/local/arduino15/packages/arduino/tools/arm-none-eabi-gcc/4.8.3-2014q1/bin/../lib/gcc/arm-none-eabi/4.8.3/../../../../arm-none-eabi/lib/armv7-m\libg.a(lib_a-vfiprintf.o)
 .text.__swsetup_r
                0x0008398c       0xc4 c:/users/troy neubauer/appdata/local/arduino15/packages/arduino/tools/arm-none-eabi-gcc/4.8.3-2014q1/bin/../lib/gcc/arm-none-eabi/4.8.3/../../../../arm-none-eabi/lib/armv7-m\libg.a(lib_a-wsetup.o)
                0x0008398c                __swsetup_r
 .text.startup.register_fini
                0x00083a50       0x14 c:/users/troy neubauer/appdata/local/arduino15/packages/arduino/tools/arm-none-eabi-gcc/4.8.3-2014q1/bin/../lib/gcc/arm-none-eabi/4.8.3/../../../../arm-none-eabi/lib/armv7-m\libg.a(lib_a-__call_atexit.o)
 .text.atexit   0x00083a64        0xc c:/users/troy neubauer/appdata/local/arduino15/packages/arduino/tools/arm-none-eabi-gcc/4.8.3-2014q1/bin/../lib/gcc/arm-none-eabi/4.8.3/../../../../arm-none-eabi/lib/armv7-m\libg.a(lib_a-atexit.o)
                0x00083a64                atexit
 .text.__sflush_r
                0x00083a70      0x148 c:/users/troy neubauer/appdata/local/arduino15/packages/arduino/tools/arm-none-eabi-gcc/4.8.3-2014q1/bin/../lib/gcc/arm-none-eabi/4.8.3/../../../../arm-none-eabi/lib/armv7-m\libg.a(lib_a-fflush.o)
                0x00083a70                __sflush_r
 .text._fflush_r
                0x00083bb8       0x2c c:/users/troy neubauer/appdata/local/arduino15/packages/arduino/tools/arm-none-eabi-gcc/4.8.3-2014q1/bin/../lib/gcc/arm-none-eabi/4.8.3/../../../../arm-none-eabi/lib/armv7-m\libg.a(lib_a-fflush.o)
                0x00083bb8                _fflush_r
 .text._cleanup_r
                0x00083be4        0xc c:/users/troy neubauer/appdata/local/arduino15/packages/arduino/tools/arm-none-eabi-gcc/4.8.3-2014q1/bin/../lib/gcc/arm-none-eabi/4.8.3/../../../../arm-none-eabi/lib/armv7-m\libg.a(lib_a-findfp.o)
                0x00083be4                _cleanup_r
 .text.__sinit  0x00083bf0       0xf4 c:/users/troy neubauer/appdata/local/arduino15/packages/arduino/tools/arm-none-eabi-gcc/4.8.3-2014q1/bin/../lib/gcc/arm-none-eabi/4.8.3/../../../../arm-none-eabi/lib/armv7-m\libg.a(lib_a-findfp.o)
                0x00083bf0                __sinit
 .text.__sfp_lock_acquire
                0x00083ce4        0x4 c:/users/troy neubauer/appdata/local/arduino15/packages/arduino/tools/arm-none-eabi-gcc/4.8.3-2014q1/bin/../lib/gcc/arm-none-eabi/4.8.3/../../../../arm-none-eabi/lib/armv7-m\libg.a(lib_a-findfp.o)
                0x00083ce4                __sfp_lock_acquire
 .text.__sfp_lock_release
                0x00083ce8        0x4 c:/users/troy neubauer/appdata/local/arduino15/packages/arduino/tools/arm-none-eabi-gcc/4.8.3-2014q1/bin/../lib/gcc/arm-none-eabi/4.8.3/../../../../arm-none-eabi/lib/armv7-m\libg.a(lib_a-findfp.o)
                0x00083ce8                __sfp_lock_release
 .text.__libc_fini_array
                0x00083cec       0x30 c:/users/troy neubauer/appdata/local/arduino15/packages/arduino/tools/arm-none-eabi-gcc/4.8.3-2014q1/bin/../lib/gcc/arm-none-eabi/4.8.3/../../../../arm-none-eabi/lib/armv7-m\libg.a(lib_a-fini.o)
                0x00083cec                __libc_fini_array
 .text._fputwc_r
                0x00083d1c       0xc0 c:/users/troy neubauer/appdata/local/arduino15/packages/arduino/tools/arm-none-eabi-gcc/4.8.3-2014q1/bin/../lib/gcc/arm-none-eabi/4.8.3/../../../../arm-none-eabi/lib/armv7-m\libg.a(lib_a-fputwc.o)
                0x00083d1c                _fputwc_r
 .text._malloc_trim_r
                0x00083ddc       0x9c c:/users/troy neubauer/appdata/local/arduino15/packages/arduino/tools/arm-none-eabi-gcc/4.8.3-2014q1/bin/../lib/gcc/arm-none-eabi/4.8.3/../../../../arm-none-eabi/lib/armv7-m\libg.a(lib_a-freer.o)
                0x00083ddc                _malloc_trim_r
 .text._free_r  0x00083e78      0x198 c:/users/troy neubauer/appdata/local/arduino15/packages/arduino/tools/arm-none-eabi-gcc/4.8.3-2014q1/bin/../lib/gcc/arm-none-eabi/4.8.3/../../../../arm-none-eabi/lib/armv7-m\libg.a(lib_a-freer.o)
                0x00083e78                _free_r
 .text.__sfvwrite_r
                0x00084010      0x314 c:/users/troy neubauer/appdata/local/arduino15/packages/arduino/tools/arm-none-eabi-gcc/4.8.3-2014q1/bin/../lib/gcc/arm-none-eabi/4.8.3/../../../../arm-none-eabi/lib/armv7-m\libg.a(lib_a-fvwrite.o)
                0x00084010                __sfvwrite_r
 .text._fwalk   0x00084324       0x48 c:/users/troy neubauer/appdata/local/arduino15/packages/arduino/tools/arm-none-eabi-gcc/4.8.3-2014q1/bin/../lib/gcc/arm-none-eabi/4.8.3/../../../../arm-none-eabi/lib/armv7-m\libg.a(lib_a-fwalk.o)
                0x00084324                _fwalk
 .text.__locale_charset
                0x0008436c        0x8 c:/users/troy neubauer/appdata/local/arduino15/packages/arduino/tools/arm-none-eabi-gcc/4.8.3-2014q1/bin/../lib/gcc/arm-none-eabi/4.8.3/../../../../arm-none-eabi/lib/armv7-m\libg.a(lib_a-locale.o)
                0x0008436c                __locale_charset
 .text.__locale_mb_cur_max
                0x00084374        0xc c:/users/troy neubauer/appdata/local/arduino15/packages/arduino/tools/arm-none-eabi-gcc/4.8.3-2014q1/bin/../lib/gcc/arm-none-eabi/4.8.3/../../../../arm-none-eabi/lib/armv7-m\libg.a(lib_a-locale.o)
                0x00084374                __locale_mb_cur_max
 .text.__smakebuf_r
                0x00084380       0xe0 c:/users/troy neubauer/appdata/local/arduino15/packages/arduino/tools/arm-none-eabi-gcc/4.8.3-2014q1/bin/../lib/gcc/arm-none-eabi/4.8.3/../../../../arm-none-eabi/lib/armv7-m\libg.a(lib_a-makebuf.o)
                0x00084380                __smakebuf_r
 .text._malloc_r
                0x00084460      0x538 c:/users/troy neubauer/appdata/local/arduino15/packages/arduino/tools/arm-none-eabi-gcc/4.8.3-2014q1/bin/../lib/gcc/arm-none-eabi/4.8.3/../../../../arm-none-eabi/lib/armv7-m\libg.a(lib_a-mallocr.o)
                0x00084460                _malloc_r
 .text.memchr   0x00084998       0x94 c:/users/troy neubauer/appdata/local/arduino15/packages/arduino/tools/arm-none-eabi-gcc/4.8.3-2014q1/bin/../lib/gcc/arm-none-eabi/4.8.3/../../../../arm-none-eabi/lib/armv7-m\libg.a(lib_a-memchr-stub.o)
                0x00084998                memchr
 .text          0x00084a2c       0xec c:/users/troy neubauer/appdata/local/arduino15/packages/arduino/tools/arm-none-eabi-gcc/4.8.3-2014q1/bin/../lib/gcc/arm-none-eabi/4.8.3/../../../../arm-none-eabi/lib/armv7-m\libg.a(lib_a-memcpy.o)
                0x00084a2c                memcpy
 .text.memmove  0x00084b18       0xcc c:/users/troy neubauer/appdata/local/arduino15/packages/arduino/tools/arm-none-eabi-gcc/4.8.3-2014q1/bin/../lib/gcc/arm-none-eabi/4.8.3/../../../../arm-none-eabi/lib/armv7-m\libg.a(lib_a-memmove.o)
                0x00084b18                memmove
 .text.__malloc_lock
                0x00084be4        0x4 c:/users/troy neubauer/appdata/local/arduino15/packages/arduino/tools/arm-none-eabi-gcc/4.8.3-2014q1/bin/../lib/gcc/arm-none-eabi/4.8.3/../../../../arm-none-eabi/lib/armv7-m\libg.a(lib_a-mlock.o)
                0x00084be4                __malloc_lock
 .text.__malloc_unlock
                0x00084be8        0x4 c:/users/troy neubauer/appdata/local/arduino15/packages/arduino/tools/arm-none-eabi-gcc/4.8.3-2014q1/bin/../lib/gcc/arm-none-eabi/4.8.3/../../../../arm-none-eabi/lib/armv7-m\libg.a(lib_a-mlock.o)
                0x00084be8                __malloc_unlock
 .text._realloc_r
                0x00084bec      0x3c0 c:/users/troy neubauer/appdata/local/arduino15/packages/arduino/tools/arm-none-eabi-gcc/4.8.3-2014q1/bin/../lib/gcc/arm-none-eabi/4.8.3/../../../../arm-none-eabi/lib/armv7-m\libg.a(lib_a-reallocr.o)
                0x00084bec                _realloc_r
 .text._sbrk_r  0x00084fac       0x24 c:/users/troy neubauer/appdata/local/arduino15/packages/arduino/tools/arm-none-eabi-gcc/4.8.3-2014q1/bin/../lib/gcc/arm-none-eabi/4.8.3/../../../../arm-none-eabi/lib/armv7-m\libg.a(lib_a-sbrkr.o)
                0x00084fac                _sbrk_r
 .text._kill_r  0x00084fd0       0x28 c:/users/troy neubauer/appdata/local/arduino15/packages/arduino/tools/arm-none-eabi-gcc/4.8.3-2014q1/bin/../lib/gcc/arm-none-eabi/4.8.3/../../../../arm-none-eabi/lib/armv7-m\libg.a(lib_a-signalr.o)
                0x00084fd0                _kill_r
 .text.__sread  0x00084ff8       0x24 c:/users/troy neubauer/appdata/local/arduino15/packages/arduino/tools/arm-none-eabi-gcc/4.8.3-2014q1/bin/../lib/gcc/arm-none-eabi/4.8.3/../../../../arm-none-eabi/lib/armv7-m\libg.a(lib_a-stdio.o)
                0x00084ff8                __sread
 .text.__swrite
                0x0008501c       0x38 c:/users/troy neubauer/appdata/local/arduino15/packages/arduino/tools/arm-none-eabi-gcc/4.8.3-2014q1/bin/../lib/gcc/arm-none-eabi/4.8.3/../../../../arm-none-eabi/lib/armv7-m\libg.a(lib_a-stdio.o)
                0x0008501c                __swrite
 .text.__sseek  0x00085054       0x20 c:/users/troy neubauer/appdata/local/arduino15/packages/arduino/tools/arm-none-eabi-gcc/4.8.3-2014q1/bin/../lib/gcc/arm-none-eabi/4.8.3/../../../../arm-none-eabi/lib/armv7-m\libg.a(lib_a-stdio.o)
                0x00085054                __sseek
 .text.__sclose
                0x00085074        0x8 c:/users/troy neubauer/appdata/local/arduino15/packages/arduino/tools/arm-none-eabi-gcc/4.8.3-2014q1/bin/../lib/gcc/arm-none-eabi/4.8.3/../../../../arm-none-eabi/lib/armv7-m\libg.a(lib_a-stdio.o)
                0x00085074                __sclose
 .text.__swbuf_r
                0x0008507c       0xa8 c:/users/troy neubauer/appdata/local/arduino15/packages/arduino/tools/arm-none-eabi-gcc/4.8.3-2014q1/bin/../lib/gcc/arm-none-eabi/4.8.3/../../../../arm-none-eabi/lib/armv7-m\libg.a(lib_a-wbuf.o)
                0x0008507c                __swbuf_r
 .text._wcrtomb_r
                0x00085124       0x50 c:/users/troy neubauer/appdata/local/arduino15/packages/arduino/tools/arm-none-eabi-gcc/4.8.3-2014q1/bin/../lib/gcc/arm-none-eabi/4.8.3/../../../../arm-none-eabi/lib/armv7-m\libg.a(lib_a-wcrtomb.o)
                0x00085124                _wcrtomb_r
 .text.__ascii_wctomb
                0x00085174       0x1c c:/users/troy neubauer/appdata/local/arduino15/packages/arduino/tools/arm-none-eabi-gcc/4.8.3-2014q1/bin/../lib/gcc/arm-none-eabi/4.8.3/../../../../arm-none-eabi/lib/armv7-m\libg.a(lib_a-wctomb_r.o)
                0x00085174                __ascii_wctomb
 .text._write_r
                0x00085190       0x28 c:/users/troy neubauer/appdata/local/arduino15/packages/arduino/tools/arm-none-eabi-gcc/4.8.3-2014q1/bin/../lib/gcc/arm-none-eabi/4.8.3/../../../../arm-none-eabi/lib/armv7-m\libg.a(lib_a-writer.o)
                0x00085190                _write_r
 .text.__register_exitproc
                0x000851b8       0xa8 c:/users/troy neubauer/appdata/local/arduino15/packages/arduino/tools/arm-none-eabi-gcc/4.8.3-2014q1/bin/../lib/gcc/arm-none-eabi/4.8.3/../../../../arm-none-eabi/lib/armv7-m\libg.a(lib_a-__atexit.o)
                0x000851b8                __register_exitproc
 .text._close_r
                0x00085260       0x24 c:/users/troy neubauer/appdata/local/arduino15/packages/arduino/tools/arm-none-eabi-gcc/4.8.3-2014q1/bin/../lib/gcc/arm-none-eabi/4.8.3/../../../../arm-none-eabi/lib/armv7-m\libg.a(lib_a-closer.o)
                0x00085260                _close_r
 .text._fclose_r
                0x00085284       0x80 c:/users/troy neubauer/appdata/local/arduino15/packages/arduino/tools/arm-none-eabi-gcc/4.8.3-2014q1/bin/../lib/gcc/arm-none-eabi/4.8.3/../../../../arm-none-eabi/lib/armv7-m\libg.a(lib_a-fclose.o)
                0x00085284                _fclose_r
 .text.fclose   0x00085304       0x10 c:/users/troy neubauer/appdata/local/arduino15/packages/arduino/tools/arm-none-eabi-gcc/4.8.3-2014q1/bin/../lib/gcc/arm-none-eabi/4.8.3/../../../../arm-none-eabi/lib/armv7-m\libg.a(lib_a-fclose.o)
                0x00085304                fclose
 .text._fstat_r
                0x00085314       0x28 c:/users/troy neubauer/appdata/local/arduino15/packages/arduino/tools/arm-none-eabi-gcc/4.8.3-2014q1/bin/../lib/gcc/arm-none-eabi/4.8.3/../../../../arm-none-eabi/lib/armv7-m\libg.a(lib_a-fstatr.o)
                0x00085314                _fstat_r
 .text._isatty_r
                0x0008533c       0x24 c:/users/troy neubauer/appdata/local/arduino15/packages/arduino/tools/arm-none-eabi-gcc/4.8.3-2014q1/bin/../lib/gcc/arm-none-eabi/4.8.3/../../../../arm-none-eabi/lib/armv7-m\libg.a(lib_a-isattyr.o)
                0x0008533c                _isatty_r
 .text._lseek_r
                0x00085360       0x28 c:/users/troy neubauer/appdata/local/arduino15/packages/arduino/tools/arm-none-eabi-gcc/4.8.3-2014q1/bin/../lib/gcc/arm-none-eabi/4.8.3/../../../../arm-none-eabi/lib/armv7-m\libg.a(lib_a-lseekr.o)
                0x00085360                _lseek_r
 .text._read_r  0x00085388       0x28 c:/users/troy neubauer/appdata/local/arduino15/packages/arduino/tools/arm-none-eabi-gcc/4.8.3-2014q1/bin/../lib/gcc/arm-none-eabi/4.8.3/../../../../arm-none-eabi/lib/armv7-m\libg.a(lib_a-readr.o)
                0x00085388                _read_r
 .text          0x000853b0       0x2c c:/users/troy neubauer/appdata/local/arduino15/packages/arduino/tools/arm-none-eabi-gcc/4.8.3-2014q1/bin/../lib/gcc/arm-none-eabi/4.8.3/armv7-m\libgcc.a(_aeabi_uldivmod.o)
                0x000853b0                __aeabi_uldivmod
 .text          0x000853dc       0x60 c:/users/troy neubauer/appdata/local/arduino15/packages/arduino/tools/arm-none-eabi-gcc/4.8.3-2014q1/bin/../lib/gcc/arm-none-eabi/4.8.3/armv7-m\libgcc.a(bpabi.o)
                0x000853dc                __gnu_ldivmod_helper
                0x0008540c                __gnu_uldivmod_helper
 .text          0x0008543c        0x4 c:/users/troy neubauer/appdata/local/arduino15/packages/arduino/tools/arm-none-eabi-gcc/4.8.3-2014q1/bin/../lib/gcc/arm-none-eabi/4.8.3/armv7-m\libgcc.a(_dvmd_tls.o)
                0x0008543c                __aeabi_idiv0
                0x0008543c                __aeabi_ldiv0
 .text          0x00085440      0x2a0 c:/users/troy neubauer/appdata/local/arduino15/packages/arduino/tools/arm-none-eabi-gcc/4.8.3-2014q1/bin/../lib/gcc/arm-none-eabi/4.8.3/armv7-m\libgcc.a(_divdi3.o)
                0x00085440                __divdi3
 .text          0x000856e0      0x290 c:/users/troy neubauer/appdata/local/arduino15/packages/arduino/tools/arm-none-eabi-gcc/4.8.3-2014q1/bin/../lib/gcc/arm-none-eabi/4.8.3/armv7-m\libgcc.a(_udivdi3.o)
                0x000856e0                __udivdi3
 *(.glue_7t)
 .glue_7t       0x00000000        0x0 linker stubs
 *(.glue_7)
 .glue_7        0x00000000        0x0 linker stubs
 *(.rodata .rodata* .gnu.linkonce.r.*)
 .rodata.str1.1
                0x00085970       0xe5 C:\Users\Troy Neubauer\AppData\Local\Temp\VMBuilds\Rocketry 2018_2019\arduino_due_x_dbg\Debug\Rocketry 2018_2019.cpp.o
 *fill*         0x00085a55        0x3 
 .rodata._ZN7NMEAGPS14nmea_msg_tableE
                0x00085a58       0x10 C:\Users\Troy Neubauer\AppData\Local\Temp\VMBuilds\Rocketry 2018_2019\arduino_due_x_dbg\Debug\NeoGPS\NMEAGPS.cpp.o
                0x00085a58                NMEAGPS::nmea_msg_table
 .rodata._ZL3gst
                0x00085a68        0x4 C:\Users\Troy Neubauer\AppData\Local\Temp\VMBuilds\Rocketry 2018_2019\arduino_due_x_dbg\Debug\NeoGPS\NMEAGPS.cpp.o
 .rodata._ZL3gsv
                0x00085a6c        0x4 C:\Users\Troy Neubauer\AppData\Local\Temp\VMBuilds\Rocketry 2018_2019\arduino_due_x_dbg\Debug\NeoGPS\NMEAGPS.cpp.o
 .rodata.str1.1
                0x00085a70        0x4 C:\Users\Troy Neubauer\AppData\Local\Temp\VMBuilds\Rocketry 2018_2019\arduino_due_x_dbg\Debug\NeoGPS\NMEAGPS.cpp.o
 .rodata._ZL3gll
                0x00085a74        0x4 C:\Users\Troy Neubauer\AppData\Local\Temp\VMBuilds\Rocketry 2018_2019\arduino_due_x_dbg\Debug\NeoGPS\NMEAGPS.cpp.o
 .rodata._ZL3zda
                0x00085a78        0x4 C:\Users\Troy Neubauer\AppData\Local\Temp\VMBuilds\Rocketry 2018_2019\arduino_due_x_dbg\Debug\NeoGPS\NMEAGPS.cpp.o
 .rodata._ZL3vtg
                0x00085a7c        0x4 C:\Users\Troy Neubauer\AppData\Local\Temp\VMBuilds\Rocketry 2018_2019\arduino_due_x_dbg\Debug\NeoGPS\NMEAGPS.cpp.o
 .rodata._ZL3gsa
                0x00085a80        0x4 C:\Users\Troy Neubauer\AppData\Local\Temp\VMBuilds\Rocketry 2018_2019\arduino_due_x_dbg\Debug\NeoGPS\NMEAGPS.cpp.o
 .rodata._ZL8std_nmea
                0x00085a84       0x20 C:\Users\Troy Neubauer\AppData\Local\Temp\VMBuilds\Rocketry 2018_2019\arduino_due_x_dbg\Debug\NeoGPS\NMEAGPS.cpp.o
 .rodata._ZL3gga
                0x00085aa4        0x4 C:\Users\Troy Neubauer\AppData\Local\Temp\VMBuilds\Rocketry 2018_2019\arduino_due_x_dbg\Debug\NeoGPS\NMEAGPS.cpp.o
 .rodata._ZL3rmc
                0x00085aa8        0x4 C:\Users\Troy Neubauer\AppData\Local\Temp\VMBuilds\Rocketry 2018_2019\arduino_due_x_dbg\Debug\NeoGPS\NMEAGPS.cpp.o
 .rodata._ZL14gps_fix_header
                0x00085aac       0x2f C:\Users\Troy Neubauer\AppData\Local\Temp\VMBuilds\Rocketry 2018_2019\arduino_due_x_dbg\Debug\NeoGPS\Streamers.cpp.o
 .rodata._ZL14NMEAGPS_header
                0x00085adb       0x17 C:\Users\Troy Neubauer\AppData\Local\Temp\VMBuilds\Rocketry 2018_2019\arduino_due_x_dbg\Debug\NeoGPS\Streamers.cpp.o
 .rodata.str1.1
                0x00085af2       0x6a C:\Users\Troy Neubauer\AppData\Local\Temp\VMBuilds\Rocketry 2018_2019\arduino_due_x_dbg\Debug\VM_DBG\VM_DBG.cpp.o
                                 0x6c (size before relaxing)
 .rodata.g_APinDescription
                0x00085b5c      0xa2c C:\Users\Troy Neubauer\AppData\Local\Temp\VMBCore\arduino16x\a90fdbb6af6ba4ee41b4866e1900008d\variant\variant.cpp.o
                0x00085b5c                g_APinDescription
 .rodata        0x00086588       0x40 C:\Users\Troy Neubauer\AppData\Local\arduino15\packages\arduino\hardware\sam\1.6.11\variants\arduino_due_x/libsam_sam3x8e_gcc_rel.a(adc.o)
 .rodata.str1.1
                0x000865c8       0x19 C:\Users\Troy Neubauer\AppData\Local\Temp\VMBuilds\Rocketry 2018_2019\arduino_due_x_dbg\Debug/core.a(syscalls_sam3.c.o)
 .rodata.str1.1
                0x000865e1        0xc C:\Users\Troy Neubauer\AppData\Local\Temp\VMBuilds\Rocketry 2018_2019\arduino_due_x_dbg\Debug/core.a(Print.cpp.o)
                                  0xf (size before relaxing)
 *fill*         0x000865ed        0x3 
 .rodata._ZTV9UARTClass
                0x000865f0       0x30 C:\Users\Troy Neubauer\AppData\Local\Temp\VMBuilds\Rocketry 2018_2019\arduino_due_x_dbg\Debug/core.a(UARTClass.cpp.o)
                0x000865f0                vtable for UARTClass
 .rodata._ZTV10USARTClass
                0x00086620       0x30 C:\Users\Troy Neubauer\AppData\Local\Temp\VMBuilds\Rocketry 2018_2019\arduino_due_x_dbg\Debug/core.a(USARTClass.cpp.o)
                0x00086620                vtable for USARTClass
 .rodata.STRING_PRODUCT
                0x00086650        0xc C:\Users\Troy Neubauer\AppData\Local\Temp\VMBuilds\Rocketry 2018_2019\arduino_due_x_dbg\Debug/core.a(USBCore.cpp.o)
                0x00086650                STRING_PRODUCT
 .rodata.USB_DeviceDescriptor
                0x0008665c       0x12 C:\Users\Troy Neubauer\AppData\Local\Temp\VMBuilds\Rocketry 2018_2019\arduino_due_x_dbg\Debug/core.a(USBCore.cpp.o)
                0x0008665c                USB_DeviceDescriptor
 .rodata.STRING_LANGUAGE
                0x0008666e        0x4 C:\Users\Troy Neubauer\AppData\Local\Temp\VMBuilds\Rocketry 2018_2019\arduino_due_x_dbg\Debug/core.a(USBCore.cpp.o)
                0x0008666e                STRING_LANGUAGE
 .rodata._ZL18test_packet_buffer
                0x00086672       0x35 C:\Users\Troy Neubauer\AppData\Local\Temp\VMBuilds\Rocketry 2018_2019\arduino_due_x_dbg\Debug/core.a(USBCore.cpp.o)
 .rodata.STRING_MANUFACTURER
                0x000866a7        0xc C:\Users\Troy Neubauer\AppData\Local\Temp\VMBuilds\Rocketry 2018_2019\arduino_due_x_dbg\Debug/core.a(USBCore.cpp.o)
                0x000866a7                STRING_MANUFACTURER
 .rodata.USB_DeviceDescriptorA
                0x000866b3       0x12 C:\Users\Troy Neubauer\AppData\Local\Temp\VMBuilds\Rocketry 2018_2019\arduino_due_x_dbg\Debug/core.a(USBCore.cpp.o)
                0x000866b3                USB_DeviceDescriptorA
 .rodata._ZL19USB_DeviceQualifier
                0x000866c5        0x9 C:\Users\Troy Neubauer\AppData\Local\Temp\VMBuilds\Rocketry 2018_2019\arduino_due_x_dbg\Debug/core.a(USBCore.cpp.o)
 *fill*         0x000866ce        0x2 
 .rodata._ZTV7Serial_
                0x000866d0       0x28 C:\Users\Troy Neubauer\AppData\Local\Temp\VMBuilds\Rocketry 2018_2019\arduino_due_x_dbg\Debug/core.a(CDC.cpp.o)
                0x000866d0                vtable for Serial_
 .rodata._ZL18_cdcOtherInterface
                0x000866f8       0x42 C:\Users\Troy Neubauer\AppData\Local\Temp\VMBuilds\Rocketry 2018_2019\arduino_due_x_dbg\Debug/core.a(CDC.cpp.o)
 .rodata._ZL13_cdcInterface
                0x0008673a       0x42 C:\Users\Troy Neubauer\AppData\Local\Temp\VMBuilds\Rocketry 2018_2019\arduino_due_x_dbg\Debug/core.a(CDC.cpp.o)
 .rodata.str1.4
                0x0008677c        0x2 c:/users/troy neubauer/appdata/local/arduino15/packages/arduino/tools/arm-none-eabi-gcc/4.8.3-2014q1/bin/../lib/gcc/arm-none-eabi/4.8.3/../../../../arm-none-eabi/lib/armv7-m\libg.a(lib_a-impure.o)
                                  0x4 (size before relaxing)
 *fill*         0x0008677e        0x2 
 .rodata._global_impure_ptr
                0x00086780        0x4 c:/users/troy neubauer/appdata/local/arduino15/packages/arduino/tools/arm-none-eabi-gcc/4.8.3-2014q1/bin/../lib/gcc/arm-none-eabi/4.8.3/../../../../arm-none-eabi/lib/armv7-m\libg.a(lib_a-impure.o)
                0x00086780                _global_impure_ptr
 .rodata.blanks.6717
                0x00086784       0x10 c:/users/troy neubauer/appdata/local/arduino15/packages/arduino/tools/arm-none-eabi-gcc/4.8.3-2014q1/bin/../lib/gcc/arm-none-eabi/4.8.3/../../../../arm-none-eabi/lib/armv7-m\libg.a(lib_a-vfiprintf.o)
 .rodata.str1.4
                0x00086794       0x30 c:/users/troy neubauer/appdata/local/arduino15/packages/arduino/tools/arm-none-eabi-gcc/4.8.3-2014q1/bin/../lib/gcc/arm-none-eabi/4.8.3/../../../../arm-none-eabi/lib/armv7-m\libg.a(lib_a-vfiprintf.o)
 .rodata.zeroes.6718
                0x000867c4       0x10 c:/users/troy neubauer/appdata/local/arduino15/packages/arduino/tools/arm-none-eabi-gcc/4.8.3-2014q1/bin/../lib/gcc/arm-none-eabi/4.8.3/../../../../arm-none-eabi/lib/armv7-m\libg.a(lib_a-vfiprintf.o)
 *(.ARM.extab* .gnu.linkonce.armextab.*)
                0x000867d4                . = ALIGN (0x4)
 *(.init)
 .init          0x000867d4        0x4 c:/users/troy neubauer/appdata/local/arduino15/packages/arduino/tools/arm-none-eabi-gcc/4.8.3-2014q1/bin/../lib/gcc/arm-none-eabi/4.8.3/armv7-m/crti.o
                0x000867d4                _init
 .init          0x000867d8        0x8 c:/users/troy neubauer/appdata/local/arduino15/packages/arduino/tools/arm-none-eabi-gcc/4.8.3-2014q1/bin/../lib/gcc/arm-none-eabi/4.8.3/armv7-m/crtn.o
                0x000867e0                . = ALIGN (0x4)
                0x000867e0                __preinit_array_start = .
 *(.preinit_array)
                0x000867e0                __preinit_array_end = .
                0x000867e0                . = ALIGN (0x4)
                0x000867e0                __init_array_start = .
 *(SORT(.init_array.*))
 .init_array.00000
                0x000867e0        0x4 c:/users/troy neubauer/appdata/local/arduino15/packages/arduino/tools/arm-none-eabi-gcc/4.8.3-2014q1/bin/../lib/gcc/arm-none-eabi/4.8.3/../../../../arm-none-eabi/lib/armv7-m\libg.a(lib_a-__call_atexit.o)
 *(.init_array)
 .init_array    0x000867e4        0x4 c:/users/troy neubauer/appdata/local/arduino15/packages/arduino/tools/arm-none-eabi-gcc/4.8.3-2014q1/bin/../lib/gcc/arm-none-eabi/4.8.3/armv7-m/crtbegin.o
 .init_array    0x000867e8        0x4 C:\Users\Troy Neubauer\AppData\Local\Temp\VMBuilds\Rocketry 2018_2019\arduino_due_x_dbg\Debug\Rocketry 2018_2019.cpp.o
 .init_array    0x000867ec        0x4 C:\Users\Troy Neubauer\AppData\Local\Temp\VMBuilds\Rocketry 2018_2019\arduino_due_x_dbg\Debug\VM_DBG\VM_DBG.cpp.o
 .init_array    0x000867f0        0x4 C:\Users\Troy Neubauer\AppData\Local\Temp\VMBCore\arduino16x\a90fdbb6af6ba4ee41b4866e1900008d\variant\variant.cpp.o
 .init_array    0x000867f4        0x4 C:\Users\Troy Neubauer\AppData\Local\Temp\VMBuilds\Rocketry 2018_2019\arduino_due_x_dbg\Debug/core.a(USBCore.cpp.o)
 .init_array    0x000867f8        0x4 C:\Users\Troy Neubauer\AppData\Local\Temp\VMBuilds\Rocketry 2018_2019\arduino_due_x_dbg\Debug/core.a(CDC.cpp.o)
                0x000867fc                __init_array_end = .
                0x000867fc                . = ALIGN (0x4)
 *crtbegin.o(.ctors)
 *(EXCLUDE_FILE(*crtend.o) .ctors)
 *(SORT(.ctors.*))
 *crtend.o(.ctors)
                0x000867fc                . = ALIGN (0x4)
 *(.fini)
 .fini          0x000867fc        0x4 c:/users/troy neubauer/appdata/local/arduino15/packages/arduino/tools/arm-none-eabi-gcc/4.8.3-2014q1/bin/../lib/gcc/arm-none-eabi/4.8.3/armv7-m/crti.o
                0x000867fc                _fini
 .fini          0x00086800        0x8 c:/users/troy neubauer/appdata/local/arduino15/packages/arduino/tools/arm-none-eabi-gcc/4.8.3-2014q1/bin/../lib/gcc/arm-none-eabi/4.8.3/armv7-m/crtn.o
                0x00086808                . = ALIGN (0x4)
                0x00086808                __fini_array_start = .
 *(.fini_array)
 .fini_array    0x00086808        0x4 c:/users/troy neubauer/appdata/local/arduino15/packages/arduino/tools/arm-none-eabi-gcc/4.8.3-2014q1/bin/../lib/gcc/arm-none-eabi/4.8.3/armv7-m/crtbegin.o
 *(SORT(.fini_array.*))
                0x0008680c                __fini_array_end = .
 *crtbegin.o(.dtors)
 *(EXCLUDE_FILE(*crtend.o) .dtors)
 *(SORT(.dtors.*))
 *crtend.o(.dtors)
                0x0008680c                . = ALIGN (0x4)
                0x0008680c                _efixed = .
                0x0008680c                PROVIDE (__exidx_start, .)

.vfp11_veneer   0x0008680c        0x0
 .vfp11_veneer  0x00000000        0x0 linker stubs

.v4_bx          0x0008680c        0x0
 .v4_bx         0x00000000        0x0 linker stubs

.iplt           0x0008680c        0x0
 .iplt          0x00000000        0x0 c:/users/troy neubauer/appdata/local/arduino15/packages/arduino/tools/arm-none-eabi-gcc/4.8.3-2014q1/bin/../lib/gcc/arm-none-eabi/4.8.3/armv7-m/crtbegin.o

.ARM.exidx      0x0008680c        0x8
 *(.ARM.exidx* .gnu.linkonce.armexidx.*)
 .ARM.exidx     0x0008680c        0x8 c:/users/troy neubauer/appdata/local/arduino15/packages/arduino/tools/arm-none-eabi-gcc/4.8.3-2014q1/bin/../lib/gcc/arm-none-eabi/4.8.3/armv7-m\libgcc.a(_divdi3.o)
 .ARM.exidx     0x00086814        0x0 c:/users/troy neubauer/appdata/local/arduino15/packages/arduino/tools/arm-none-eabi-gcc/4.8.3-2014q1/bin/../lib/gcc/arm-none-eabi/4.8.3/armv7-m\libgcc.a(_udivdi3.o)
                                  0x8 (size before relaxing)
                0x00086814                PROVIDE (__exidx_end, .)

.eh_frame       0x00086814        0x0
 .eh_frame      0x00086814        0x0 c:/users/troy neubauer/appdata/local/arduino15/packages/arduino/tools/arm-none-eabi-gcc/4.8.3-2014q1/bin/../lib/gcc/arm-none-eabi/4.8.3/armv7-m/crtbegin.o

.rel.dyn        0x00086814        0x0
 .rel.iplt      0x00000000        0x0 c:/users/troy neubauer/appdata/local/arduino15/packages/arduino/tools/arm-none-eabi-gcc/4.8.3-2014q1/bin/../lib/gcc/arm-none-eabi/4.8.3/armv7-m/crtbegin.o

.jcr            0x00086814        0x0
 .jcr           0x00086814        0x0 c:/users/troy neubauer/appdata/local/arduino15/packages/arduino/tools/arm-none-eabi-gcc/4.8.3-2014q1/bin/../lib/gcc/arm-none-eabi/4.8.3/armv7-m/crtbegin.o

.igot.plt       0x00086814        0x0
 .igot.plt      0x00000000        0x0 c:/users/troy neubauer/appdata/local/arduino15/packages/arduino/tools/arm-none-eabi-gcc/4.8.3-2014q1/bin/../lib/gcc/arm-none-eabi/4.8.3/armv7-m/crtbegin.o
                0x00086814                . = ALIGN (0x4)
                0x00086814                _etext = .

.relocate       0x20070000      0x8d4 load address 0x00086814
                0x20070000                . = ALIGN (0x4)
                0x20070000                _srelocate = .
 *(.ramfunc .ramfunc.*)
 .ramfunc       0x20070000       0x2c C:\Users\Troy Neubauer\AppData\Local\Temp\VMBuilds\Rocketry 2018_2019\arduino_due_x_dbg\Debug/core.a(Reset.cpp.o)
                0x20070000                banzai
 *(.data .data.*)
 .data.SystemCoreClock
                0x2007002c        0x4 C:\Users\Troy Neubauer\AppData\Local\arduino15\packages\arduino\hardware\sam\1.6.11\variants\arduino_due_x/libsam_sam3x8e_gcc_rel.a(system_sam3xa.o)
                0x2007002c                SystemCoreClock
 .data._ZL5ticks
                0x20070030        0x4 C:\Users\Troy Neubauer\AppData\Local\Temp\VMBuilds\Rocketry 2018_2019\arduino_due_x_dbg\Debug/core.a(Reset.cpp.o)
 .data.EndPoints
                0x20070034       0x28 C:\Users\Troy Neubauer\AppData\Local\Temp\VMBuilds\Rocketry 2018_2019\arduino_due_x_dbg\Debug/core.a(USBCore.cpp.o)
                0x20070034                EndPoints
 .data._ZL10breakValue
                0x2007005c        0x4 C:\Users\Troy Neubauer\AppData\Local\Temp\VMBuilds\Rocketry 2018_2019\arduino_due_x_dbg\Debug/core.a(CDC.cpp.o)
 .data._ZL12_usbLineInfo
                0x20070060        0x8 C:\Users\Troy Neubauer\AppData\Local\Temp\VMBuilds\Rocketry 2018_2019\arduino_due_x_dbg\Debug/core.a(CDC.cpp.o)
 .data.g_interrupt_enabled
                0x20070068        0x4 C:\Users\Troy Neubauer\AppData\Local\arduino15\packages\arduino\hardware\sam\1.6.11\variants\arduino_due_x/libsam_sam3x8e_gcc_rel.a(interrupt_sam_nvic.o)
                0x20070068                g_interrupt_enabled
 *fill*         0x2007006c        0x4 
 .data.impure_data
                0x20070070      0x428 c:/users/troy neubauer/appdata/local/arduino15/packages/arduino/tools/arm-none-eabi-gcc/4.8.3-2014q1/bin/../lib/gcc/arm-none-eabi/4.8.3/../../../../arm-none-eabi/lib/armv7-m\libg.a(lib_a-impure.o)
 .data._impure_ptr
                0x20070498        0x4 c:/users/troy neubauer/appdata/local/arduino15/packages/arduino/tools/arm-none-eabi-gcc/4.8.3-2014q1/bin/../lib/gcc/arm-none-eabi/4.8.3/../../../../arm-none-eabi/lib/armv7-m\libg.a(lib_a-impure.o)
                0x20070498                _impure_ptr
 .data.lc_ctype_charset
                0x2007049c       0x20 c:/users/troy neubauer/appdata/local/arduino15/packages/arduino/tools/arm-none-eabi-gcc/4.8.3-2014q1/bin/../lib/gcc/arm-none-eabi/4.8.3/../../../../arm-none-eabi/lib/armv7-m\libg.a(lib_a-locale.o)
 .data.__mb_cur_max
                0x200704bc        0x4 c:/users/troy neubauer/appdata/local/arduino15/packages/arduino/tools/arm-none-eabi-gcc/4.8.3-2014q1/bin/../lib/gcc/arm-none-eabi/4.8.3/../../../../arm-none-eabi/lib/armv7-m\libg.a(lib_a-locale.o)
                0x200704bc                __mb_cur_max
 .data.__malloc_av_
                0x200704c0      0x408 c:/users/troy neubauer/appdata/local/arduino15/packages/arduino/tools/arm-none-eabi-gcc/4.8.3-2014q1/bin/../lib/gcc/arm-none-eabi/4.8.3/../../../../arm-none-eabi/lib/armv7-m\libg.a(lib_a-mallocr.o)
                0x200704c0                __malloc_av_
 .data.__malloc_trim_threshold
                0x200708c8        0x4 c:/users/troy neubauer/appdata/local/arduino15/packages/arduino/tools/arm-none-eabi-gcc/4.8.3-2014q1/bin/../lib/gcc/arm-none-eabi/4.8.3/../../../../arm-none-eabi/lib/armv7-m\libg.a(lib_a-mallocr.o)
                0x200708c8                __malloc_trim_threshold
 .data.__malloc_sbrk_base
                0x200708cc        0x4 c:/users/troy neubauer/appdata/local/arduino15/packages/arduino/tools/arm-none-eabi-gcc/4.8.3-2014q1/bin/../lib/gcc/arm-none-eabi/4.8.3/../../../../arm-none-eabi/lib/armv7-m\libg.a(lib_a-mallocr.o)
                0x200708cc                __malloc_sbrk_base
 .data.__wctomb
                0x200708d0        0x4 c:/users/troy neubauer/appdata/local/arduino15/packages/arduino/tools/arm-none-eabi-gcc/4.8.3-2014q1/bin/../lib/gcc/arm-none-eabi/4.8.3/../../../../arm-none-eabi/lib/armv7-m\libg.a(lib_a-wctomb_r.o)
                0x200708d0                __wctomb
                0x200708d4                . = ALIGN (0x4)
                0x200708d4                _erelocate = .

.bss            0x200708d4      0x914 load address 0x000870e8
                0x200708d4                . = ALIGN (0x4)
                0x200708d4                _sbss = .
                0x200708d4                _szero = .
 *(.bss .bss.*)
 .bss           0x200708d4       0x1c c:/users/troy neubauer/appdata/local/arduino15/packages/arduino/tools/arm-none-eabi-gcc/4.8.3-2014q1/bin/../lib/gcc/arm-none-eabi/4.8.3/armv7-m/crtbegin.o
 .bss._ZL3fix   0x200708f0       0x28 C:\Users\Troy Neubauer\AppData\Local\Temp\VMBuilds\Rocketry 2018_2019\arduino_due_x_dbg\Debug\Rocketry 2018_2019.cpp.o
 .bss.gps       0x20070918       0x70 C:\Users\Troy Neubauer\AppData\Local\Temp\VMBuilds\Rocketry 2018_2019\arduino_due_x_dbg\Debug\Rocketry 2018_2019.cpp.o
                0x20070918                gps
 .bss.__VisualMicro_DEBUG_1_HITCOUNTER__