Archive member included because of file (symbol)

C:\Users\Troy Neubauer\AppData\Local\arduino15\packages\arduino\hardware\sam\1.6.11\variants\arduino_due_x/libsam_sam3x8e_gcc_rel.a(pio.o)
                              C:\Users\Troy Neubauer\AppData\Local\Temp\VMBCore\arduino16x\2607422fee9242fcb4843b1221ba9f67\variant\variant.cpp.o (PIO_Configure)
C:\Users\Troy Neubauer\AppData\Local\arduino15\packages\arduino\hardware\sam\1.6.11\variants\arduino_due_x/libsam_sam3x8e_gcc_rel.a(pmc.o)
                              C:\Users\Troy Neubauer\AppData\Local\Temp\VMBCore\arduino16x\2607422fee9242fcb4843b1221ba9f67\variant\variant.cpp.o (pmc_enable_periph_clk)
C:\Users\Troy Neubauer\AppData\Local\arduino15\packages\arduino\hardware\sam\1.6.11\variants\arduino_due_x/libsam_sam3x8e_gcc_rel.a(system_sam3xa.o)
                              C:\Users\Troy Neubauer\AppData\Local\Temp\VMBCore\arduino16x\2607422fee9242fcb4843b1221ba9f67\variant\variant.cpp.o (SystemInit)
C:\Users\Troy Neubauer\AppData\Local\arduino15\packages\arduino\hardware\sam\1.6.11\variants\arduino_due_x/libsam_sam3x8e_gcc_rel.a(startup_sam3xa.o)
                              (Reset_Handler)
C:\Users\Troy Neubauer\AppData\Local\arduino15\packages\arduino\hardware\sam\1.6.11\variants\arduino_due_x/libsam_sam3x8e_gcc_rel.a(adc.o)
                              C:\Users\Troy Neubauer\AppData\Local\Temp\VMBCore\arduino16x\2607422fee9242fcb4843b1221ba9f67\variant\variant.cpp.o (adc_init)
C:\Users\Troy Neubauer\AppData\Local\arduino15\packages\arduino\hardware\sam\1.6.11\variants\arduino_due_x/libsam_sam3x8e_gcc_rel.a(uotghs.o)
                              C:\Users\Troy Neubauer\AppData\Local\arduino15\packages\arduino\hardware\sam\1.6.11\variants\arduino_due_x/libsam_sam3x8e_gcc_rel.a(startup_sam3xa.o) (UOTGHS_Handler)
C:\Users\Troy Neubauer\AppData\Local\Temp\VMBuilds\Arduino Benchmark\arduino_due_x_dbg\Release/core.a(cortex_handlers.c.o)
                              C:\Users\Troy Neubauer\AppData\Local\arduino15\packages\arduino\hardware\sam\1.6.11\variants\arduino_due_x/libsam_sam3x8e_gcc_rel.a(startup_sam3xa.o) (NMI_Handler)
C:\Users\Troy Neubauer\AppData\Local\Temp\VMBuilds\Arduino Benchmark\arduino_due_x_dbg\Release/core.a(hooks.c.o)
                              C:\Users\Troy Neubauer\AppData\Local\Temp\VMBuilds\Arduino Benchmark\arduino_due_x_dbg\Release/core.a(cortex_handlers.c.o) (sysTickHook)
C:\Users\Troy Neubauer\AppData\Local\Temp\VMBuilds\Arduino Benchmark\arduino_due_x_dbg\Release/core.a(syscalls_sam3.c.o)
                              (_sbrk)
C:\Users\Troy Neubauer\AppData\Local\Temp\VMBuilds\Arduino Benchmark\arduino_due_x_dbg\Release/core.a(wiring.c.o)
                              C:\Users\Troy Neubauer\AppData\Local\Temp\VMBuilds\Arduino Benchmark\arduino_due_x_dbg\Release\Arduino Benchmark.cpp.o (micros)
C:\Users\Troy Neubauer\AppData\Local\Temp\VMBuilds\Arduino Benchmark\arduino_due_x_dbg\Release/core.a(wiring_analog.c.o)
                              C:\Users\Troy Neubauer\AppData\Local\Temp\VMBCore\arduino16x\2607422fee9242fcb4843b1221ba9f67\variant\variant.cpp.o (analogOutputInit)
C:\Users\Troy Neubauer\AppData\Local\Temp\VMBuilds\Arduino Benchmark\arduino_due_x_dbg\Release/core.a(wiring_digital.c.o)
                              C:\Users\Troy Neubauer\AppData\Local\Temp\VMBuilds\Arduino Benchmark\arduino_due_x_dbg\Release/core.a(wiring_analog.c.o) (pinMode)
C:\Users\Troy Neubauer\AppData\Local\Temp\VMBuilds\Arduino Benchmark\arduino_due_x_dbg\Release/core.a(main.cpp.o)
                              c:/users/troy neubauer/appdata/local/arduino15/packages/arduino/tools/arm-none-eabi-gcc/4.8.3-2014q1/bin/../lib/gcc/arm-none-eabi/4.8.3/../../../../arm-none-eabi/lib/armv7-m/crt0.o (main)
C:\Users\Troy Neubauer\AppData\Local\Temp\VMBuilds\Arduino Benchmark\arduino_due_x_dbg\Release/core.a(Print.cpp.o)
                              C:\Users\Troy Neubauer\AppData\Local\Temp\VMBuilds\Arduino Benchmark\arduino_due_x_dbg\Release\Arduino Benchmark.cpp.o (Print::print(__FlashStringHelper const*))
C:\Users\Troy Neubauer\AppData\Local\Temp\VMBuilds\Arduino Benchmark\arduino_due_x_dbg\Release/core.a(Reset.cpp.o)
                              C:\Users\Troy Neubauer\AppData\Local\Temp\VMBuilds\Arduino Benchmark\arduino_due_x_dbg\Release/core.a(cortex_handlers.c.o) (tickReset)
C:\Users\Troy Neubauer\AppData\Local\Temp\VMBuilds\Arduino Benchmark\arduino_due_x_dbg\Release/core.a(RingBuffer.cpp.o)
                              C:\Users\Troy Neubauer\AppData\Local\Temp\VMBCore\arduino16x\2607422fee9242fcb4843b1221ba9f67\variant\variant.cpp.o (RingBuffer::RingBuffer())
C:\Users\Troy Neubauer\AppData\Local\Temp\VMBuilds\Arduino Benchmark\arduino_due_x_dbg\Release/core.a(UARTClass.cpp.o)
                              C:\Users\Troy Neubauer\AppData\Local\Temp\VMBCore\arduino16x\2607422fee9242fcb4843b1221ba9f67\variant\variant.cpp.o (UARTClass::available())
[...]
Memory Configuration

Name             Origin             Length             Attributes
rom              0x00080000         0x00080000         xr
sram0            0x20000000         0x00010000         xrw
sram1            0x20080000         0x00008000         xrw
ram              0x20070000         0x00018000         xrw
*default*        0x00000000         0xffffffff

Linker script and memory map

LOAD c:/users/troy neubauer/appdata/local/arduino15/packages/arduino/tools/arm-none-eabi-gcc/4.8.3-2014q1/bin/../lib/gcc/arm-none-eabi/4.8.3/armv7-m/crti.o
LOAD c:/users/troy neubauer/appdata/local/arduino15/packages/arduino/tools/arm-none-eabi-gcc/4.8.3-2014q1/bin/../lib/gcc/arm-none-eabi/4.8.3/armv7-m/crtbegin.o
LOAD c:/users/troy neubauer/appdata/local/arduino15/packages/arduino/tools/arm-none-eabi-gcc/4.8.3-2014q1/bin/../lib/gcc/arm-none-eabi/4.8.3/../../../../arm-none-eabi/lib/armv7-m/crt0.o
START GROUP
LOAD C:\Users\Troy Neubauer\AppData\Local\Temp\VMBuilds\Arduino Benchmark\arduino_due_x_dbg\Release\Arduino Benchmark.cpp.o
LOAD C:\Users\Troy Neubauer\AppData\Local\Temp\VMBCore\arduino16x\2607422fee9242fcb4843b1221ba9f67\variant\variant.cpp.o
LOAD C:\Users\Troy Neubauer\AppData\Local\arduino15\packages\arduino\hardware\sam\1.6.11\variants\arduino_due_x/libsam_sam3x8e_gcc_rel.a
LOAD C:\Users\Troy Neubauer\AppData\Local\Temp\VMBuilds\Arduino Benchmark\arduino_due_x_dbg\Release/core.a
END GROUP
LOAD c:/users/troy neubauer/appdata/local/arduino15/packages/arduino/tools/arm-none-eabi-gcc/4.8.3-2014q1/bin/../lib/gcc/arm-none-eabi/4.8.3/../../../../arm-none-eabi/lib/armv7-m\libm.a
START GROUP
LOAD c:/users/troy neubauer/appdata/local/arduino15/packages/arduino/tools/arm-none-eabi-gcc/4.8.3-2014q1/bin/../lib/gcc/arm-none-eabi/4.8.3/armv7-m\libgcc.a
LOAD c:/users/troy neubauer/appdata/local/arduino15/packages/arduino/tools/arm-none-eabi-gcc/4.8.3-2014q1/bin/../lib/gcc/arm-none-eabi/4.8.3/../../../../arm-none-eabi/lib/armv7-m\libg.a
LOAD c:/users/troy neubauer/appdata/local/arduino15/packages/arduino/tools/arm-none-eabi-gcc/4.8.3-2014q1/bin/../lib/gcc/arm-none-eabi/4.8.3/../../../../arm-none-eabi/lib/armv7-m\libc.a
END GROUP
LOAD c:/users/troy neubauer/appdata/local/arduino15/packages/arduino/tools/arm-none-eabi-gcc/4.8.3-2014q1/bin/../lib/gcc/arm-none-eabi/4.8.3/armv7-m/crtend.o
LOAD c:/users/troy neubauer/appdata/local/arduino15/packages/arduino/tools/arm-none-eabi-gcc/4.8.3-2014q1/bin/../lib/gcc/arm-none-eabi/4.8.3/armv7-m/crtn.o

.text           0x00080000     0x6da4
                0x00080000                . = ALIGN (0x4)
                0x00080000                _sfixed = .
 *(.vectors .vectors.*)
 .vectors       0x00080000       0xf4 C:\Users\Troy Neubauer\AppData\Local\arduino15\packages\arduino\hardware\sam\1.6.11\variants\arduino_due_x/libsam_sam3x8e_gcc_rel.a(startup_sam3xa.o)
                0x00080000                exception_table
 *(.text .text.* .gnu.linkonce.t.*)
 .text          0x000800f4       0x54 c:/users/troy neubauer/appdata/local/arduino15/packages/arduino/tools/arm-none-eabi-gcc/4.8.3-2014q1/bin/../lib/gcc/arm-none-eabi/4.8.3/armv7-m/crtbegin.o
 .text.loop     0x00080148        0x2 C:\Users\Troy Neubauer\AppData\Local\Temp\VMBuilds\Arduino Benchmark\arduino_due_x_dbg\Release\Arduino Benchmark.cpp.o
                0x00080148                loop
 *fill*         0x0008014a        0x2 
 .text.setup    0x0008014c      0x188 C:\Users\Troy Neubauer\AppData\Local\Temp\VMBuilds\Arduino Benchmark\arduino_due_x_dbg\Release\Arduino Benchmark.cpp.o
                0x0008014c                setup
 .text._Z11serialEventv
                0x000802d4        0x2 C:\Users\Troy Neubauer\AppData\Local\Temp\VMBCore\arduino16x\2607422fee9242fcb4843b1221ba9f67\variant\variant.cpp.o
                0x000802d4                serialEvent()
 *fill*         0x000802d6        0x2 
 .text.UART_Handler
                0x000802d8        0xc C:\Users\Troy Neubauer\AppData\Local\Temp\VMBCore\arduino16x\2607422fee9242fcb4843b1221ba9f67\variant\variant.cpp.o
                0x000802d8                UART_Handler
 .text._Z12serialEvent1v
                0x000802e4        0x2 C:\Users\Troy Neubauer\AppData\Local\Temp\VMBCore\arduino16x\2607422fee9242fcb4843b1221ba9f67\variant\variant.cpp.o
                0x000802e4                serialEvent1()
 .text._Z12serialEvent2v
                0x000802e6        0x2 C:\Users\Troy Neubauer\AppData\Local\Temp\VMBCore\arduino16x\2607422fee9242fcb4843b1221ba9f67\variant\variant.cpp.o
                0x000802e6                serialEvent2()
 .text._Z12serialEvent3v
                0x000802e8        0x2 C:\Users\Troy Neubauer\AppData\Local\Temp\VMBCore\arduino16x\2607422fee9242fcb4843b1221ba9f67\variant\variant.cpp.o
                0x000802e8                serialEvent3()
 *fill*         0x000802ea        0x2 
 .text.USART0_Handler
                0x000802ec        0xc C:\Users\Troy Neubauer\AppData\Local\Temp\VMBCore\arduino16x\2607422fee9242fcb4843b1221ba9f67\variant\variant.cpp.o
                0x000802ec                USART0_Handler
 .text.USART1_Handler
                0x000802f8        0xc C:\Users\Troy Neubauer\AppData\Local\Temp\VMBCore\arduino16x\2607422fee9242fcb4843b1221ba9f67\variant\variant.cpp.o
                0x000802f8                USART1_Handler
 .text.USART3_Handler
                0x00080304        0xc C:\Users\Troy Neubauer\AppData\Local\Temp\VMBCore\arduino16x\2607422fee9242fcb4843b1221ba9f67\variant\variant.cpp.o
                0x00080304                USART3_Handler
 .text.init     0x00080310      0x128 C:\Users\Troy Neubauer\AppData\Local\Temp\VMBCore\arduino16x\2607422fee9242fcb4843b1221ba9f67\variant\variant.cpp.o
                0x00080310                init
 .text.startup._GLOBAL__sub_I_g_APinDescription
                0x00080438       0xd4 C:\Users\Troy Neubauer\AppData\Local\Temp\VMBCore\arduino16x\2607422fee9242fcb4843b1221ba9f67\variant\variant.cpp.o
 .text._Z14serialEventRunv
                0x0008050c       0x44 C:\Users\Troy Neubauer\AppData\Local\Temp\VMBCore\arduino16x\2607422fee9242fcb4843b1221ba9f67\variant\variant.cpp.o
                0x0008050c                serialEventRun()
 .text.PIO_PullUp
                0x00080550        0xa C:\Users\Troy Neubauer\AppData\Local\arduino15\packages\arduino\hardware\sam\1.6.11\variants\arduino_due_x/libsam_sam3x8e_gcc_rel.a(pio.o)
                0x00080550                PIO_PullUp
 .text.PIO_SetPeripheral
                0x0008055a       0x26 C:\Users\Troy Neubauer\AppData\Local\arduino15\packages\arduino\hardware\sam\1.6.11\variants\arduino_due_x/libsam_sam3x8e_gcc_rel.a(pio.o)
                0x0008055a                PIO_SetPeripheral
 .text.PIO_SetInput
                0x00080580       0x26 C:\Users\Troy Neubauer\AppData\Local\arduino15\packages\arduino\hardware\sam\1.6.11\variants\arduino_due_x/libsam_sam3x8e_gcc_rel.a(pio.o)
                0x00080580                PIO_SetInput
 .text.PIO_SetOutput
                0x000805a6       0x24 C:\Users\Troy Neubauer\AppData\Local\arduino15\packages\arduino\hardware\sam\1.6.11\variants\arduino_due_x/libsam_sam3x8e_gcc_rel.a(pio.o)
                0x000805a6                PIO_SetOutput
 *fill*         0x000805ca        0x2 
 .text.PIO_Configure
                0x000805cc       0x64 C:\Users\Troy Neubauer\AppData\Local\arduino15\packages\arduino\hardware\sam\1.6.11\variants\arduino_due_x/libsam_sam3x8e_gcc_rel.a(pio.o)
                0x000805cc                PIO_Configure
 .text.PIO_GetOutputDataStatus
                0x00080630       0x14 C:\Users\Troy Neubauer\AppData\Local\arduino15\packages\arduino\hardware\sam\1.6.11\variants\arduino_due_x/libsam_sam3x8e_gcc_rel.a(pio.o)
                0x00080630                PIO_GetOutputDataStatus
 .text.pmc_enable_upll_clock
                0x00080644       0x14 C:\Users\Troy Neubauer\AppData\Local\arduino15\packages\arduino\hardware\sam\1.6.11\variants\arduino_due_x/libsam_sam3x8e_gcc_rel.a(pmc.o)
                0x00080644                pmc_enable_upll_clock
 .text.pmc_enable_periph_clk
                0x00080658       0x44 C:\Users\Troy Neubauer\AppData\Local\arduino15\packages\arduino\hardware\sam\1.6.11\variants\arduino_due_x/libsam_sam3x8e_gcc_rel.a(pmc.o)
                0x00080658                pmc_enable_periph_clk
 .text.pmc_disable_periph_clk
                0x0008069c       0x40 C:\Users\Troy Neubauer\AppData\Local\arduino15\packages\arduino\hardware\sam\1.6.11\variants\arduino_due_x/libsam_sam3x8e_gcc_rel.a(pmc.o)
                0x0008069c                pmc_disable_periph_clk
 .text.pmc_switch_udpck_to_upllck
                0x000806dc       0x14 C:\Users\Troy Neubauer\AppData\Local\arduino15\packages\arduino\hardware\sam\1.6.11\variants\arduino_due_x/libsam_sam3x8e_gcc_rel.a(pmc.o)
                0x000806dc                pmc_switch_udpck_to_upllck
 .text.pmc_enable_udpck
                0x000806f0        0xc C:\Users\Troy Neubauer\AppData\Local\arduino15\packages\arduino\hardware\sam\1.6.11\variants\arduino_due_x/libsam_sam3x8e_gcc_rel.a(pmc.o)
                0x000806f0                pmc_enable_udpck
 .text.SystemInit
                0x000806fc       0x88 C:\Users\Troy Neubauer\AppData\Local\arduino15\packages\arduino\hardware\sam\1.6.11\variants\arduino_due_x/libsam_sam3x8e_gcc_rel.a(system_sam3xa.o)
                0x000806fc                SystemInit
 .text.Reset_Handler
                0x00080784       0x78 C:\Users\Troy Neubauer\AppData\Local\arduino15\packages\arduino\hardware\sam\1.6.11\variants\arduino_due_x/libsam_sam3x8e_gcc_rel.a(startup_sam3xa.o)
                0x00080784                Reset_Handler
 .text.adc_init
                0x000807fc       0x98 C:\Users\Troy Neubauer\AppData\Local\arduino15\packages\arduino\hardware\sam\1.6.11\variants\arduino_due_x/libsam_sam3x8e_gcc_rel.a(adc.o)
                0x000807fc                adc_init
 .text.adc_configure_trigger
                0x00080894        0xe C:\Users\Troy Neubauer\AppData\Local\arduino15\packages\arduino\hardware\sam\1.6.11\variants\arduino_due_x/libsam_sam3x8e_gcc_rel.a(adc.o)
                0x00080894                adc_configure_trigger
 .text.adc_configure_timing
                0x000808a2       0x1a C:\Users\Troy Neubauer\AppData\Local\arduino15\packages\arduino\hardware\sam\1.6.11\variants\arduino_due_x/libsam_sam3x8e_gcc_rel.a(adc.o)
                0x000808a2                adc_configure_timing
 .text.adc_disable_channel
                0x000808bc        0xa C:\Users\Troy Neubauer\AppData\Local\arduino15\packages\arduino\hardware\sam\1.6.11\variants\arduino_due_x/libsam_sam3x8e_gcc_rel.a(adc.o)
                0x000808bc                adc_disable_channel
 .text.adc_disable_all_channel
                0x000808c6        0x8 C:\Users\Troy Neubauer\AppData\Local\arduino15\packages\arduino\hardware\sam\1.6.11\variants\arduino_due_x/libsam_sam3x8e_gcc_rel.a(adc.o)
                0x000808c6                adc_disable_all_channel
 .text.adc_disable_interrupt
                0x000808ce        0x4 C:\Users\Troy Neubauer\AppData\Local\arduino15\packages\arduino\hardware\sam\1.6.11\variants\arduino_due_x/libsam_sam3x8e_gcc_rel.a(adc.o)
                0x000808ce                adc_disable_interrupt
 *fill*         0x000808d2        0x2 
 .text.UOTGHS_Handler
                0x000808d4       0x10 C:\Users\Troy Neubauer\AppData\Local\arduino15\packages\arduino\hardware\sam\1.6.11\variants\arduino_due_x/libsam_sam3x8e_gcc_rel.a(uotghs.o)
                0x000808d4                UOTGHS_Handler
 .text.__halt   0x000808e4        0x2 C:\Users\Troy Neubauer\AppData\Local\Temp\VMBuilds\Arduino Benchmark\arduino_due_x_dbg\Release/core.a(cortex_handlers.c.o)
                0x000808e4                DACC_Handler
                0x000808e4                DebugMon_Handler
                0x000808e4                DMAC_Handler
                0x000808e4                TRNG_Handler
                0x000808e4                HardFault_Handler
                0x000808e4                TC2_Handler
                0x000808e4                TWI1_Handler
                0x000808e4                NMI_Handler
                0x000808e4                TC7_Handler
                0x000808e4                ADC_Handler
                0x000808e4                SMC_Handler
                0x000808e4                RTT_Handler
                0x000808e4                EFC1_Handler
                0x000808e4                PIOB_Handler
                0x000808e4                RTC_Handler
                0x000808e4                UsageFault_Handler
                0x000808e4                TC6_Handler
                0x000808e4                WDT_Handler
                0x000808e4                CAN0_Handler
                0x000808e4                TC4_Handler
                0x000808e4                TC1_Handler
                0x000808e4                HSMCI_Handler
                0x000808e4                TC3_Handler
                0x000808e4                TWI0_Handler
                0x000808e4                PIOA_Handler
                0x000808e4                SSC_Handler
                0x000808e4                EFC0_Handler
                0x000808e4                PMC_Handler
                0x000808e4                PWM_Handler
                0x000808e4                CAN1_Handler
                0x000808e4                MemManage_Handler
                0x000808e4                SUPC_Handler
                0x000808e4                TC8_Handler
                0x000808e4                USART2_Handler
                0x000808e4                PIOD_Handler
                0x000808e4                EMAC_Handler
                0x000808e4                PIOC_Handler
                0x000808e4                BusFault_Handler
                0x000808e4                RSTC_Handler
                0x000808e4                TC0_Handler
                0x000808e4                TC5_Handler
                0x000808e4                SPI0_Handler
 .text.SVC_Handler
                0x000808e6        0x4 C:\Users\Troy Neubauer\AppData\Local\Temp\VMBuilds\Arduino Benchmark\arduino_due_x_dbg\Release/core.a(cortex_handlers.c.o)
                0x000808e6                SVC_Handler
 .text.PendSV_Handler
                0x000808ea        0x4 C:\Users\Troy Neubauer\AppData\Local\Temp\VMBuilds\Arduino Benchmark\arduino_due_x_dbg\Release/core.a(cortex_handlers.c.o)
                0x000808ea                PendSV_Handler
 .text.SysTick_Handler
                0x000808ee       0x16 C:\Users\Troy Neubauer\AppData\Local\Temp\VMBuilds\Arduino Benchmark\arduino_due_x_dbg\Release/core.a(cortex_handlers.c.o)
                0x000808ee                SysTick_Handler
 .text.__empty  0x00080904        0x2 C:\Users\Troy Neubauer\AppData\Local\Temp\VMBuilds\Arduino Benchmark\arduino_due_x_dbg\Release/core.a(hooks.c.o)
                0x00080904                yield
 .text.__false  0x00080906        0x4 C:\Users\Troy Neubauer\AppData\Local\Temp\VMBuilds\Arduino Benchmark\arduino_due_x_dbg\Release/core.a(hooks.c.o)
                0x00080906                sysTickHook
 .text.__halt   0x0008090a        0x2 C:\Users\Troy Neubauer\AppData\Local\Temp\VMBuilds\Arduino Benchmark\arduino_due_x_dbg\Release/core.a(hooks.c.o)
                0x0008090a                svcHook
                0x0008090a                pendSVHook
 .text._sbrk    0x0008090c       0x1c C:\Users\Troy Neubauer\AppData\Local\Temp\VMBuilds\Arduino Benchmark\arduino_due_x_dbg\Release/core.a(syscalls_sam3.c.o)
                0x0008090c                _sbrk
 .text.link     0x00080928        0x6 C:\Users\Troy Neubauer\AppData\Local\Temp\VMBuilds\Arduino Benchmark\arduino_due_x_dbg\Release/core.a(syscalls_sam3.c.o)
                0x00080928                link
 .text._close   0x0008092e        0x6 C:\Users\Troy Neubauer\AppData\Local\Temp\VMBuilds\Arduino Benchmark\arduino_due_x_dbg\Release/core.a(syscalls_sam3.c.o)
                0x0008092e                _close
 .text._fstat   0x00080934        0xa C:\Users\Troy Neubauer\AppData\Local\Temp\VMBuilds\Arduino Benchmark\arduino_due_x_dbg\Release/core.a(syscalls_sam3.c.o)
                0x00080934                _fstat
 .text._isatty  0x0008093e        0x4 C:\Users\Troy Neubauer\AppData\Local\Temp\VMBuilds\Arduino Benchmark\arduino_due_x_dbg\Release/core.a(syscalls_sam3.c.o)
                0x0008093e                _isatty
 .text._lseek   0x00080942        0x4 C:\Users\Troy Neubauer\AppData\Local\Temp\VMBuilds\Arduino Benchmark\arduino_due_x_dbg\Release/core.a(syscalls_sam3.c.o)
                0x00080942                _lseek
 .text._read    0x00080946        0x4 C:\Users\Troy Neubauer\AppData\Local\Temp\VMBuilds\Arduino Benchmark\arduino_due_x_dbg\Release/core.a(syscalls_sam3.c.o)
                0x00080946                _read
 *fill*         0x0008094a        0x2 
 .text._write   0x0008094c       0x24 C:\Users\Troy Neubauer\AppData\Local\Temp\VMBuilds\Arduino Benchmark\arduino_due_x_dbg\Release/core.a(syscalls_sam3.c.o)
                0x0008094c                _write
 .text._exit    0x00080970       0x10 C:\Users\Troy Neubauer\AppData\Local\Temp\VMBuilds\Arduino Benchmark\arduino_due_x_dbg\Release/core.a(syscalls_sam3.c.o)
                0x00080970                _exit
 .text._kill    0x00080980        0x2 C:\Users\Troy Neubauer\AppData\Local\Temp\VMBuilds\Arduino Benchmark\arduino_due_x_dbg\Release/core.a(syscalls_sam3.c.o)
                0x00080980                _kill
 .text._getpid  0x00080982        0x6 C:\Users\Troy Neubauer\AppData\Local\Temp\VMBuilds\Arduino Benchmark\arduino_due_x_dbg\Release/core.a(syscalls_sam3.c.o)
                0x00080982                _getpid
 .text.micros   0x00080988       0x74 C:\Users\Troy Neubauer\AppData\Local\Temp\VMBuilds\Arduino Benchmark\arduino_due_x_dbg\Release/core.a(wiring.c.o)
                0x00080988                micros
 .text.delay    0x000809fc       0x1c C:\Users\Troy Neubauer\AppData\Local\Temp\VMBuilds\Arduino Benchmark\arduino_due_x_dbg\Release/core.a(wiring.c.o)
                0x000809fc                delay
 .text.analogOutputInit
                0x00080a18        0x2 C:\Users\Troy Neubauer\AppData\Local\Temp\VMBuilds\Arduino Benchmark\arduino_due_x_dbg\Release/core.a(wiring_analog.c.o)
                0x00080a18                analogOutputInit
 *fill*         0x00080a1a        0x2 
 .text.pinMode  0x00080a1c      0x108 C:\Users\Troy Neubauer\AppData\Local\Temp\VMBuilds\Arduino Benchmark\arduino_due_x_dbg\Release/core.a(wiring_digital.c.o)
                0x00080a1c                pinMode
 .text.digitalWrite
                0x00080b24       0x70 C:\Users\Troy Neubauer\AppData\Local\Temp\VMBuilds\Arduino Benchmark\arduino_due_x_dbg\Release/core.a(wiring_digital.c.o)
                0x00080b24                digitalWrite
 .text.initVariant
                0x00080b94        0x2 C:\Users\Troy Neubauer\AppData\Local\Temp\VMBuilds\Arduino Benchmark\arduino_due_x_dbg\Release/core.a(main.cpp.o)
                0x00080b94                initVariant
 *fill*         0x00080b96        0x2 
 .text.startup.main
                0x00080b98       0x38 C:\Users\Troy Neubauer\AppData\Local\Temp\VMBuilds\Arduino Benchmark\arduino_due_x_dbg\Release/core.a(main.cpp.o)
                0x00080b98                main
 .text._ZN5Print5writeEPKhj
                0x00080bd0       0x22 C:\Users\Troy Neubauer\AppData\Local\Temp\VMBuilds\Arduino Benchmark\arduino_due_x_dbg\Release/core.a(Print.cpp.o)
                0x00080bd0                Print::write(unsigned char const*, unsigned int)
 .text._ZN5Print5printEmi.part.3
                0x00080bf2        0xc C:\Users\Troy Neubauer\AppData\Local\Temp\VMBuilds\Arduino Benchmark\arduino_due_x_dbg\Release/core.a(Print.cpp.o)
 .text._ZN5Print5writeEPKc
                0x00080bfe       0x1e C:\Users\Troy Neubauer\AppData\Local\Temp\VMBuilds\Arduino Benchmark\arduino_due_x_dbg\Release/core.a(Print.cpp.o)
                0x00080bfe                Print::write(char const*)
 .text._ZN5Print5printEPK19__FlashStringHelper
                0x00080c1c        0x8 C:\Users\Troy Neubauer\AppData\Local\Temp\VMBuilds\Arduino Benchmark\arduino_due_x_dbg\Release/core.a(Print.cpp.o)
                0x00080c1c                Print::print(__FlashStringHelper const*)
 .text._ZN5Print5printEPKc
                0x00080c24        0x8 C:\Users\Troy Neubauer\AppData\Local\Temp\VMBuilds\Arduino Benchmark\arduino_due_x_dbg\Release/core.a(Print.cpp.o)
                0x00080c24                Print::print(char const*)
 .text._ZN5Print5printEc
                0x00080c2c        0xa C:\Users\Troy Neubauer\AppData\Local\Temp\VMBuilds\Arduino Benchmark\arduino_due_x_dbg\Release/core.a(Print.cpp.o)
                0x00080c2c                Print::print(char)
 *fill*         0x00080c36        0x2 
 .text._ZN5Print7printlnEv
                0x00080c38       0x10 C:\Users\Troy Neubauer\AppData\Local\Temp\VMBuilds\Arduino Benchmark\arduino_due_x_dbg\Release/core.a(Print.cpp.o)
                0x00080c38                Print::println()
 .text._ZN5Print7printlnEPKc
                0x00080c48       0x14 C:\Users\Troy Neubauer\AppData\Local\Temp\VMBuilds\Arduino Benchmark\arduino_due_x_dbg\Release/core.a(Print.cpp.o)
                0x00080c48                Print::println(char const*)
 .text._ZN5Print11printNumberEmh
                0x00080c5c       0x3e C:\Users\Troy Neubauer\AppData\Local\Temp\VMBuilds\Arduino Benchmark\arduino_due_x_dbg\Release/core.a(Print.cpp.o)
                0x00080c5c                Print::printNumber(unsigned long, unsigned char)
 .text._ZN5Print5printEmi
                0x00080c9a        0xc C:\Users\Troy Neubauer\AppData\Local\Temp\VMBuilds\Arduino Benchmark\arduino_due_x_dbg\Release/core.a(Print.cpp.o)
                0x00080c9a                Print::print(unsigned long, int)
 .text._ZN5Print7printlnEji
                0x00080ca6       0x14 C:\Users\Troy Neubauer\AppData\Local\Temp\VMBuilds\Arduino Benchmark\arduino_due_x_dbg\Release/core.a(Print.cpp.o)
                0x00080ca6                Print::println(unsigned int, int)
 .text._ZN5Print7printlnEmi
                0x00080cba       0x14 C:\Users\Troy Neubauer\AppData\Local\Temp\VMBuilds\Arduino Benchmark\arduino_due_x_dbg\Release/core.a(Print.cpp.o)
                0x00080cba                Print::println(unsigned long, int)
 *fill*         0x00080cce        0x2 
 .text._ZN5Print10printFloatEdh
                0x00080cd0      0x148 C:\Users\Troy Neubauer\AppData\Local\Temp\VMBuilds\Arduino Benchmark\arduino_due_x_dbg\Release/core.a(Print.cpp.o)
                0x00080cd0                Print::printFloat(double, unsigned char)
 .text._ZN5Print5printEdi
                0x00080e18        0xa C:\Users\Troy Neubauer\AppData\Local\Temp\VMBuilds\Arduino Benchmark\arduino_due_x_dbg\Release/core.a(Print.cpp.o)
                0x00080e18                Print::print(double, int)
 .text._ZN5Print7printlnEdi
                0x00080e22       0x1c C:\Users\Troy Neubauer\AppData\Local\Temp\VMBuilds\Arduino Benchmark\arduino_due_x_dbg\Release/core.a(Print.cpp.o)
                0x00080e22                Print::println(double, int)
 *fill*         0x00080e3e        0x2 
 .text.initiateReset
                0x00080e40        0xc C:\Users\Troy Neubauer\AppData\Local\Temp\VMBuilds\Arduino Benchmark\arduino_due_x_dbg\Release/core.a(Reset.cpp.o)
                0x00080e40                initiateReset
 .text.cancelReset
                0x00080e4c       0x10 C:\Users\Troy Neubauer\AppData\Local\Temp\VMBuilds\Arduino Benchmark\arduino_due_x_dbg\Release/core.a(Reset.cpp.o)
                0x00080e4c                cancelReset
 .text.tickReset
                0x00080e5c       0x20 C:\Users\Troy Neubauer\AppData\Local\Temp\VMBuilds\Arduino Benchmark\arduino_due_x_dbg\Release/core.a(Reset.cpp.o)
                0x00080e5c                tickReset
 .text._ZN10RingBufferC2Ev
                0x00080e7c       0x1a C:\Users\Troy Neubauer\AppData\Local\Temp\VMBuilds\Arduino Benchmark\arduino_due_x_dbg\Release/core.a(RingBuffer.cpp.o)
                0x00080e7c                RingBuffer::RingBuffer()
                0x00080e7c                RingBuffer::RingBuffer()
 .text._ZN10RingBuffer10store_charEh
                0x00080e96       0x1e C:\Users\Troy Neubauer\AppData\Local\Temp\VMBuilds\Arduino Benchmark\arduino_due_x_dbg\Release/core.a(RingBuffer.cpp.o)
                0x00080e96                RingBuffer::store_char(unsigned char)
 .text._ZN9UARTClasscvbEv
                0x00080eb4        0x4 C:\Users\Troy Neubauer\AppData\Local\Temp\VMBuilds\Arduino Benchmark\arduino_due_x_dbg\Release/core.a(UARTClass.cpp.o)
                0x00080eb4                UARTClass::operator bool()
 .text._ZN9UARTClass9availableEv
                0x00080eb8       0x12 C:\Users\Troy Neubauer\AppData\Local\Temp\VMBuilds\Arduino Benchmark\arduino_due_x_dbg\Release/core.a(UARTClass.cpp.o)
                0x00080eb8                UARTClass::available()
 .text._ZN9UARTClass4peekEv
                0x00080eca       0x1c C:\Users\Troy Neubauer\AppData\Local\Temp\VMBuilds\Arduino Benchmark\arduino_due_x_dbg\Release/core.a(UARTClass.cpp.o)
                0x00080eca                UARTClass::peek()
 .text._ZN9UARTClass4readEv
                0x00080ee6       0x2a C:\Users\Troy Neubauer\AppData\Local\Temp\VMBuilds\Arduino Benchmark\arduino_due_x_dbg\Release/core.a(UARTClass.cpp.o)
                0x00080ee6                UARTClass::read()
 .text._ZN9UARTClass5flushEv
                0x00080f10       0x18 C:\Users\Troy Neubauer\AppData\Local\Temp\VMBuilds\Arduino Benchmark\arduino_due_x_dbg\Release/core.a(UARTClass.cpp.o)
                0x00080f10                UARTClass::flush()
 .text._ZN9UARTClass5writeEh
                0x00080f28       0x54 C:\Users\Troy Neubauer\AppData\Local\Temp\VMBuilds\Arduino Benchmark\arduino_due_x_dbg\Release/core.a(UARTClass.cpp.o)
                0x00080f28                UARTClass::write(unsigned char)
 .text._ZN9UARTClass3endEv
                0x00080f7c       0x3c C:\Users\Troy Neubauer\AppData\Local\Temp\VMBuilds\Arduino Benchmark\arduino_due_x_dbg\Release/core.a(UARTClass.cpp.o)
                0x00080f7c                UARTClass::end()
 .text._ZN9UARTClassC2EP4Uart4IRQnmP10RingBufferS4_
                0x00080fb8       0x24 C:\Users\Troy Neubauer\AppData\Local\Temp\VMBuilds\Arduino Benchmark\arduino_due_x_dbg\Release/core.a(UARTClass.cpp.o)
                0x00080fb8                UARTClass::UARTClass(Uart*, IRQn, unsigned long, RingBuffer*, RingBuffer*)
                0x00080fb8                UARTClass::UARTClass(Uart*, IRQn, unsigned long, RingBuffer*, RingBuffer*)
 .text._ZN9UARTClass4initEmm
                0x00080fdc       0x70 C:\Users\Troy Neubauer\AppData\Local\Temp\VMBuilds\Arduino Benchmark\arduino_due_x_dbg\Release/core.a(UARTClass.cpp.o)
                0x00080fdc                UARTClass::init(unsigned long, unsigned long)
 .text._ZN9UARTClass5beginEm
                0x0008104c        0x8 C:\Users\Troy Neubauer\AppData\Local\Temp\VMBuilds\Arduino Benchmark\arduino_due_x_dbg\Release/core.a(UARTClass.cpp.o)
                0x0008104c                UARTClass::begin(unsigned long)
 .text._ZN9UARTClass10IrqHandlerEv
                0x00081054       0x5a C:\Users\Troy Neubauer\AppData\Local\Temp\VMBuilds\Arduino Benchmark\arduino_due_x_dbg\Release/core.a(UARTClass.cpp.o)
                0x00081054                UARTClass::IrqHandler()
 .text._ZN10USARTClass5beginEm
                0x000810ae        0x8 C:\Users\Troy Neubauer\AppData\Local\Temp\VMBuilds\Arduino Benchmark\arduino_due_x_dbg\Release/core.a(USARTClass.cpp.o)
                0x000810ae                USARTClass::begin(unsigned long)
 *fill*         0x000810b6        0x2 
 .text._ZN10USARTClassC2EP5Usart4IRQnmP10RingBufferS4_
                0x000810b8       0x24 C:\Users\Troy Neubauer\AppData\Local\Temp\VMBuilds\Arduino Benchmark\arduino_due_x_dbg\Release/core.a(USARTClass.cpp.o)
                0x000810b8                USARTClass::USARTClass(Usart*, IRQn, unsigned long, RingBuffer*, RingBuffer*)
                0x000810b8                USARTClass::USARTClass(Usart*, IRQn, unsigned long, RingBuffer*, RingBuffer*)
 .text._watchdogDefaultSetup
                0x000810dc        0xc C:\Users\Troy Neubauer\AppData\Local\Temp\VMBuilds\Arduino Benchmark\arduino_due_x_dbg\Release/core.a(watchdog.cpp.o)
                0x000810dc                _watchdogDefaultSetup
                0x000810dc                watchdogSetup()
 .text.unlikely._ZL11USB_SendZlpv
                0x000810e8       0x20 C:\Users\Troy Neubauer\AppData\Local\Temp\VMBuilds\Arduino Benchmark\arduino_due_x_dbg\Release/core.a(USBCore.cpp.o)
 .text._Z14USBD_Availablem
                0x00081108       0x2c C:\Users\Troy Neubauer\AppData\Local\Temp\VMBuilds\Arduino Benchmark\arduino_due_x_dbg\Release/core.a(USBCore.cpp.o)
                0x00081108                USBD_Available(unsigned long)
 .text._Z9USBD_RecvmPvm
                0x00081134       0x7c C:\Users\Troy Neubauer\AppData\Local\Temp\VMBuilds\Arduino Benchmark\arduino_due_x_dbg\Release/core.a(USBCore.cpp.o)
                0x00081134                USBD_Recv(unsigned long, void*, unsigned long)
 .text._Z9USBD_Recvm
                0x000811b0       0x22 C:\Users\Troy Neubauer\AppData\Local\Temp\VMBuilds\Arduino Benchmark\arduino_due_x_dbg\Release/core.a(USBCore.cpp.o)
                0x000811b0                USBD_Recv(unsigned long)
 *fill*         0x000811d2        0x2 
 .text._Z9USBD_SendmPKvm
                0x000811d4       0x4c C:\Users\Troy Neubauer\AppData\Local\Temp\VMBuilds\Arduino Benchmark\arduino_due_x_dbg\Release/core.a(USBCore.cpp.o)
                0x000811d4                USBD_Send(unsigned long, void const*, unsigned long)
 .text._Z16USBD_SendControlhPKvm
                0x00081220       0x40 C:\Users\Troy Neubauer\AppData\Local\Temp\VMBuilds\Arduino Benchmark\arduino_due_x_dbg\Release/core.a(USBCore.cpp.o)
                0x00081220                USBD_SendControl(unsigned char, void const*, unsigned long)
 .text.unlikely._ZL24USB_SendStringDescriptorPKhi
                0x00081260       0x64 C:\Users\Troy Neubauer\AppData\Local\Temp\VMBuilds\Arduino Benchmark\arduino_due_x_dbg\Release/core.a(USBCore.cpp.o)
 .text._Z16USBD_RecvControlPvm
                0x000812c4       0x1c C:\Users\Troy Neubauer\AppData\Local\Temp\VMBuilds\Arduino Benchmark\arduino_due_x_dbg\Release/core.a(USBCore.cpp.o)
                0x000812c4                USBD_RecvControl(void*, unsigned long)
 .text._Z26USBD_ClassInterfaceRequestR8USBSetup
                0x000812e0       0x1e C:\Users\Troy Neubauer\AppData\Local\Temp\VMBuilds\Arduino Benchmark\arduino_due_x_dbg\Release/core.a(USBCore.cpp.o)
                0x000812e0                USBD_ClassInterfaceRequest(USBSetup&)
 .text._Z19USBD_SendInterfacesv
                0x000812fe       0x22 C:\Users\Troy Neubauer\AppData\Local\Temp\VMBuilds\Arduino Benchmark\arduino_due_x_dbg\Release/core.a(USBCore.cpp.o)
                0x000812fe                USBD_SendInterfaces()
 .text._Z24USBD_SendOtherInterfacesv
                0x00081320       0x22 C:\Users\Troy Neubauer\AppData\Local\Temp\VMBuilds\Arduino Benchmark\arduino_due_x_dbg\Release/core.a(USBCore.cpp.o)
                0x00081320                USBD_SendOtherInterfaces()
 .text._Z10USBD_Flushm
                0x00081342       0x16 C:\Users\Troy Neubauer\AppData\Local\Temp\VMBuilds\Arduino Benchmark\arduino_due_x_dbg\Release/core.a(USBCore.cpp.o)
                0x00081342                USBD_Flush(unsigned long)
 .text._ZN10USBDevice_C2Ev
                0x00081358       0x24 C:\Users\Troy Neubauer\AppData\Local\Temp\VMBuilds\Arduino Benchmark\arduino_due_x_dbg\Release/core.a(USBCore.cpp.o)
                0x00081358                USBDevice_::USBDevice_()
                0x00081358                USBDevice_::USBDevice_()
 .text._ZN10USBDevice_6attachEv
                0x0008137c       0x20 C:\Users\Troy Neubauer\AppData\Local\Temp\VMBuilds\Arduino Benchmark\arduino_due_x_dbg\Release/core.a(USBCore.cpp.o)
                0x0008137c                USBDevice_::attach()
 .text.startup._GLOBAL__sub_I_EndPoints
                0x0008139c        0xc C:\Users\Troy Neubauer\AppData\Local\Temp\VMBuilds\Arduino Benchmark\arduino_due_x_dbg\Release/core.a(USBCore.cpp.o)
 .text._ZL7USB_ISRv
                0x000813a8      0x454 C:\Users\Troy Neubauer\AppData\Local\Temp\VMBuilds\Arduino Benchmark\arduino_due_x_dbg\Release/core.a(USBCore.cpp.o)
 .text._ZN7Serial_9availableEv
                0x000817fc       0x18 C:\Users\Troy Neubauer\AppData\Local\Temp\VMBuilds\Arduino Benchmark\arduino_due_x_dbg\Release/core.a(CDC.cpp.o)
                0x000817fc                Serial_::available()
 .text._ZN7Serial_17availableForWriteEv
                0x00081814        0x6 C:\Users\Troy Neubauer\AppData\Local\Temp\VMBuilds\Arduino Benchmark\arduino_due_x_dbg\Release/core.a(CDC.cpp.o)
                0x00081814                Serial_::availableForWrite()
 *fill*         0x0008181a        0x2 
 .text._ZN7Serial_4peekEv
                0x0008181c       0x20 C:\Users\Troy Neubauer\AppData\Local\Temp\VMBuilds\Arduino Benchmark\arduino_due_x_dbg\Release/core.a(CDC.cpp.o)
                0x0008181c                Serial_::peek()
 .text._ZN7Serial_5writeEh
                0x0008183c       0x16 C:\Users\Troy Neubauer\AppData\Local\Temp\VMBuilds\Arduino Benchmark\arduino_due_x_dbg\Release/core.a(CDC.cpp.o)
                0x0008183c                Serial_::write(unsigned char)
 *fill*         0x00081852        0x2 
 .text._ZN7Serial_4readEv
                0x00081854       0x44 C:\Users\Troy Neubauer\AppData\Local\Temp\VMBuilds\Arduino Benchmark\arduino_due_x_dbg\Release/core.a(CDC.cpp.o)
                0x00081854                Serial_::read()
 .text._ZN7Serial_5flushEv
                0x00081898        0x6 C:\Users\Troy Neubauer\AppData\Local\Temp\VMBuilds\Arduino Benchmark\arduino_due_x_dbg\Release/core.a(CDC.cpp.o)
                0x00081898                Serial_::flush()
 *fill*         0x0008189e        0x2 
 .text._ZN7Serial_6acceptEv
                0x000818a0       0x70 C:\Users\Troy Neubauer\AppData\Local\Temp\VMBuilds\Arduino Benchmark\arduino_due_x_dbg\Release/core.a(CDC.cpp.o)
                0x000818a0                Serial_::accept()
 .text._ZN7Serial_5writeEPKhj
                0x00081910       0x2c C:\Users\Troy Neubauer\AppData\Local\Temp\VMBuilds\Arduino Benchmark\arduino_due_x_dbg\Release/core.a(CDC.cpp.o)
                0x00081910                Serial_::write(unsigned char const*, unsigned int)
 .text._Z16CDC_GetInterfacePh
                0x0008193c       0x14 C:\Users\Troy Neubauer\AppData\Local\Temp\VMBuilds\Arduino Benchmark\arduino_due_x_dbg\Release/core.a(CDC.cpp.o)
                0x0008193c                CDC_GetInterface(unsigned char*)
 .text._Z21CDC_GetOtherInterfacePh
                0x00081950       0x14 C:\Users\Troy Neubauer\AppData\Local\Temp\VMBuilds\Arduino Benchmark\arduino_due_x_dbg\Release/core.a(CDC.cpp.o)
                0x00081950                CDC_GetOtherInterface(unsigned char*)
 .text._Z9CDC_SetupR8USBSetup
                0x00081964       0x78 C:\Users\Troy Neubauer\AppData\Local\Temp\VMBuilds\Arduino Benchmark\arduino_due_x_dbg\Release/core.a(CDC.cpp.o)
                0x00081964                CDC_Setup(USBSetup&)
 .text.startup._GLOBAL__sub_I_cdc_rx_buffer
                0x000819dc       0x1c C:\Users\Troy Neubauer\AppData\Local\Temp\VMBuilds\Arduino Benchmark\arduino_due_x_dbg\Release/core.a(CDC.cpp.o)
 .text._ZN13PluggableUSB_12getInterfaceEPh
                0x000819f8       0x28 C:\Users\Troy Neubauer\AppData\Local\Temp\VMBuilds\Arduino Benchmark\arduino_due_x_dbg\Release/core.a(PluggableUSB.cpp.o)
                0x000819f8                PluggableUSB_::getInterface(unsigned char*)
 .text._ZN13PluggableUSB_13getDescriptorER8USBSetup
                0x00081a20       0x1c C:\Users\Troy Neubauer\AppData\Local\Temp\VMBuilds\Arduino Benchmark\arduino_due_x_dbg\Release/core.a(PluggableUSB.cpp.o)
                0x00081a20                PluggableUSB_::getDescriptor(USBSetup&)
 .text._ZN13PluggableUSB_12getShortNameEPc
                0x00081a3c       0x1c C:\Users\Troy Neubauer\AppData\Local\Temp\VMBuilds\Arduino Benchmark\arduino_due_x_dbg\Release/core.a(PluggableUSB.cpp.o)
                0x00081a3c                PluggableUSB_::getShortName(char*)
 .text._ZN13PluggableUSB_5setupER8USBSetup
                0x00081a58       0x20 C:\Users\Troy Neubauer\AppData\Local\Temp\VMBuilds\Arduino Benchmark\arduino_due_x_dbg\Release/core.a(PluggableUSB.cpp.o)
                0x00081a58                PluggableUSB_::setup(USBSetup&)
 .text._Z12PluggableUSBv
                0x00081a78       0x28 C:\Users\Troy Neubauer\AppData\Local\Temp\VMBuilds\Arduino Benchmark\arduino_due_x_dbg\Release/core.a(PluggableUSB.cpp.o)
                0x00081a78                PluggableUSB()
 .text.TimeTick_Increment
                0x00081aa0       0x10 C:\Users\Troy Neubauer\AppData\Local\arduino15\packages\arduino\hardware\sam\1.6.11\variants\arduino_due_x/libsam_sam3x8e_gcc_rel.a(timetick.o)
                0x00081aa0                TimeTick_Increment
 .text.GetTickCount
                0x00081ab0        0xc C:\Users\Troy Neubauer\AppData\Local\arduino15\packages\arduino\hardware\sam\1.6.11\variants\arduino_due_x/libsam_sam3x8e_gcc_rel.a(timetick.o)
                0x00081ab0                GetTickCount
 .text.WDT_Disable
                0x00081abc        0x8 C:\Users\Troy Neubauer\AppData\Local\arduino15\packages\arduino\hardware\sam\1.6.11\variants\arduino_due_x/libsam_sam3x8e_gcc_rel.a(wdt.o)
                0x00081abc                WDT_Disable
 .text.UDD_SetStack
                0x00081ac4        0xc C:\Users\Troy Neubauer\AppData\Local\arduino15\packages\arduino\hardware\sam\1.6.11\variants\arduino_due_x/libsam_sam3x8e_gcc_rel.a(uotghs_device.o)
                0x00081ac4                UDD_SetStack
 .text.UDD_Init
                0x00081ad0       0xd0 C:\Users\Troy Neubauer\AppData\Local\arduino15\packages\arduino\hardware\sam\1.6.11\variants\arduino_due_x/libsam_sam3x8e_gcc_rel.a(uotghs_device.o)
                0x00081ad0                UDD_Init
 .text.UDD_Attach
                0x00081ba0       0x50 C:\Users\Troy Neubauer\AppData\Local\arduino15\packages\arduino\hardware\sam\1.6.11\variants\arduino_due_x/libsam_sam3x8e_gcc_rel.a(uotghs_device.o)
                0x00081ba0                UDD_Attach
 .text.UDD_InitEP
                0x00081bf0       0x2c C:\Users\Troy Neubauer\AppData\Local\arduino15\packages\arduino\hardware\sam\1.6.11\variants\arduino_due_x/libsam_sam3x8e_gcc_rel.a(uotghs_device.o)
                0x00081bf0                UDD_InitEP
 .text.UDD_InitEndpoints
                0x00081c1c       0x3c C:\Users\Troy Neubauer\AppData\Local\arduino15\packages\arduino\hardware\sam\1.6.11\variants\arduino_due_x/libsam_sam3x8e_gcc_rel.a(uotghs_device.o)
                0x00081c1c                UDD_InitEndpoints
 .text.UDD_WaitIN
                0x00081c58       0x10 C:\Users\Troy Neubauer\AppData\Local\arduino15\packages\arduino\hardware\sam\1.6.11\variants\arduino_due_x/libsam_sam3x8e_gcc_rel.a(uotghs_device.o)
                0x00081c58                UDD_WaitIN
 .text.UDD_WaitOUT
                0x00081c68       0x10 C:\Users\Troy Neubauer\AppData\Local\arduino15\packages\arduino\hardware\sam\1.6.11\variants\arduino_due_x/libsam_sam3x8e_gcc_rel.a(uotghs_device.o)
                0x00081c68                UDD_WaitOUT
 .text.UDD_ClearIN
                0x00081c78       0x18 C:\Users\Troy Neubauer\AppData\Local\arduino15\packages\arduino\hardware\sam\1.6.11\variants\arduino_due_x/libsam_sam3x8e_gcc_rel.a(uotghs_device.o)
                0x00081c78                UDD_ClearIN
 .text.UDD_ClearOUT
                0x00081c90       0x18 C:\Users\Troy Neubauer\AppData\Local\arduino15\packages\arduino\hardware\sam\1.6.11\variants\arduino_due_x/libsam_sam3x8e_gcc_rel.a(uotghs_device.o)
                0x00081c90                UDD_ClearOUT
 .text.UDD_ReceivedSetupInt
                0x00081ca8       0x10 C:\Users\Troy Neubauer\AppData\Local\arduino15\packages\arduino\hardware\sam\1.6.11\variants\arduino_due_x/libsam_sam3x8e_gcc_rel.a(uotghs_device.o)
                0x00081ca8                UDD_ReceivedSetupInt
 .text.UDD_ClearSetupInt
                0x00081cb8       0x10 C:\Users\Troy Neubauer\AppData\Local\arduino15\packages\arduino\hardware\sam\1.6.11\variants\arduino_due_x/libsam_sam3x8e_gcc_rel.a(uotghs_device.o)
                0x00081cb8                UDD_ClearSetupInt
 .text.UDD_Send
                0x00081cc8       0x88 C:\Users\Troy Neubauer\AppData\Local\arduino15\packages\arduino\hardware\sam\1.6.11\variants\arduino_due_x/libsam_sam3x8e_gcc_rel.a(uotghs_device.o)
                0x00081cc8                UDD_Send
 .text.UDD_Send8
                0x00081d50       0x24 C:\Users\Troy Neubauer\AppData\Local\arduino15\packages\arduino\hardware\sam\1.6.11\variants\arduino_due_x/libsam_sam3x8e_gcc_rel.a(uotghs_device.o)
                0x00081d50                UDD_Send8
 .text.UDD_Recv8
                0x00081d74       0x28 C:\Users\Troy Neubauer\AppData\Local\arduino15\packages\arduino\hardware\sam\1.6.11\variants\arduino_due_x/libsam_sam3x8e_gcc_rel.a(uotghs_device.o)
                0x00081d74                UDD_Recv8
 .text.UDD_Recv
                0x00081d9c       0x34 C:\Users\Troy Neubauer\AppData\Local\arduino15\packages\arduino\hardware\sam\1.6.11\variants\arduino_due_x/libsam_sam3x8e_gcc_rel.a(uotghs_device.o)
                0x00081d9c                UDD_Recv
 .text.UDD_Stall
                0x00081dd0       0x14 C:\Users\Troy Neubauer\AppData\Local\arduino15\packages\arduino\hardware\sam\1.6.11\variants\arduino_due_x/libsam_sam3x8e_gcc_rel.a(uotghs_device.o)
                0x00081dd0                UDD_Stall
 .text.UDD_FifoByteCount
                0x00081de4       0x14 C:\Users\Troy Neubauer\AppData\Local\arduino15\packages\arduino\hardware\sam\1.6.11\variants\arduino_due_x/libsam_sam3x8e_gcc_rel.a(uotghs_device.o)
                0x00081de4                UDD_FifoByteCount
 .text.UDD_ReleaseRX
                0x00081df8       0x28 C:\Users\Troy Neubauer\AppData\Local\arduino15\packages\arduino\hardware\sam\1.6.11\variants\arduino_due_x/libsam_sam3x8e_gcc_rel.a(uotghs_device.o)
                0x00081df8                UDD_ReleaseRX
 .text.UDD_ReleaseTX
                0x00081e20       0x28 C:\Users\Troy Neubauer\AppData\Local\arduino15\packages\arduino\hardware\sam\1.6.11\variants\arduino_due_x/libsam_sam3x8e_gcc_rel.a(uotghs_device.o)
                0x00081e20                UDD_ReleaseTX
 .text.UDD_SetAddress
                0x00081e48       0x20 C:\Users\Troy Neubauer\AppData\Local\arduino15\packages\arduino\hardware\sam\1.6.11\variants\arduino_due_x/libsam_sam3x8e_gcc_rel.a(uotghs_device.o)
                0x00081e48                UDD_SetAddress
 .text.__fpclassifyd
                0x00081e68       0x50 c:/users/troy neubauer/appdata/local/arduino15/packages/arduino/tools/arm-none-eabi-gcc/4.8.3-2014q1/bin/../lib/gcc/arm-none-eabi/4.8.3/../../../../arm-none-eabi/lib/armv7-m\libm.a(lib_a-s_fpclassify.o)
                0x00081e68                __fpclassifyd
 .text.atanf    0x00081eb8      0x22c c:/users/troy neubauer/appdata/local/arduino15/packages/arduino/tools/arm-none-eabi-gcc/4.8.3-2014q1/bin/../lib/gcc/arm-none-eabi/4.8.3/../../../../arm-none-eabi/lib/armv7-m\libm.a(lib_a-sf_atan.o)
                0x00081eb8                atanf
 .text.fabsf    0x000820e4        0x8 c:/users/troy neubauer/appdata/local/arduino15/packages/arduino/tools/arm-none-eabi-gcc/4.8.3-2014q1/bin/../lib/gcc/arm-none-eabi/4.8.3/../../../../arm-none-eabi/lib/armv7-m\libm.a(lib_a-sf_fabs.o)
                0x000820e4                fabsf
 .text.sqrtf    0x000820ec       0x9c c:/users/troy neubauer/appdata/local/arduino15/packages/arduino/tools/arm-none-eabi-gcc/4.8.3-2014q1/bin/../lib/gcc/arm-none-eabi/4.8.3/../../../../arm-none-eabi/lib/armv7-m\libm.a(lib_a-wf_sqrt.o)
                0x000820ec                sqrtf
 .text.__ieee754_sqrtf
                0x00082188       0xa8 c:/users/troy neubauer/appdata/local/arduino15/packages/arduino/tools/arm-none-eabi-gcc/4.8.3-2014q1/bin/../lib/gcc/arm-none-eabi/4.8.3/../../../../arm-none-eabi/lib/armv7-m\libm.a(lib_a-ef_sqrt.o)
                0x00082188                __ieee754_sqrtf
 .text.matherr  0x00082230        0x4 c:/users/troy neubauer/appdata/local/arduino15/packages/arduino/tools/arm-none-eabi-gcc/4.8.3-2014q1/bin/../lib/gcc/arm-none-eabi/4.8.3/../../../../arm-none-eabi/lib/armv7-m\libm.a(lib_a-s_matherr.o)
                0x00082230                matherr
 .text.__fpclassifyf
                0x00082234       0x34 c:/users/troy neubauer/appdata/local/arduino15/packages/arduino/tools/arm-none-eabi-gcc/4.8.3-2014q1/bin/../lib/gcc/arm-none-eabi/4.8.3/../../../../arm-none-eabi/lib/armv7-m\libm.a(lib_a-sf_fpclassify.o)
                0x00082234                __fpclassifyf
 .text          0x00082268      0x370 c:/users/troy neubauer/appdata/local/arduino15/packages/arduino/tools/arm-none-eabi-gcc/4.8.3-2014q1/bin/../lib/gcc/arm-none-eabi/4.8.3/armv7-m\libgcc.a(_arm_addsubdf3.o)
                0x00082268                __aeabi_drsub
                0x00082270                __aeabi_dsub
                0x00082270                __subdf3
                0x00082274                __aeabi_dadd
                0x00082274                __adddf3
                0x000824ec                __floatunsidf
                0x000824ec                __aeabi_ui2d
                0x0008250c                __floatsidf
                0x0008250c                __aeabi_i2d
                0x00082530                __aeabi_f2d
                0x00082530                __extendsfdf2
                0x0008256c                __floatundidf
                0x0008256c                __aeabi_ul2d
                0x0008257c                __floatdidf
                0x0008257c                __aeabi_l2d
 .text          0x000825d8      0x424 c:/users/troy neubauer/appdata/local/arduino15/packages/arduino/tools/arm-none-eabi-gcc/4.8.3-2014q1/bin/../lib/gcc/arm-none-eabi/4.8.3/armv7-m\libgcc.a(_arm_muldivdf3.o)
                0x000825d8                __aeabi_dmul
                0x000825d8                __muldf3
                0x0008282c                __divdf3
                0x0008282c                __aeabi_ddiv
 .text          0x000829fc      0x110 c:/users/troy neubauer/appdata/local/arduino15/packages/arduino/tools/arm-none-eabi-gcc/4.8.3-2014q1/bin/../lib/gcc/arm-none-eabi/4.8.3/armv7-m\libgcc.a(_arm_cmpdf2.o)
                0x000829fc                __gtdf2
                0x000829fc                __gedf2
                0x00082a04                __ltdf2
                0x00082a04                __ledf2
                0x00082a0c                __nedf2
                0x00082a0c                __eqdf2
                0x00082a0c                __cmpdf2
                0x00082a88                __aeabi_cdrcmple
                0x00082a98                __aeabi_cdcmpeq
                0x00082a98                __aeabi_cdcmple
                0x00082aa8                __aeabi_dcmpeq
                0x00082abc                __aeabi_dcmplt
                0x00082ad0                __aeabi_dcmple
                0x00082ae4                __aeabi_dcmpge
                0x00082af8                __aeabi_dcmpgt
 .text          0x00082b0c       0x40 c:/users/troy neubauer/appdata/local/arduino15/packages/arduino/tools/arm-none-eabi-gcc/4.8.3-2014q1/bin/../lib/gcc/arm-none-eabi/4.8.3/armv7-m\libgcc.a(_arm_fixunsdfsi.o)
                0x00082b0c                __aeabi_d2uiz
                0x00082b0c                __fixunsdfsi
 .text          0x00082b4c       0xa0 c:/users/troy neubauer/appdata/local/arduino15/packages/arduino/tools/arm-none-eabi-gcc/4.8.3-2014q1/bin/../lib/gcc/arm-none-eabi/4.8.3/armv7-m\libgcc.a(_arm_truncdfsf2.o)
                0x00082b4c                __truncdfsf2
                0x00082b4c                __aeabi_d2f
 .text          0x00082bec      0x21c c:/users/troy neubauer/appdata/local/arduino15/packages/arduino/tools/arm-none-eabi-gcc/4.8.3-2014q1/bin/../lib/gcc/arm-none-eabi/4.8.3/armv7-m\libgcc.a(_arm_addsubsf3.o)
                0x00082bec                __aeabi_frsub
                0x00082bf4                __subsf3
                0x00082bf4                __aeabi_fsub
                0x00082bf8                __aeabi_fadd
                0x00082bf8                __addsf3
                0x00082d58                __aeabi_ui2f
                0x00082d58                __floatunsisf
                0x00082d60                __aeabi_i2f
                0x00082d60                __floatsisf
                0x00082d7c                __aeabi_ul2f
                0x00082d7c                __floatundisf
                0x00082d8c                __aeabi_l2f
                0x00082d8c                __floatdisf
 .text          0x00082e08      0x2a0 c:/users/troy neubauer/appdata/local/arduino15/packages/arduino/tools/arm-none-eabi-gcc/4.8.3-2014q1/bin/../lib/gcc/arm-none-eabi/4.8.3/armv7-m\libgcc.a(_arm_muldivsf3.o)
                0x00082e08                __mulsf3
                0x00082e08                __aeabi_fmul
                0x00082f70                __aeabi_fdiv
                0x00082f70                __divsf3
 .text          0x000830a8       0xec c:/users/troy neubauer/appdata/local/arduino15/packages/arduino/tools/arm-none-eabi-gcc/4.8.3-2014q1/bin/../lib/gcc/arm-none-eabi/4.8.3/armv7-m\libgcc.a(_arm_cmpsf2.o)
                0x000830a8                __gesf2
                0x000830a8                __gtsf2
                0x000830b0                __lesf2
                0x000830b0                __ltsf2
                0x000830b8                __nesf2
                0x000830b8                __eqsf2
                0x000830b8                __cmpsf2
                0x00083118                __aeabi_cfrcmple
                0x00083120                __aeabi_cfcmpeq
                0x00083120                __aeabi_cfcmple
                0x00083130                __aeabi_fcmpeq
                0x00083144                __aeabi_fcmplt
                0x00083158                __aeabi_fcmple
                0x0008316c                __aeabi_fcmpge
                0x00083180                __aeabi_fcmpgt
 .text.__errno  0x00083194        0xc c:/users/troy neubauer/appdata/local/arduino15/packages/arduino/tools/arm-none-eabi-gcc/4.8.3-2014q1/bin/../lib/gcc/arm-none-eabi/4.8.3/../../../../arm-none-eabi/lib/armv7-m\libg.a(lib_a-errno.o)
                0x00083194                __errno
 .text.__libc_init_array
                0x000831a0       0x50 c:/users/troy neubauer/appdata/local/arduino15/packages/arduino/tools/arm-none-eabi-gcc/4.8.3-2014q1/bin/../lib/gcc/arm-none-eabi/4.8.3/../../../../arm-none-eabi/lib/armv7-m\libg.a(lib_a-init.o)
                0x000831a0                __libc_init_array
 .text.iprintf  0x000831f0       0x28 c:/users/troy neubauer/appdata/local/arduino15/packages/arduino/tools/arm-none-eabi-gcc/4.8.3-2014q1/bin/../lib/gcc/arm-none-eabi/4.8.3/../../../../arm-none-eabi/lib/armv7-m\libg.a(lib_a-iprintf.o)
                0x000831f0                iprintf
 .text.memset   0x00083218       0x94 c:/users/troy neubauer/appdata/local/arduino15/packages/arduino/tools/arm-none-eabi-gcc/4.8.3-2014q1/bin/../lib/gcc/arm-none-eabi/4.8.3/../../../../arm-none-eabi/lib/armv7-m\libg.a(lib_a-memset.o)
                0x00083218                memset
 .text.strlen   0x000832ac       0x60 c:/users/troy neubauer/appdata/local/arduino15/packages/arduino/tools/arm-none-eabi-gcc/4.8.3-2014q1/bin/../lib/gcc/arm-none-eabi/4.8.3/../../../../arm-none-eabi/lib/armv7-m\libg.a(lib_a-strlen.o)
                0x000832ac                strlen
 .text.kill     0x0008330c       0x10 c:/users/troy neubauer/appdata/local/arduino15/packages/arduino/tools/arm-none-eabi-gcc/4.8.3-2014q1/bin/../lib/gcc/arm-none-eabi/4.8.3/../../../../arm-none-eabi/lib/armv7-m\libg.a(lib_a-syskill.o)
                0x0008330c                kill
 .text.__sprint_r.part.0
                0x0008331c       0x78 c:/users/troy neubauer/appdata/local/arduino15/packages/arduino/tools/arm-none-eabi-gcc/4.8.3-2014q1/bin/../lib/gcc/arm-none-eabi/4.8.3/../../../../arm-none-eabi/lib/armv7-m\libg.a(lib_a-vfiprintf.o)
 .text._vfiprintf_r
                0x00083394      0xc54 c:/users/troy neubauer/appdata/local/arduino15/packages/arduino/tools/arm-none-eabi-gcc/4.8.3-2014q1/bin/../lib/gcc/arm-none-eabi/4.8.3/../../../../arm-none-eabi/lib/armv7-m\libg.a(lib_a-vfiprintf.o)
                0x00083394                _vfiprintf_r
 .text.__sbprintf
                0x00083fe8       0x7c c:/users/troy neubauer/appdata/local/arduino15/packages/arduino/tools/arm-none-eabi-gcc/4.8.3-2014q1/bin/../lib/gcc/arm-none-eabi/4.8.3/../../../../arm-none-eabi/lib/armv7-m\libg.a(lib_a-vfiprintf.o)
 .text.__swsetup_r
                0x00084064       0xc4 c:/users/troy neubauer/appdata/local/arduino15/packages/arduino/tools/arm-none-eabi-gcc/4.8.3-2014q1/bin/../lib/gcc/arm-none-eabi/4.8.3/../../../../arm-none-eabi/lib/armv7-m\libg.a(lib_a-wsetup.o)
                0x00084064                __swsetup_r
 .text.startup.register_fini
                0x00084128       0x14 c:/users/troy neubauer/appdata/local/arduino15/packages/arduino/tools/arm-none-eabi-gcc/4.8.3-2014q1/bin/../lib/gcc/arm-none-eabi/4.8.3/../../../../arm-none-eabi/lib/armv7-m\libg.a(lib_a-__call_atexit.o)
 .text.atexit   0x0008413c        0xc c:/users/troy neubauer/appdata/local/arduino15/packages/arduino/tools/arm-none-eabi-gcc/4.8.3-2014q1/bin/../lib/gcc/arm-none-eabi/4.8.3/../../../../arm-none-eabi/lib/armv7-m\libg.a(lib_a-atexit.o)
                0x0008413c                atexit
 .text.__sflush_r
                0x00084148      0x148 c:/users/troy neubauer/appdata/local/arduino15/packages/arduino/tools/arm-none-eabi-gcc/4.8.3-2014q1/bin/../lib/gcc/arm-none-eabi/4.8.3/../../../../arm-none-eabi/lib/armv7-m\libg.a(lib_a-fflush.o)
                0x00084148                __sflush_r
 .text._fflush_r
                0x00084290       0x2c c:/users/troy neubauer/appdata/local/arduino15/packages/arduino/tools/arm-none-eabi-gcc/4.8.3-2014q1/bin/../lib/gcc/arm-none-eabi/4.8.3/../../../../arm-none-eabi/lib/armv7-m\libg.a(lib_a-fflush.o)
                0x00084290                _fflush_r
 .text._cleanup_r
                0x000842bc        0xc c:/users/troy neubauer/appdata/local/arduino15/packages/arduino/tools/arm-none-eabi-gcc/4.8.3-2014q1/bin/../lib/gcc/arm-none-eabi/4.8.3/../../../../arm-none-eabi/lib/armv7-m\libg.a(lib_a-findfp.o)
                0x000842bc                _cleanup_r
 .text.__sinit  0x000842c8       0xf4 c:/users/troy neubauer/appdata/local/arduino15/packages/arduino/tools/arm-none-eabi-gcc/4.8.3-2014q1/bin/../lib/gcc/arm-none-eabi/4.8.3/../../../../arm-none-eabi/lib/armv7-m\libg.a(lib_a-findfp.o)
                0x000842c8                __sinit
 .text.__sfp_lock_acquire
                0x000843bc        0x4 c:/users/troy neubauer/appdata/local/arduino15/packages/arduino/tools/arm-none-eabi-gcc/4.8.3-2014q1/bin/../lib/gcc/arm-none-eabi/4.8.3/../../../../arm-none-eabi/lib/armv7-m\libg.a(lib_a-findfp.o)
                0x000843bc                __sfp_lock_acquire
 .text.__sfp_lock_release
                0x000843c0        0x4 c:/users/troy neubauer/appdata/local/arduino15/packages/arduino/tools/arm-none-eabi-gcc/4.8.3-2014q1/bin/../lib/gcc/arm-none-eabi/4.8.3/../../../../arm-none-eabi/lib/armv7-m\libg.a(lib_a-findfp.o)
                0x000843c0                __sfp_lock_release
 .text.__libc_fini_array
                0x000843c4       0x30 c:/users/troy neubauer/appdata/local/arduino15/packages/arduino/tools/arm-none-eabi-gcc/4.8.3-2014q1/bin/../lib/gcc/arm-none-eabi/4.8.3/../../../../arm-none-eabi/lib/armv7-m\libg.a(lib_a-fini.o)
                0x000843c4                __libc_fini_array
 .text._fputwc_r
                0x000843f4       0xc0 c:/users/troy neubauer/appdata/local/arduino15/packages/arduino/tools/arm-none-eabi-gcc/4.8.3-2014q1/bin/../lib/gcc/arm-none-eabi/4.8.3/../../../../arm-none-eabi/lib/armv7-m\libg.a(lib_a-fputwc.o)
                0x000843f4                _fputwc_r
 .text._malloc_trim_r
                0x000844b4       0x9c c:/users/troy neubauer/appdata/local/arduino15/packages/arduino/tools/arm-none-eabi-gcc/4.8.3-2014q1/bin/../lib/gcc/arm-none-eabi/4.8.3/../../../../arm-none-eabi/lib/armv7-m\libg.a(lib_a-freer.o)
                0x000844b4                _malloc_trim_r
 .text._free_r  0x00084550      0x198 c:/users/troy neubauer/appdata/local/arduino15/packages/arduino/tools/arm-none-eabi-gcc/4.8.3-2014q1/bin/../lib/gcc/arm-none-eabi/4.8.3/../../../../arm-none-eabi/lib/armv7-m\libg.a(lib_a-freer.o)
                0x00084550                _free_r
 .text.__sfvwrite_r
                0x000846e8      0x314 c:/users/troy neubauer/appdata/local/arduino15/packages/arduino/tools/arm-none-eabi-gcc/4.8.3-2014q1/bin/../lib/gcc/arm-none-eabi/4.8.3/../../../../arm-none-eabi/lib/armv7-m\libg.a(lib_a-fvwrite.o)
                0x000846e8                __sfvwrite_r
 .text._fwalk   0x000849fc       0x48 c:/users/troy neubauer/appdata/local/arduino15/packages/arduino/tools/arm-none-eabi-gcc/4.8.3-2014q1/bin/../lib/gcc/arm-none-eabi/4.8.3/../../../../arm-none-eabi/lib/armv7-m\libg.a(lib_a-fwalk.o)
                0x000849fc                _fwalk
 .text.__locale_charset
                0x00084a44        0x8 c:/users/troy neubauer/appdata/local/arduino15/packages/arduino/tools/arm-none-eabi-gcc/4.8.3-2014q1/bin/../lib/gcc/arm-none-eabi/4.8.3/../../../../arm-none-eabi/lib/armv7-m\libg.a(lib_a-locale.o)
                0x00084a44                __locale_charset
 .text.__locale_mb_cur_max
                0x00084a4c        0xc c:/users/troy neubauer/appdata/local/arduino15/packages/arduino/tools/arm-none-eabi-gcc/4.8.3-2014q1/bin/../lib/gcc/arm-none-eabi/4.8.3/../../../../arm-none-eabi/lib/armv7-m\libg.a(lib_a-locale.o)
                0x00084a4c                __locale_mb_cur_max
 .text.__smakebuf_r
                0x00084a58       0xe0 c:/users/troy neubauer/appdata/local/arduino15/packages/arduino/tools/arm-none-eabi-gcc/4.8.3-2014q1/bin/../lib/gcc/arm-none-eabi/4.8.3/../../../../arm-none-eabi/lib/armv7-m\libg.a(lib_a-makebuf.o)
                0x00084a58                __smakebuf_r
 .text._malloc_r
                0x00084b38      0x538 c:/users/troy neubauer/appdata/local/arduino15/packages/arduino/tools/arm-none-eabi-gcc/4.8.3-2014q1/bin/../lib/gcc/arm-none-eabi/4.8.3/../../../../arm-none-eabi/lib/armv7-m\libg.a(lib_a-mallocr.o)
                0x00084b38                _malloc_r
 .text.memchr   0x00085070       0x94 c:/users/troy neubauer/appdata/local/arduino15/packages/arduino/tools/arm-none-eabi-gcc/4.8.3-2014q1/bin/../lib/gcc/arm-none-eabi/4.8.3/../../../../arm-none-eabi/lib/armv7-m\libg.a(lib_a-memchr-stub.o)
                0x00085070                memchr
 .text          0x00085104       0xec c:/users/troy neubauer/appdata/local/arduino15/packages/arduino/tools/arm-none-eabi-gcc/4.8.3-2014q1/bin/../lib/gcc/arm-none-eabi/4.8.3/../../../../arm-none-eabi/lib/armv7-m\libg.a(lib_a-memcpy.o)
                0x00085104                memcpy
 .text.memmove  0x000851f0       0xcc c:/users/troy neubauer/appdata/local/arduino15/packages/arduino/tools/arm-none-eabi-gcc/4.8.3-2014q1/bin/../lib/gcc/arm-none-eabi/4.8.3/../../../../arm-none-eabi/lib/armv7-m\libg.a(lib_a-memmove.o)
                0x000851f0                memmove
 .text.__malloc_lock
                0x000852bc        0x4 c:/users/troy neubauer/appdata/local/arduino15/packages/arduino/tools/arm-none-eabi-gcc/4.8.3-2014q1/bin/../lib/gcc/arm-none-eabi/4.8.3/../../../../arm-none-eabi/lib/armv7-m\libg.a(lib_a-mlock.o)
                0x000852bc                __malloc_lock
 .text.__malloc_unlock
                0x000852c0        0x4 c:/users/troy neubauer/appdata/local/arduino15/packages/arduino/tools/arm-none-eabi-gcc/4.8.3-2014q1/bin/../lib/gcc/arm-none-eabi/4.8.3/../../../../arm-none-eabi/lib/armv7-m\libg.a(lib_a-mlock.o)
                0x000852c0                __malloc_unlock
 .text._realloc_r
                0x000852c4      0x3c0 c:/users/troy neubauer/appdata/local/arduino15/packages/arduino/tools/arm-none-eabi-gcc/4.8.3-2014q1/bin/../lib/gcc/arm-none-eabi/4.8.3/../../../../arm-none-eabi/lib/armv7-m\libg.a(lib_a-reallocr.o)
                0x000852c4                _realloc_r
 .text._sbrk_r  0x00085684       0x24 c:/users/troy neubauer/appdata/local/arduino15/packages/arduino/tools/arm-none-eabi-gcc/4.8.3-2014q1/bin/../lib/gcc/arm-none-eabi/4.8.3/../../../../arm-none-eabi/lib/armv7-m\libg.a(lib_a-sbrkr.o)
                0x00085684                _sbrk_r
 .text._kill_r  0x000856a8       0x28 c:/users/troy neubauer/appdata/local/arduino15/packages/arduino/tools/arm-none-eabi-gcc/4.8.3-2014q1/bin/../lib/gcc/arm-none-eabi/4.8.3/../../../../arm-none-eabi/lib/armv7-m\libg.a(lib_a-signalr.o)
                0x000856a8                _kill_r
 .text.__sread  0x000856d0       0x24 c:/users/troy neubauer/appdata/local/arduino15/packages/arduino/tools/arm-none-eabi-gcc/4.8.3-2014q1/bin/../lib/gcc/arm-none-eabi/4.8.3/../../../../arm-none-eabi/lib/armv7-m\libg.a(lib_a-stdio.o)
                0x000856d0                __sread
 .text.__swrite
                0x000856f4       0x38 c:/users/troy neubauer/appdata/local/arduino15/packages/arduino/tools/arm-none-eabi-gcc/4.8.3-2014q1/bin/../lib/gcc/arm-none-eabi/4.8.3/../../../../arm-none-eabi/lib/armv7-m\libg.a(lib_a-stdio.o)
                0x000856f4                __swrite
 .text.__sseek  0x0008572c       0x20 c:/users/troy neubauer/appdata/local/arduino15/packages/arduino/tools/arm-none-eabi-gcc/4.8.3-2014q1/bin/../lib/gcc/arm-none-eabi/4.8.3/../../../../arm-none-eabi/lib/armv7-m\libg.a(lib_a-stdio.o)
                0x0008572c                __sseek
 .text.__sclose
                0x0008574c        0x8 c:/users/troy neubauer/appdata/local/arduino15/packages/arduino/tools/arm-none-eabi-gcc/4.8.3-2014q1/bin/../lib/gcc/arm-none-eabi/4.8.3/../../../../arm-none-eabi/lib/armv7-m\libg.a(lib_a-stdio.o)
                0x0008574c                __sclose
 .text.__swbuf_r
                0x00085754       0xa8 c:/users/troy neubauer/appdata/local/arduino15/packages/arduino/tools/arm-none-eabi-gcc/4.8.3-2014q1/bin/../lib/gcc/arm-none-eabi/4.8.3/../../../../arm-none-eabi/lib/armv7-m\libg.a(lib_a-wbuf.o)
                0x00085754                __swbuf_r
 .text._wcrtomb_r
                0x000857fc       0x50 c:/users/troy neubauer/appdata/local/arduino15/packages/arduino/tools/arm-none-eabi-gcc/4.8.3-2014q1/bin/../lib/gcc/arm-none-eabi/4.8.3/../../../../arm-none-eabi/lib/armv7-m\libg.a(lib_a-wcrtomb.o)
                0x000857fc                _wcrtomb_r
 .text.__ascii_wctomb
                0x0008584c       0x1c c:/users/troy neubauer/appdata/local/arduino15/packages/arduino/tools/arm-none-eabi-gcc/4.8.3-2014q1/bin/../lib/gcc/arm-none-eabi/4.8.3/../../../../arm-none-eabi/lib/armv7-m\libg.a(lib_a-wctomb_r.o)
                0x0008584c                __ascii_wctomb
 .text._write_r
                0x00085868       0x28 c:/users/troy neubauer/appdata/local/arduino15/packages/arduino/tools/arm-none-eabi-gcc/4.8.3-2014q1/bin/../lib/gcc/arm-none-eabi/4.8.3/../../../../arm-none-eabi/lib/armv7-m\libg.a(lib_a-writer.o)
                0x00085868                _write_r
 .text.__register_exitproc
                0x00085890       0xa8 c:/users/troy neubauer/appdata/local/arduino15/packages/arduino/tools/arm-none-eabi-gcc/4.8.3-2014q1/bin/../lib/gcc/arm-none-eabi/4.8.3/../../../../arm-none-eabi/lib/armv7-m\libg.a(lib_a-__atexit.o)
                0x00085890                __register_exitproc
 .text._close_r
                0x00085938       0x24 c:/users/troy neubauer/appdata/local/arduino15/packages/arduino/tools/arm-none-eabi-gcc/4.8.3-2014q1/bin/../lib/gcc/arm-none-eabi/4.8.3/../../../../arm-none-eabi/lib/armv7-m\libg.a(lib_a-closer.o)
                0x00085938                _close_r
 .text._fclose_r
                0x0008595c       0x80 c:/users/troy neubauer/appdata/local/arduino15/packages/arduino/tools/arm-none-eabi-gcc/4.8.3-2014q1/bin/../lib/gcc/arm-none-eabi/4.8.3/../../../../arm-none-eabi/lib/armv7-m\libg.a(lib_a-fclose.o)
                0x0008595c                _fclose_r
 .text.fclose   0x000859dc       0x10 c:/users/troy neubauer/appdata/local/arduino15/packages/arduino/tools/arm-none-eabi-gcc/4.8.3-2014q1/bin/../lib/gcc/arm-none-eabi/4.8.3/../../../../arm-none-eabi/lib/armv7-m\libg.a(lib_a-fclose.o)
                0x000859dc                fclose
 .text._fstat_r
                0x000859ec       0x28 c:/users/troy neubauer/appdata/local/arduino15/packages/arduino/tools/arm-none-eabi-gcc/4.8.3-2014q1/bin/../lib/gcc/arm-none-eabi/4.8.3/../../../../arm-none-eabi/lib/armv7-m\libg.a(lib_a-fstatr.o)
                0x000859ec                _fstat_r
 .text._isatty_r
                0x00085a14       0x24 c:/users/troy neubauer/appdata/local/arduino15/packages/arduino/tools/arm-none-eabi-gcc/4.8.3-2014q1/bin/../lib/gcc/arm-none-eabi/4.8.3/../../../../arm-none-eabi/lib/armv7-m\libg.a(lib_a-isattyr.o)
                0x00085a14                _isatty_r
 .text._lseek_r
                0x00085a38       0x28 c:/users/troy neubauer/appdata/local/arduino15/packages/arduino/tools/arm-none-eabi-gcc/4.8.3-2014q1/bin/../lib/gcc/arm-none-eabi/4.8.3/../../../../arm-none-eabi/lib/armv7-m\libg.a(lib_a-lseekr.o)
                0x00085a38                _lseek_r
 .text._read_r  0x00085a60       0x28 c:/users/troy neubauer/appdata/local/arduino15/packages/arduino/tools/arm-none-eabi-gcc/4.8.3-2014q1/bin/../lib/gcc/arm-none-eabi/4.8.3/../../../../arm-none-eabi/lib/armv7-m\libg.a(lib_a-readr.o)
                0x00085a60                _read_r
 .text          0x00085a88       0x2c c:/users/troy neubauer/appdata/local/arduino15/packages/arduino/tools/arm-none-eabi-gcc/4.8.3-2014q1/bin/../lib/gcc/arm-none-eabi/4.8.3/armv7-m\libgcc.a(_aeabi_uldivmod.o)
                0x00085a88                __aeabi_uldivmod
 .text          0x00085ab4       0x60 c:/users/troy neubauer/appdata/local/arduino15/packages/arduino/tools/arm-none-eabi-gcc/4.8.3-2014q1/bin/../lib/gcc/arm-none-eabi/4.8.3/armv7-m\libgcc.a(bpabi.o)
                0x00085ab4                __gnu_ldivmod_helper
                0x00085ae4                __gnu_uldivmod_helper
 .text          0x00085b14        0x4 c:/users/troy neubauer/appdata/local/arduino15/packages/arduino/tools/arm-none-eabi-gcc/4.8.3-2014q1/bin/../lib/gcc/arm-none-eabi/4.8.3/armv7-m\libgcc.a(_dvmd_tls.o)
                0x00085b14                __aeabi_idiv0
                0x00085b14                __aeabi_ldiv0
 .text          0x00085b18      0x2a0 c:/users/troy neubauer/appdata/local/arduino15/packages/arduino/tools/arm-none-eabi-gcc/4.8.3-2014q1/bin/../lib/gcc/arm-none-eabi/4.8.3/armv7-m\libgcc.a(_divdi3.o)
                0x00085b18                __divdi3
 .text          0x00085db8      0x290 c:/users/troy neubauer/appdata/local/arduino15/packages/arduino/tools/arm-none-eabi-gcc/4.8.3-2014q1/bin/../lib/gcc/arm-none-eabi/4.8.3/armv7-m\libgcc.a(_udivdi3.o)
                0x00085db8                __udivdi3
 *(.glue_7t)
 .glue_7t       0x00000000        0x0 linker stubs
 *(.glue_7)
 .glue_7        0x00000000        0x0 linker stubs
 *(.rodata .rodata* .gnu.linkonce.r.*)
 .rodata.str1.1
                0x00086048       0x8a C:\Users\Troy Neubauer\AppData\Local\Temp\VMBuilds\Arduino Benchmark\arduino_due_x_dbg\Release\Arduino Benchmark.cpp.o
 *fill*         0x000860d2        0x2 
 .rodata.g_APinDescription
                0x000860d4      0xa2c C:\Users\Troy Neubauer\AppData\Local\Temp\VMBCore\arduino16x\2607422fee9242fcb4843b1221ba9f67\variant\variant.cpp.o
                0x000860d4                g_APinDescription
 .rodata        0x00086b00       0x40 C:\Users\Troy Neubauer\AppData\Local\arduino15\packages\arduino\hardware\sam\1.6.11\variants\arduino_due_x/libsam_sam3x8e_gcc_rel.a(adc.o)
 .rodata.str1.1
                0x00086b40       0x19 C:\Users\Troy Neubauer\AppData\Local\Temp\VMBuilds\Arduino Benchmark\arduino_due_x_dbg\Release/core.a(syscalls_sam3.c.o)
 .rodata.str1.1
                0x00086b59        0xf C:\Users\Troy Neubauer\AppData\Local\Temp\VMBuilds\Arduino Benchmark\arduino_due_x_dbg\Release/core.a(Print.cpp.o)
 .rodata._ZTV9UARTClass
                0x00086b68       0x30 C:\Users\Troy Neubauer\AppData\Local\Temp\VMBuilds\Arduino Benchmark\arduino_due_x_dbg\Release/core.a(UARTClass.cpp.o)
                0x00086b68                vtable for UARTClass
 .rodata._ZTV10USARTClass
                0x00086b98       0x30 C:\Users\Troy Neubauer\AppData\Local\Temp\VMBuilds\Arduino Benchmark\arduino_due_x_dbg\Release/core.a(USARTClass.cpp.o)
                0x00086b98                vtable for USARTClass
 .rodata.STRING_PRODUCT
                0x00086bc8        0xc C:\Users\Troy Neubauer\AppData\Local\Temp\VMBuilds\Arduino Benchmark\arduino_due_x_dbg\Release/core.a(USBCore.cpp.o)
                0x00086bc8                STRING_PRODUCT
 .rodata.USB_DeviceDescriptor
                0x00086bd4       0x12 C:\Users\Troy Neubauer\AppData\Local\Temp\VMBuilds\Arduino Benchmark\arduino_due_x_dbg\Release/core.a(USBCore.cpp.o)
                0x00086bd4                USB_DeviceDescriptor
 .rodata.STRING_LANGUAGE
                0x00086be6        0x4 C:\Users\Troy Neubauer\AppData\Local\Temp\VMBuilds\Arduino Benchmark\arduino_due_x_dbg\Release/core.a(USBCore.cpp.o)
                0x00086be6                STRING_LANGUAGE
 .rodata._ZL18test_packet_buffer
                0x00086bea       0x35 C:\Users\Troy Neubauer\AppData\Local\Temp\VMBuilds\Arduino Benchmark\arduino_due_x_dbg\Release/core.a(USBCore.cpp.o)
 .rodata.STRING_MANUFACTURER
                0x00086c1f        0xc C:\Users\Troy Neubauer\AppData\Local\Temp\VMBuilds\Arduino Benchmark\arduino_due_x_dbg\Release/core.a(USBCore.cpp.o)
                0x00086c1f                STRING_MANUFACTURER
 .rodata.USB_DeviceDescriptorA
                0x00086c2b       0x12 C:\Users\Troy Neubauer\AppData\Local\Temp\VMBuilds\Arduino Benchmark\arduino_due_x_dbg\Release/core.a(USBCore.cpp.o)
                0x00086c2b                USB_DeviceDescriptorA
 .rodata._ZL19USB_DeviceQualifier
                0x00086c3d        0x9 C:\Users\Troy Neubauer\AppData\Local\Temp\VMBuilds\Arduino Benchmark\arduino_due_x_dbg\Release/core.a(USBCore.cpp.o)
 *fill*         0x00086c46        0x2 
 .rodata._ZTV7Serial_
                0x00086c48       0x28 C:\Users\Troy Neubauer\AppData\Local\Temp\VMBuilds\Arduino Benchmark\arduino_due_x_dbg\Release/core.a(CDC.cpp.o)
                0x00086c48                vtable for Serial_
 .rodata._ZL18_cdcOtherInterface
                0x00086c70       0x42 C:\Users\Troy Neubauer\AppData\Local\Temp\VMBuilds\Arduino Benchmark\arduino_due_x_dbg\Release/core.a(CDC.cpp.o)
 .rodata._ZL13_cdcInterface
                0x00086cb2       0x42 C:\Users\Troy Neubauer\AppData\Local\Temp\VMBuilds\Arduino Benchmark\arduino_due_x_dbg\Release/core.a(CDC.cpp.o)
 .rodata.atanlo
                0x00086cf4       0x10 c:/users/troy neubauer/appdata/local/arduino15/packages/arduino/tools/arm-none-eabi-gcc/4.8.3-2014q1/bin/../lib/gcc/arm-none-eabi/4.8.3/../../../../arm-none-eabi/lib/armv7-m\libm.a(lib_a-sf_atan.o)
 .rodata.atanhi
                0x00086d04       0x10 c:/users/troy neubauer/appdata/local/arduino15/packages/arduino/tools/arm-none-eabi-gcc/4.8.3-2014q1/bin/../lib/gcc/arm-none-eabi/4.8.3/../../../../arm-none-eabi/lib/armv7-m\libm.a(lib_a-sf_atan.o)
 .rodata.str1.4
                0x00086d14        0x6 c:/users/troy neubauer/appdata/local/arduino15/packages/arduino/tools/arm-none-eabi-gcc/4.8.3-2014q1/bin/../lib/gcc/arm-none-eabi/4.8.3/../../../../arm-none-eabi/lib/armv7-m\libm.a(lib_a-wf_sqrt.o)
                                  0x8 (size before relaxing)
 *fill*         0x00086d1a        0x2 
 .rodata.str1.4
                0x00086d1c        0x2 c:/users/troy neubauer/appdata/local/arduino15/packages/arduino/tools/arm-none-eabi-gcc/4.8.3-2014q1/bin/../lib/gcc/arm-none-eabi/4.8.3/../../../../arm-none-eabi/lib/armv7-m\libg.a(lib_a-impure.o)
                                  0x4 (size before relaxing)
 *fill*         0x00086d1e        0x2 
 .rodata._global_impure_ptr
                0x00086d20        0x4 c:/users/troy neubauer/appdata/local/arduino15/packages/arduino/tools/arm-none-eabi-gcc/4.8.3-2014q1/bin/../lib/gcc/arm-none-eabi/4.8.3/../../../../arm-none-eabi/lib/armv7-m\libg.a(lib_a-impure.o)
                0x00086d20                _global_impure_ptr
 .rodata.blanks.6717
                0x00086d24       0x10 c:/users/troy neubauer/appdata/local/arduino15/packages/arduino/tools/arm-none-eabi-gcc/4.8.3-2014q1/bin/../lib/gcc/arm-none-eabi/4.8.3/../../../../arm-none-eabi/lib/armv7-m\libg.a(lib_a-vfiprintf.o)
 .rodata.str1.4
                0x00086d34       0x30 c:/users/troy neubauer/appdata/local/arduino15/packages/arduino/tools/arm-none-eabi-gcc/4.8.3-2014q1/bin/../lib/gcc/arm-none-eabi/4.8.3/../../../../arm-none-eabi/lib/armv7-m\libg.a(lib_a-vfiprintf.o)
 .rodata.zeroes.6718
                0x00086d64       0x10 c:/users/troy neubauer/appdata/local/arduino15/packages/arduino/tools/arm-none-eabi-gcc/4.8.3-2014q1/bin/../lib/gcc/arm-none-eabi/4.8.3/../../../../arm-none-eabi/lib/armv7-m\libg.a(lib_a-vfiprintf.o)
 *(.ARM.extab* .gnu.linkonce.armextab.*)
                0x00086d74                . = ALIGN (0x4)
 *(.init)
 .init          0x00086d74        0x4 c:/users/troy neubauer/appdata/local/arduino15/packages/arduino/tools/arm-none-eabi-gcc/4.8.3-2014q1/bin/../lib/gcc/arm-none-eabi/4.8.3/armv7-m/crti.o
                0x00086d74                _init
 .init          0x00086d78        0x8 c:/users/troy neubauer/appdata/local/arduino15/packages/arduino/tools/arm-none-eabi-gcc/4.8.3-2014q1/bin/../lib/gcc/arm-none-eabi/4.8.3/armv7-m/crtn.o
                0x00086d80                . = ALIGN (0x4)
                0x00086d80                __preinit_array_start = .
 *(.preinit_array)
                0x00086d80                __preinit_array_end = .
                0x00086d80                . = ALIGN (0x4)
                0x00086d80                __init_array_start = .
 *(SORT(.init_array.*))
 .init_array.00000
                0x00086d80        0x4 c:/users/troy neubauer/appdata/local/arduino15/packages/arduino/tools/arm-none-eabi-gcc/4.8.3-2014q1/bin/../lib/gcc/arm-none-eabi/4.8.3/../../../../arm-none-eabi/lib/armv7-m\libg.a(lib_a-__call_atexit.o)
 *(.init_array)
 .init_array    0x00086d84        0x4 c:/users/troy neubauer/appdata/local/arduino15/packages/arduino/tools/arm-none-eabi-gcc/4.8.3-2014q1/bin/../lib/gcc/arm-none-eabi/4.8.3/armv7-m/crtbegin.o
 .init_array    0x00086d88        0x4 C:\Users\Troy Neubauer\AppData\Local\Temp\VMBCore\arduino16x\2607422fee9242fcb4843b1221ba9f67\variant\variant.cpp.o
 .init_array    0x00086d8c        0x4 C:\Users\Troy Neubauer\AppData\Local\Temp\VMBuilds\Arduino Benchmark\arduino_due_x_dbg\Release/core.a(USBCore.cpp.o)
 .init_array    0x00086d90        0x4 C:\Users\Troy Neubauer\AppData\Local\Temp\VMBuilds\Arduino Benchmark\arduino_due_x_dbg\Release/core.a(CDC.cpp.o)
                0x00086d94                __init_array_end = .
                0x00086d94                . = ALIGN (0x4)
 *crtbegin.o(.ctors)
 *(EXCLUDE_FILE(*crtend.o) .ctors)
 *(SORT(.ctors.*))
 *crtend.o(.ctors)
                0x00086d94                . = ALIGN (0x4)
 *(.fini)
 .fini          0x00086d94        0x4 c:/users/troy neubauer/appdata/local/arduino15/packages/arduino/tools/arm-none-eabi-gcc/4.8.3-2014q1/bin/../lib/gcc/arm-none-eabi/4.8.3/armv7-m/crti.o
                0x00086d94                _fini
 .fini          0x00086d98        0x8 c:/users/troy neubauer/appdata/local/arduino15/packages/arduino/tools/arm-none-eabi-gcc/4.8.3-2014q1/bin/../lib/gcc/arm-none-eabi/4.8.3/armv7-m/crtn.o
                0x00086da0                . = ALIGN (0x4)
                0x00086da0                __fini_array_start = .
 *(.fini_array)
 .fini_array    0x00086da0        0x4 c:/users/troy neubauer/appdata/local/arduino15/packages/arduino/tools/arm-none-eabi-gcc/4.8.3-2014q1/bin/../lib/gcc/arm-none-eabi/4.8.3/armv7-m/crtbegin.o
 *(SORT(.fini_array.*))
                0x00086da4                __fini_array_end = .
 *crtbegin.o(.dtors)
 *(EXCLUDE_FILE(*crtend.o) .dtors)
 *(SORT(.dtors.*))
 *crtend.o(.dtors)
                0x00086da4                . = ALIGN (0x4)
                0x00086da4                _efixed = .
                0x00086da4                PROVIDE (__exidx_start, .)

.vfp11_veneer   0x00086da4        0x0
 .vfp11_veneer  0x00000000        0x0 linker stubs

.v4_bx          0x00086da4        0x0
 .v4_bx         0x00000000        0x0 linker stubs

.iplt           0x00086da4        0x0
 .iplt          0x00000000        0x0 c:/users/troy neubauer/appdata/local/arduino15/packages/arduino/tools/arm-none-eabi-gcc/4.8.3-2014q1/bin/../lib/gcc/arm-none-eabi/4.8.3/armv7-m/crtbegin.o

.ARM.exidx      0x00086da4        0x8
 *(.ARM.exidx* .gnu.linkonce.armexidx.*)
 .ARM.exidx     0x00086da4        0x8 c:/users/troy neubauer/appdata/local/arduino15/packages/arduino/tools/arm-none-eabi-gcc/4.8.3-2014q1/bin/../lib/gcc/arm-none-eabi/4.8.3/armv7-m\libgcc.a(_divdi3.o)
 .ARM.exidx     0x00086dac        0x0 c:/users/troy neubauer/appdata/local/arduino15/packages/arduino/tools/arm-none-eabi-gcc/4.8.3-2014q1/bin/../lib/gcc/arm-none-eabi/4.8.3/armv7-m\libgcc.a(_udivdi3.o)
                                  0x8 (size before relaxing)
                0x00086dac                PROVIDE (__exidx_end, .)

.eh_frame       0x00086dac        0x0
 .eh_frame      0x00086dac        0x0 c:/users/troy neubauer/appdata/local/arduino15/packages/arduino/tools/arm-none-eabi-gcc/4.8.3-2014q1/bin/../lib/gcc/arm-none-eabi/4.8.3/armv7-m/crtbegin.o

.rel.dyn        0x00086dac        0x0
 .rel.iplt      0x00000000        0x0 c:/users/troy neubauer/appdata/local/arduino15/packages/arduino/tools/arm-none-eabi-gcc/4.8.3-2014q1/bin/../lib/gcc/arm-none-eabi/4.8.3/armv7-m/crtbegin.o

.jcr            0x00086dac        0x0
 .jcr           0x00086dac        0x0 c:/users/troy neubauer/appdata/local/arduino15/packages/arduino/tools/arm-none-eabi-gcc/4.8.3-2014q1/bin/../lib/gcc/arm-none-eabi/4.8.3/armv7-m/crtbegin.o

.igot.plt       0x00086dac        0x0
 .igot.plt      0x00000000        0x0 c:/users/troy neubauer/appdata/local/arduino15/packages/arduino/tools/arm-none-eabi-gcc/4.8.3-2014q1/bin/../lib/gcc/arm-none-eabi/4.8.3/armv7-m/crtbegin.o
                0x00086dac                . = ALIGN (0x4)
                0x00086dac                _etext = .

.relocate       0x20070000      0x8d4 load address 0x00086dac
                0x20070000                . = ALIGN (0x4)
                0x20070000                _srelocate = .
 *(.ramfunc .ramfunc.*)
 .ramfunc       0x20070000       0x2c C:\Users\Troy Neubauer\AppData\Local\Temp\VMBuilds\Arduino Benchmark\arduino_due_x_dbg\Release/core.a(Reset.cpp.o)
                0x20070000                banzai
 *(.data .data.*)
 .data.SystemCoreClock
                0x2007002c        0x4 C:\Users\Troy Neubauer\AppData\Local\arduino15\packages\arduino\hardware\sam\1.6.11\variants\arduino_due_x/libsam_sam3x8e_gcc_rel.a(system_sam3xa.o)
                0x2007002c                SystemCoreClock
 .data._ZL5ticks
                0x20070030        0x4 C:\Users\Troy Neubauer\AppData\Local\Temp\VMBuilds\Arduino Benchmark\arduino_due_x_dbg\Release/core.a(Reset.cpp.o)
 .data.EndPoints
                0x20070034       0x28 C:\Users\Troy Neubauer\AppData\Local\Temp\VMBuilds\Arduino Benchmark\arduino_due_x_dbg\Release/core.a(USBCore.cpp.o)
                0x20070034                EndPoints
 .data._ZL10breakValue
                0x2007005c        0x4 C:\Users\Troy Neubauer\AppData\Local\Temp\VMBuilds\Arduino Benchmark\arduino_due_x_dbg\Release/core.a(CDC.cpp.o)
 .data._ZL12_usbLineInfo
                0x20070060        0x8 C:\Users\Troy Neubauer\AppData\Local\Temp\VMBuilds\Arduino Benchmark\arduino_due_x_dbg\Release/core.a(CDC.cpp.o)
 .data.g_interrupt_enabled
                0x20070068        0x4 C:\Users\Troy Neubauer\AppData\Local\arduino15\packages\arduino\hardware\sam\1.6.11\variants\arduino_due_x/libsam_sam3x8e_gcc_rel.a(interrupt_sam_nvic.o)
                0x20070068                g_interrupt_enabled
 .data.__fdlib_version
                0x2007006c        0x1 c:/users/troy neubauer/appdata/local/arduino15/packages/arduino/tools/arm-none-eabi-gcc/4.8.3-2014q1/bin/../lib/gcc/arm-none-eabi/4.8.3/../../../../arm-none-eabi/lib/armv7-m\libm.a(lib_a-s_lib_ver.o)
                0x2007006c                __fdlib_version
 *fill*         0x2007006d        0x3 
 .data.impure_data
                0x20070070      0x428 c:/users/troy neubauer/appdata/local/arduino15/packages/arduino/tools/arm-none-eabi-gcc/4.8.3-2014q1/bin/../lib/gcc/arm-none-eabi/4.8.3/../../../../arm-none-eabi/lib/armv7-m\libg.a(lib_a-impure.o)
 .data._impure_ptr
                0x20070498        0x4 c:/users/troy neubauer/appdata/local/arduino15/packages/arduino/tools/arm-none-eabi-gcc/4.8.3-2014q1/bin/../lib/gcc/arm-none-eabi/4.8.3/../../../../arm-none-eabi/lib/armv7-m\libg.a(lib_a-impure.o)
                0x20070498                _impure_ptr
 .data.lc_ctype_charset
                0x2007049c       0x20 c:/users/troy neubauer/appdata/local/arduino15/packages/arduino/tools/arm-none-eabi-gcc/4.8.3-2014q1/bin/../lib/gcc/arm-none-eabi/4.8.3/../../../../arm-none-eabi/lib/armv7-m\libg.a(lib_a-locale.o)
 .data.__mb_cur_max
                0x200704bc        0x4 c:/users/troy neubauer/appdata/local/arduino15/packages/arduino/tools/arm-none-eabi-gcc/4.8.3-2014q1/bin/../lib/gcc/arm-none-eabi/4.8.3/../../../../arm-none-eabi/lib/armv7-m\libg.a(lib_a-locale.o)
                0x200704bc                __mb_cur_max
 .data.__malloc_av_
                0x200704c0      0x408 c:/users/troy neubauer/appdata/local/arduino15/packages/arduino/tools/arm-none-eabi-gcc/4.8.3-2014q1/bin/../lib/gcc/arm-none-eabi/4.8.3/../../../../arm-none-eabi/lib/armv7-m\libg.a(lib_a-mallocr.o)
                0x200704c0                __malloc_av_
 .data.__malloc_trim_threshold
                0x200708c8        0x4 c:/users/troy neubauer/appdata/local/arduino15/packages/arduino/tools/arm-none-eabi-gcc/4.8.3-2014q1/bin/../lib/gcc/arm-none-eabi/4.8.3/../../../../arm-none-eabi/lib/armv7-m\libg.a(lib_a-mallocr.o)
                0x200708c8                __malloc_trim_threshold
 .data.__malloc_sbrk_base
                0x200708cc        0x4 c:/users/troy neubauer/appdata/local/arduino15/packages/arduino/tools/arm-none-eabi-gcc/4.8.3-2014q1/bin/../lib/gcc/arm-none-eabi/4.8.3/../../../../arm-none-eabi/lib/armv7-m\libg.a(lib_a-mallocr.o)
                0x200708cc                __malloc_sbrk_base
 .data.__wctomb
                0x200708d0        0x4 c:/users/troy neubauer/appdata/local/arduino15/packages/arduino/tools/arm-none-eabi-gcc/4.8.3-2014q1/bin/../lib/gcc/arm-none-eabi/4.8.3/../../../../arm-none-eabi/lib/armv7-m\libg.a(lib_a-wctomb_r.o)
                0x200708d0                __wctomb
                0x200708d4                . = ALIGN (0x4)
                0x200708d4                _erelocate = .

.bss            0x200708d4      0x828 load address 0x00087680
                0x200708d4                . = ALIGN (0x4)
                0x200708d4                _sbss = .
                0x200708d4                _szero = .
 *(.bss .bss.*)
 .bss           0x200708d4       0x1c c:/users/troy neubauer/appdata/local/arduino15/packages/arduino/tools/arm-none-eabi-gcc/4.8.3-2014q1/bin/../lib/gcc/arm-none-eabi/4.8.3/armv7-m/crtbegin.o
 .bss.tx_buffer2
                0x200708f0       0x88 C:\Users\Troy Neubauer\AppData\Local\Temp\VMBCore\arduino16x\2607422fee9242fcb4843b1221ba9f67\variant\variant.cpp.o
                0x200708f0                tx_buffer2
 .bss.tx_buffer1
                0x20070978       0x88 C:\Users\Troy Neubauer\AppData\Local\Temp\VMBCore\arduino16x\2607422fee9242fcb4843b1221ba9f67\variant\variant.cpp.o
                0x20070978                tx_buffer1
 .bss.Serial    0x20070a00       0x24 C:\Users\Troy Neubauer\AppData\Local\Temp\VMBCore\arduino16x\2607422fee9242fcb4843b1221ba9f67\variant\variant.cpp.o
                0x20070a00                Serial
 .bss.rx_buffer1
                0x20070a24       0x88 C:\Users\Troy Neubauer\AppData\Local\Temp\VMBCore\arduino16x\2607422fee9242fcb4843b1221ba9f67\variant\variant.cpp.o
                0x20070a24                rx_buffer1
 .bss.Serial1   0x20070aac       0x28 C:\Users\Troy Neubauer\AppData\Local\Temp\VMBCore\arduino16x\2607422fee9242fcb4843b1221ba9f67\variant\variant.cpp.o
                0x20070aac                Serial1
 .bss.Serial2   0x20070ad4       0x28 C:\Users\Troy Neubauer\AppData\Local\Temp\VMBCore\arduino16x\2607422fee9242fcb4843b1221ba9f67\variant\variant.cpp.o
                0x20070ad4                Serial2
 .bss.Serial3   0x20070afc       0x28 C:\Users\Troy Neubauer\AppData\Local\Temp\VMBCore\arduino16x\2607422fee9242fcb4843b1221ba9f67\variant\variant.cpp.o
                0x20070afc                Serial3
 .bss.tx_buffer3
                0x20070b24       0x88 C:\Users\Troy Neubauer\AppData\Local\Temp\VMBCore\arduino16x\2607422fee9242fcb4843b1221ba9f67\variant\variant.cpp.o
                0x20070b24                tx_buffer3
 .bss.tx_buffer4
                0x20070bac       0x88 C:\Users\Troy Neubauer\AppData\Local\Temp\VMBCore\arduino16x\2607422fee9242fcb4843b1221ba9f67\variant\variant.cpp.o
                0x20070bac                tx_buffer4
 .bss.g_pinStatus
                0x20070c34       0x4f C:\Users\Troy Neubauer\AppData\Local\Temp\VMBCore\arduino16x\2607422fee9242fcb4843b1221ba9f67\variant\variant.cpp.o
                0x20070c34                g_pinStatus
 *fill*         0x20070c83        0x1 
 .bss.rx_buffer2
                0x20070c84       0x88 C:\Users\Troy Neubauer\AppData\Local\Temp\VMBCore\arduino16x\2607422fee9242fcb4843b1221ba9f67\variant\variant.cpp.o
                0x20070c84                rx_buffer2
 .bss.rx_buffer3
                0x20070d0c       0x88 C:\Users\Troy Neubauer\AppData\Local\Temp\VMBCore\arduino16x\2607422fee9242fcb4843b1221ba9f67\variant\variant.cpp.o
                0x20070d0c                rx_buffer3
 .bss.rx_buffer4
                0x20070d94       0x88 C:\Users\Troy Neubauer\AppData\Local\Temp\VMBCore\arduino16x\2607422fee9242fcb4843b1221ba9f67\variant\variant.cpp.o
                0x20070d94                rx_buffer4
 .bss.gpf_isr   0x20070e1c        0x4 C:\Users\Troy Neubauer\AppData\Local\arduino15\packages\arduino\hardware\sam\1.6.11\variants\arduino_due_x/libsam_sam3x8e_gcc_rel.a(uotghs.o)
                0x20070e1c                gpf_isr
 .bss.heap.6420
                0x20070e20        0x4 C:\Users\Troy Neubauer\AppData\Local\Temp\VMBuilds\Arduino Benchmark\arduino_due_x_dbg\Release/core.a(syscalls_sam3.c.o)
 .bss._cmark    0x20070e24        0x2 C:\Users\Troy Neubauer\AppData\Local\Temp\VMBuilds\Arduino Benchmark\arduino_due_x_dbg\Release/core.a(USBCore.cpp.o)
                0x20070e24                _cmark
 .bss._ZL14isEndpointHalt
                0x20070e26        0x1 C:\Users\Troy Neubauer\AppData\Local\Temp\VMBuilds\Arduino Benchmark\arduino_due_x_dbg\Release/core.a(USBCore.cpp.o)
 *fill*         0x20070e27        0x1 
 .bss._cdcComposite
                0x20070e28        0x4 C:\Users\Troy Neubauer\AppData\Local\Temp\VMBuilds\Arduino Benchmark\arduino_due_x_dbg\Release/core.a(USBCore.cpp.o)
                0x20070e28                _cdcComposite
 .bss._ZL21isRemoteWakeUpEnabled
                0x20070e2c        0x1 C:\Users\Troy Neubauer\AppData\Local\Temp\VMBuilds\Arduino Benchmark\arduino_due_x_dbg\Release/core.a(USBCore.cpp.o)
 *fill*         0x20070e2d        0x3 
 .bss._usbInitialized
                0x20070e30        0x4 C:\Users\Troy Neubauer\AppData\Local\Temp\VMBuilds\Arduino Benchmark\arduino_due_x_dbg\Release/core.a(USBCore.cpp.o)
                0x20070e30                _usbInitialized
 .bss.USBDevice
                0x20070e34        0x1 C:\Users\Troy Neubauer\AppData\Local\Temp\VMBuilds\Arduino Benchmark\arduino_due_x_dbg\Release/core.a(USBCore.cpp.o)
                0x20070e34                USBDevice
 *fill*         0x20070e35        0x3 
 .bss._usbSetInterface
                0x20070e38        0x4 C:\Users\Troy Neubauer\AppData\Local\Temp\VMBuilds\Arduino Benchmark\arduino_due_x_dbg\Release/core.a(USBCore.cpp.o)
                0x20070e38                _usbSetInterface
 .bss._cend     0x20070e3c        0x2 C:\Users\Troy Neubauer\AppData\Local\Temp\VMBuilds\Arduino Benchmark\arduino_due_x_dbg\Release/core.a(USBCore.cpp.o)
                0x20070e3c                _cend
 *fill*         0x20070e3e        0x2 
 .bss._usbConfiguration
                0x20070e40        0x4 C:\Users\Troy Neubauer\AppData\Local\Temp\VMBuilds\Arduino Benchmark\arduino_due_x_dbg\Release/core.a(USBCore.cpp.o)
                0x20070e40                _usbConfiguration
 .bss.cdc_rx_buffer
                0x20070e44      0x208 C:\Users\Troy Neubauer\AppData\Local\Temp\VMBuilds\Arduino Benchmark\arduino_due_x_dbg\Release/core.a(CDC.cpp.o)
                0x20070e44                cdc_rx_buffer
 .bss._ZZN7Serial_6acceptEvE5guard
                0x2007104c        0x4 C:\Users\Troy Neubauer\AppData\Local\Temp\VMBuilds\Arduino Benchmark\arduino_due_x_dbg\Release/core.a(CDC.cpp.o)
 .bss.SerialUSB
                0x20071050       0x14 C:\Users\Troy Neubauer\AppData\Local\Temp\VMBuilds\Arduino Benchmark\arduino_due_x_dbg\Release/core.a(CDC.cpp.o)
                0x20071050                SerialUSB
 .bss._ZZ12PluggableUSBvE3obj
                0x20071064        0x8 C:\Users\Troy Neubauer\AppData\Local\Temp\VMBuilds\Arduino Benchmark\arduino_due_x_dbg\Release/core.a(PluggableUSB.cpp.o)
 .bss._ZGVZ12PluggableUSBvE3obj
                0x2007106c        0x4 C:\Users\Troy Neubauer\AppData\Local\Temp\VMBuilds\Arduino Benchmark\arduino_due_x_dbg\Release/core.a(PluggableUSB.cpp.o)
 .bss._dwTickCount
                0x20071070        0x4 C:\Users\Troy Neubauer\AppData\Local\arduino15\packages\arduino\hardware\sam\1.6.11\variants\arduino_due_x/libsam_sam3x8e_gcc_rel.a(timetick.o)
 .bss.ul_recv_fifo_ptr
                0x20071074       0x28 C:\Users\Troy Neubauer\AppData\Local\arduino15\packages\arduino\hardware\sam\1.6.11\variants\arduino_due_x/libsam_sam3x8e_gcc_rel.a(uotghs_device.o)
 .bss.ul_send_fifo_ptr
                0x2007109c       0x28 C:\Users\Troy Neubauer\AppData\Local\arduino15\packages\arduino\hardware\sam\1.6.11\variants\arduino_due_x/libsam_sam3x8e_gcc_rel.a(uotghs_device.o)
 .bss.__malloc_max_total_mem
                0x200710c4        0x4 c:/users/troy neubauer/appdata/local/arduino15/packages/arduino/tools/arm-none-eabi-gcc/4.8.3-2014q1/bin/../lib/gcc/arm-none-eabi/4.8.3/../../../../arm-none-eabi/lib/armv7-m\libg.a(lib_a-mallocr.o)
                0x200710c4                __malloc_max_total_mem
 .bss.__malloc_max_sbrked_mem
                0x200710c8        0x4 c:/users/troy neubauer/appdata/local/arduino15/packages/arduino/tools/arm-none-eabi-gcc/4.8.3-2014q1/bin/../lib/gcc/arm-none-eabi/4.8.3/../../../../arm-none-eabi/lib/armv7-m\libg.a(lib_a-mallocr.o)
                0x200710c8                __malloc_max_sbrked_mem
 .bss.__malloc_top_pad
                0x200710cc        0x4 c:/users/troy neubauer/appdata/local/arduino15/packages/arduino/tools/arm-none-eabi-gcc/4.8.3-2014q1/bin/../lib/gcc/arm-none-eabi/4.8.3/../../../../arm-none-eabi/lib/armv7-m\libg.a(lib_a-mallocr.o)
                0x200710cc                __malloc_top_pad
 .bss.__malloc_current_mallinfo
                0x200710d0       0x28 c:/users/troy neubauer/appdata/local/arduino15/packages/arduino/tools/arm-none-eabi-gcc/4.8.3-2014q1/bin/../lib/gcc/arm-none-eabi/4.8.3/../../../../arm-none-eabi/lib/armv7-m\libg.a(lib_a-mallocr.o)
                0x200710d0                __malloc_current_mallinfo
 *(COMMON)
 COMMON         0x200710f8        0x4 c:/users/troy neubauer/appdata/local/arduino15/packages/arduino/tools/arm-none-eabi-gcc/4.8.3-2014q1/bin/../lib/gcc/arm-none-eabi/4.8.3/../../../../arm-none-eabi/lib/armv7-m\libg.a(lib_a-reent.o)
                0x200710f8                errno
                0x200710fc                . = ALIGN (0x4)
                0x200710fc                _ebss = .
                0x200710fc                _ezero = .
                0x200710fc                . = ALIGN (0x4)
                0x200710fc                _end = .

.stack_dummy    0x200710fc        0x0
 *(.stack*)
                0x20088000                __StackTop = (ORIGIN (ram) + 0x18000)
                0x20088000                __StackLimit = (__StackTop - SIZEOF (.stack_dummy))
                0x20088000                PROVIDE (_sstack, __StackLimit)
                0x20088000                PROVIDE (_estack, __StackTop)
OUTPUT(C:\Users\Troy Neubauer\AppData\Local\Temp\VMBuilds\Arduino Benchmark\arduino_due_x_dbg\Release/Arduino Benchmark.ino.elf elf32-littlearm)

.ARM.attributes
                0x00000000       0x29
 .ARM.attributes
                0x00000000       0x1d c:/users/troy neubauer/appdata/local/arduino15/packages/arduino/tools/arm-none-eabi-gcc/4.8.3-2014q1/bin/../lib/gcc/arm-none-eabi/4.8.3/armv7-m/crti.o
 .ARM.attributes
                0x0000001d       0x2d c:/users/troy neubauer/appdata/local/arduino15/packages/arduino/tools/arm-none-eabi-gcc/4.8.3-2014q1/bin/../lib/gcc/arm-none-eabi/4.8.3/armv7-m/crtbegin.o
 .ARM.attributes
                0x0000004a       0x33 C:\Users\Troy Neubauer\AppData\Local\Temp\VMBuilds\Arduino Benchmark\arduino_due_x_dbg\Release\Arduino Benchmark.cpp.o
 .ARM.attributes
                0x0000007d       0x33 C:\Users\Troy Neubauer\AppData\Local\Temp\VMBCore\arduino16x\2607422fee9242fcb4843b1221ba9f67\variant\variant.cpp.o
 .ARM.attributes
                0x000000b0       0x33 C:\Users\Troy Neubauer\AppData\Local\arduino15\packages\arduino\hardware\sam\1.6.11\variants\arduino_due_x/libsam_sam3x8e_gcc_rel.a(pio.o)
 .ARM.attributes
                0x000000e3       0x33 C:\Users\Troy Neubauer\AppData\Local\arduino15\packages\arduino\hardware\sam\1.6.11\variants\arduino_due_x/libsam_sam3x8e_gcc_rel.a(pmc.o)
 .ARM.attributes
                0x00000116       0x33 C:\Users\Troy Neubauer\AppData\Local\arduino15\packages\arduino\hardware\sam\1.6.11\variants\arduino_due_x/libsam_sam3x8e_gcc_rel.a(system_sam3xa.o)
 .ARM.attributes
                0x00000149       0x33 C:\Users\Troy Neubauer\AppData\Local\arduino15\packages\arduino\hardware\sam\1.6.11\variants\arduino_due_x/libsam_sam3x8e_gcc_rel.a(startup_sam3xa.o)
 .ARM.attributes