Archive member included because of file (symbol)

C:\Users\Troy Neubauer\AppData\Local\arduino15\packages\arduino\hardware\sam\1.6.11\variants\arduino_due_x/libsam_sam3x8e_gcc_rel.a(pio.o)
                              C:\Users\Troy Neubauer\AppData\Local\Temp\VMBCore\arduino16x\2607422fee9242fcb4843b1221ba9f67\variant\variant.cpp.o (PIO_Configure)
C:\Users\Troy Neubauer\AppData\Local\arduino15\packages\arduino\hardware\sam\1.6.11\variants\arduino_due_x/libsam_sam3x8e_gcc_rel.a(pmc.o)
                              C:\Users\Troy Neubauer\AppData\Local\Temp\VMBCore\arduino16x\2607422fee9242fcb4843b1221ba9f67\variant\variant.cpp.o (pmc_enable_periph_clk)
C:\Users\Troy Neubauer\AppData\Local\arduino15\packages\arduino\hardware\sam\1.6.11\variants\arduino_due_x/libsam_sam3x8e_gcc_rel.a(system_sam3xa.o)
                              C:\Users\Troy Neubauer\AppData\Local\Temp\VMBCore\arduino16x\2607422fee9242fcb4843b1221ba9f67\variant\variant.cpp.o (SystemInit)
C:\Users\Troy Neubauer\AppData\Local\arduino15\packages\arduino\hardware\sam\1.6.11\variants\arduino_due_x/libsam_sam3x8e_gcc_rel.a(startup_sam3xa.o)
                              (Reset_Handler)
C:\Users\Troy Neubauer\AppData\Local\arduino15\packages\arduino\hardware\sam\1.6.11\variants\arduino_due_x/libsam_sam3x8e_gcc_rel.a(adc.o)
                              C:\Users\Troy Neubauer\AppData\Local\Temp\VMBCore\arduino16x\2607422fee9242fcb4843b1221ba9f67\variant\variant.cpp.o (adc_init)
C:\Users\Troy Neubauer\AppData\Local\arduino15\packages\arduino\hardware\sam\1.6.11\variants\arduino_due_x/libsam_sam3x8e_gcc_rel.a(uotghs.o)
                              C:\Users\Troy Neubauer\AppData\Local\arduino15\packages\arduino\hardware\sam\1.6.11\variants\arduino_due_x/libsam_sam3x8e_gcc_rel.a(startup_sam3xa.o) (UOTGHS_Handler)
C:\Users\Troy Neubauer\AppData\Local\Temp\VMBuilds\Rocketry 2018_2019\arduino_due_x_dbg\Release/core.a(cortex_handlers.c.o)
                              C:\Users\Troy Neubauer\AppData\Local\arduino15\packages\arduino\hardware\sam\1.6.11\variants\arduino_due_x/libsam_sam3x8e_gcc_rel.a(startup_sam3xa.o) (NMI_Handler)
C:\Users\Troy Neubauer\AppData\Local\Temp\VMBuilds\Rocketry 2018_2019\arduino_due_x_dbg\Release/core.a(hooks.c.o)
                              C:\Users\Troy Neubauer\AppData\Local\Temp\VMBuilds\Rocketry 2018_2019\arduino_due_x_dbg\Release/core.a(cortex_handlers.c.o) (sysTickHook)
C:\Users\Troy Neubauer\AppData\Local\Temp\VMBuilds\Rocketry 2018_2019\arduino_due_x_dbg\Release/core.a(syscalls_sam3.c.o)
                              (_sbrk)
C:\Users\Troy Neubauer\AppData\Local\Temp\VMBuilds\Rocketry 2018_2019\arduino_due_x_dbg\Release/core.a(wiring_analog.c.o)
                              C:\Users\Troy Neubauer\AppData\Local\Temp\VMBCore\arduino16x\2607422fee9242fcb4843b1221ba9f67\variant\variant.cpp.o (analogOutputInit)
C:\Users\Troy Neubauer\AppData\Local\Temp\VMBuilds\Rocketry 2018_2019\arduino_due_x_dbg\Release/core.a(wiring_digital.c.o)
                              C:\Users\Troy Neubauer\AppData\Local\Temp\VMBuilds\Rocketry 2018_2019\arduino_due_x_dbg\Release/core.a(wiring_analog.c.o) (pinMode)
C:\Users\Troy Neubauer\AppData\Local\Temp\VMBuilds\Rocketry 2018_2019\arduino_due_x_dbg\Release/core.a(main.cpp.o)
                              c:/users/troy neubauer/appdata/local/arduino15/packages/arduino/tools/arm-none-eabi-gcc/4.8.3-2014q1/bin/../lib/gcc/arm-none-eabi/4.8.3/../../../../arm-none-eabi/lib/armv7-m/crt0.o (main)
C:\Users\Troy Neubauer\AppData\Local\Temp\VMBuilds\Rocketry 2018_2019\arduino_due_x_dbg\Release/core.a(Print.cpp.o)
                              C:\Users\Troy Neubauer\AppData\Local\Temp\VMBuilds\Rocketry 2018_2019\arduino_due_x_dbg\Release\Rocketry 2018_2019.cpp.o (Print::print(__FlashStringHelper const*))
C:\Users\Troy Neubauer\AppData\Local\Temp\VMBuilds\Rocketry 2018_2019\arduino_due_x_dbg\Release/core.a(Reset.cpp.o)
                              C:\Users\Troy Neubauer\AppData\Local\Temp\VMBuilds\Rocketry 2018_2019\arduino_due_x_dbg\Release/core.a(cortex_handlers.c.o) (tickReset)
C:\Users\Troy Neubauer\AppData\Local\Temp\VMBuilds\Rocketry 2018_2019\arduino_due_x_dbg\Release/core.a(RingBuffer.cpp.o)
                              C:\Users\Troy Neubauer\AppData\Local\Temp\VMBCore\arduino16x\2607422fee9242fcb4843b1221ba9f67\variant\variant.cpp.o (RingBuffer::RingBuffer())
C:\Users\Troy Neubauer\AppData\Local\Temp\VMBuilds\Rocketry 2018_2019\arduino_due_x_dbg\Release/core.a(UARTClass.cpp.o)
                              C:\Users\Troy Neubauer\AppData\Local\Temp\VMBCore\arduino16x\2607422fee9242fcb4843b1221ba9f67\variant\variant.cpp.o (UARTClass::available())
C:\Users\Troy Neubauer\AppData\Local\Temp\VMBuilds\Rocketry 2018_2019\arduino_due_x_dbg\Release/core.a(USARTClass.cpp.o)
                              C:\Users\Troy Neubauer\AppData\Local\Temp\VMBuilds\Rocketry 2018_2019\arduino_due_x_dbg\Release\Rocketry 2018_2019.cpp.o (USARTClass::begin(unsigned long))
[...]
Memory Configuration

Name             Origin             Length             Attributes
rom              0x00080000         0x00080000         xr
sram0            0x20000000         0x00010000         xrw
sram1            0x20080000         0x00008000         xrw
ram              0x20070000         0x00018000         xrw
*default*        0x00000000         0xffffffff

Linker script and memory map

LOAD c:/users/troy neubauer/appdata/local/arduino15/packages/arduino/tools/arm-none-eabi-gcc/4.8.3-2014q1/bin/../lib/gcc/arm-none-eabi/4.8.3/armv7-m/crti.o
LOAD c:/users/troy neubauer/appdata/local/arduino15/packages/arduino/tools/arm-none-eabi-gcc/4.8.3-2014q1/bin/../lib/gcc/arm-none-eabi/4.8.3/armv7-m/crtbegin.o
LOAD c:/users/troy neubauer/appdata/local/arduino15/packages/arduino/tools/arm-none-eabi-gcc/4.8.3-2014q1/bin/../lib/gcc/arm-none-eabi/4.8.3/../../../../arm-none-eabi/lib/armv7-m/crt0.o
START GROUP
LOAD C:\Users\Troy Neubauer\AppData\Local\Temp\VMBuilds\Rocketry 2018_2019\arduino_due_x_dbg\Release\Rocketry 2018_2019.cpp.o
LOAD C:\Users\Troy Neubauer\AppData\Local\Temp\VMBuilds\Rocketry 2018_2019\arduino_due_x_dbg\Release\NeoGPS\DMS.cpp.o
LOAD C:\Users\Troy Neubauer\AppData\Local\Temp\VMBuilds\Rocketry 2018_2019\arduino_due_x_dbg\Release\NeoGPS\GPSTime.cpp.o
LOAD C:\Users\Troy Neubauer\AppData\Local\Temp\VMBuilds\Rocketry 2018_2019\arduino_due_x_dbg\Release\NeoGPS\Location.cpp.o
LOAD C:\Users\Troy Neubauer\AppData\Local\Temp\VMBuilds\Rocketry 2018_2019\arduino_due_x_dbg\Release\NeoGPS\NeoTime.cpp.o
LOAD C:\Users\Troy Neubauer\AppData\Local\Temp\VMBuilds\Rocketry 2018_2019\arduino_due_x_dbg\Release\NeoGPS\NMEAGPS.cpp.o
LOAD C:\Users\Troy Neubauer\AppData\Local\Temp\VMBuilds\Rocketry 2018_2019\arduino_due_x_dbg\Release\NeoGPS\Streamers.cpp.o
LOAD C:\Users\Troy Neubauer\AppData\Local\Temp\VMBuilds\Rocketry 2018_2019\arduino_due_x_dbg\Release\NeoGPS\Garmin\GrmNMEA.cpp.o
LOAD C:\Users\Troy Neubauer\AppData\Local\Temp\VMBuilds\Rocketry 2018_2019\arduino_due_x_dbg\Release\NeoGPS\ublox\ubxGPS.cpp.o
LOAD C:\Users\Troy Neubauer\AppData\Local\Temp\VMBuilds\Rocketry 2018_2019\arduino_due_x_dbg\Release\NeoGPS\ublox\ubxmsg.cpp.o
LOAD C:\Users\Troy Neubauer\AppData\Local\Temp\VMBuilds\Rocketry 2018_2019\arduino_due_x_dbg\Release\NeoGPS\ublox\ubxNMEA.cpp.o
LOAD C:\Users\Troy Neubauer\AppData\Local\Temp\VMBCore\arduino16x\2607422fee9242fcb4843b1221ba9f67\variant\variant.cpp.o
LOAD C:\Users\Troy Neubauer\AppData\Local\arduino15\packages\arduino\hardware\sam\1.6.11\variants\arduino_due_x/libsam_sam3x8e_gcc_rel.a
LOAD C:\Users\Troy Neubauer\AppData\Local\Temp\VMBuilds\Rocketry 2018_2019\arduino_due_x_dbg\Release/core.a
END GROUP
LOAD c:/users/troy neubauer/appdata/local/arduino15/packages/arduino/tools/arm-none-eabi-gcc/4.8.3-2014q1/bin/../lib/gcc/arm-none-eabi/4.8.3/../../../../arm-none-eabi/lib/armv7-m\libm.a
START GROUP
LOAD c:/users/troy neubauer/appdata/local/arduino15/packages/arduino/tools/arm-none-eabi-gcc/4.8.3-2014q1/bin/../lib/gcc/arm-none-eabi/4.8.3/armv7-m\libgcc.a
LOAD c:/users/troy neubauer/appdata/local/arduino15/packages/arduino/tools/arm-none-eabi-gcc/4.8.3-2014q1/bin/../lib/gcc/arm-none-eabi/4.8.3/../../../../arm-none-eabi/lib/armv7-m\libg.a
LOAD c:/users/troy neubauer/appdata/local/arduino15/packages/arduino/tools/arm-none-eabi-gcc/4.8.3-2014q1/bin/../lib/gcc/arm-none-eabi/4.8.3/../../../../arm-none-eabi/lib/armv7-m\libc.a
END GROUP
LOAD c:/users/troy neubauer/appdata/local/arduino15/packages/arduino/tools/arm-none-eabi-gcc/4.8.3-2014q1/bin/../lib/gcc/arm-none-eabi/4.8.3/armv7-m/crtend.o
LOAD c:/users/troy neubauer/appdata/local/arduino15/packages/arduino/tools/arm-none-eabi-gcc/4.8.3-2014q1/bin/../lib/gcc/arm-none-eabi/4.8.3/armv7-m/crtn.o

.text           0x00080000     0x64a0
                0x00080000                . = ALIGN (0x4)
                0x00080000                _sfixed = .
 *(.vectors .vectors.*)
 .vectors       0x00080000       0xf4 C:\Users\Troy Neubauer\AppData\Local\arduino15\packages\arduino\hardware\sam\1.6.11\variants\arduino_due_x/libsam_sam3x8e_gcc_rel.a(startup_sam3xa.o)
                0x00080000                exception_table
 *(.text .text.* .gnu.linkonce.t.*)
 .text          0x000800f4       0x54 c:/users/troy neubauer/appdata/local/arduino15/packages/arduino/tools/arm-none-eabi-gcc/4.8.3-2014q1/bin/../lib/gcc/arm-none-eabi/4.8.3/armv7-m/crtbegin.o
 .text._Z7GPSloopv
                0x00080148       0x6c C:\Users\Troy Neubauer\AppData\Local\Temp\VMBuilds\Rocketry 2018_2019\arduino_due_x_dbg\Release\Rocketry 2018_2019.cpp.o
                0x00080148                GPSloop()
 .text.loop     0x000801b4        0x4 C:\Users\Troy Neubauer\AppData\Local\Temp\VMBuilds\Rocketry 2018_2019\arduino_due_x_dbg\Release\Rocketry 2018_2019.cpp.o
                0x000801b4                loop
 .text.startup._GLOBAL__sub_I_gps
                0x000801b8       0x44 C:\Users\Troy Neubauer\AppData\Local\Temp\VMBuilds\Rocketry 2018_2019\arduino_due_x_dbg\Release\Rocketry 2018_2019.cpp.o
 .text.setup    0x000801fc       0xa0 C:\Users\Troy Neubauer\AppData\Local\Temp\VMBuilds\Rocketry 2018_2019\arduino_due_x_dbg\Release\Rocketry 2018_2019.cpp.o
                0x000801fc                setup
 .text._ZlsR5PrintRKN6NeoGPS6time_tE
                0x0008029c       0xca C:\Users\Troy Neubauer\AppData\Local\Temp\VMBuilds\Rocketry 2018_2019\arduino_due_x_dbg\Release\NeoGPS\NeoTime.cpp.o
                0x0008029c                operator<<(Print&, NeoGPS::time_t const&)
 .text._ZN6NeoGPS6time_t4initEv
                0x00080366       0x16 C:\Users\Troy Neubauer\AppData\Local\Temp\VMBuilds\Rocketry 2018_2019\arduino_due_x_dbg\Release\NeoGPS\NeoTime.cpp.o
                0x00080366                NeoGPS::time_t::init()
 .text._ZN7gps_fix7valid_t4initEv
                0x0008037c        0xe C:\Users\Troy Neubauer\AppData\Local\Temp\VMBuilds\Rocketry 2018_2019\arduino_due_x_dbg\Release\NeoGPS\NMEAGPS.cpp.o
                0x0008037c                gps_fix::valid_t::init()
 .text._ZN7gps_fix4initEv
                0x0008038a       0x2c C:\Users\Troy Neubauer\AppData\Local\Temp\VMBuilds\Rocketry 2018_2019\arduino_due_x_dbg\Release\NeoGPS\NMEAGPS.cpp.o
                0x0008038a                gps_fix::init()
 .text._ZN7NMEAGPSC2Ev
                0x000803b6       0x2c C:\Users\Troy Neubauer\AppData\Local\Temp\VMBuilds\Rocketry 2018_2019\arduino_due_x_dbg\Release\NeoGPS\NMEAGPS.cpp.o
                0x000803b6                NMEAGPS::NMEAGPS()
                0x000803b6                NMEAGPS::NMEAGPS()
 .text._ZN7NMEAGPS13sentenceBeginEv
                0x000803e2       0x22 C:\Users\Troy Neubauer\AppData\Local\Temp\VMBuilds\Rocketry 2018_2019\arduino_due_x_dbg\Release\NeoGPS\NMEAGPS.cpp.o
                0x000803e2                NMEAGPS::sentenceBegin()
 .text._ZN7NMEAGPS15sentenceInvalidEv
                0x00080404       0x14 C:\Users\Troy Neubauer\AppData\Local\Temp\VMBuilds\Rocketry 2018_2019\arduino_due_x_dbg\Release\NeoGPS\NMEAGPS.cpp.o
                0x00080404                NMEAGPS::sentenceInvalid()
 .text._ZN7NMEAGPS14headerReceivedEv
                0x00080418       0x1e C:\Users\Troy Neubauer\AppData\Local\Temp\VMBuilds\Rocketry 2018_2019\arduino_due_x_dbg\Release\NeoGPS\NMEAGPS.cpp.o
                0x00080418                NMEAGPS::headerReceived()
 .text._ZN7NMEAGPS8storeFixEv
                0x00080436       0xe2 C:\Users\Troy Neubauer\AppData\Local\Temp\VMBuilds\Rocketry 2018_2019\arduino_due_x_dbg\Release\NeoGPS\NMEAGPS.cpp.o
                0x00080436                NMEAGPS::storeFix()
 .text._ZN7NMEAGPS12parseCommandEPKNS_11msg_table_tEhc
                0x00080518       0x38 C:\Users\Troy Neubauer\AppData\Local\Temp\VMBuilds\Rocketry 2018_2019\arduino_due_x_dbg\Release\NeoGPS\NMEAGPS.cpp.o
                0x00080518                NMEAGPS::parseCommand(NMEAGPS::msg_table_t const*, unsigned char, char)
 .text._ZN7NMEAGPS12parseCommandEc
                0x00080550       0x2c C:\Users\Troy Neubauer\AppData\Local\Temp\VMBuilds\Rocketry 2018_2019\arduino_due_x_dbg\Release\NeoGPS\NMEAGPS.cpp.o
                0x00080550                NMEAGPS::parseCommand(char)
 .text._ZNK7NMEAGPS10string_forENS_10nmea_msg_tE
                0x0008057c       0x24 C:\Users\Troy Neubauer\AppData\Local\Temp\VMBuilds\Rocketry 2018_2019\arduino_due_x_dbg\Release\NeoGPS\NMEAGPS.cpp.o
                0x0008057c                NMEAGPS::string_for(NMEAGPS::nmea_msg_t) const
 .text._ZN7NMEAGPS9parseTimeEc
                0x000805a0       0xa0 C:\Users\Troy Neubauer\AppData\Local\Temp\VMBuilds\Rocketry 2018_2019\arduino_due_x_dbg\Release\NeoGPS\NMEAGPS.cpp.o
                0x000805a0                NMEAGPS::parseTime(char)
 .text._ZN7NMEAGPS11parseDDMMYYEc
                0x00080640       0x6a C:\Users\Troy Neubauer\AppData\Local\Temp\VMBuilds\Rocketry 2018_2019\arduino_due_x_dbg\Release\NeoGPS\NMEAGPS.cpp.o
                0x00080640                NMEAGPS::parseDDMMYY(char)
 .text._ZN7NMEAGPS8parseFixEc
                0x000806aa       0x5e C:\Users\Troy Neubauer\AppData\Local\Temp\VMBuilds\Rocketry 2018_2019\arduino_due_x_dbg\Release\NeoGPS\NMEAGPS.cpp.o
                0x000806aa                NMEAGPS::parseFix(char)
 .text._ZN7NMEAGPS10parseFloatERN7gps_fix10whole_fracEch
                0x00080708       0xb0 C:\Users\Troy Neubauer\AppData\Local\Temp\VMBuilds\Rocketry 2018_2019\arduino_due_x_dbg\Release\NeoGPS\NMEAGPS.cpp.o
                0x00080708                NMEAGPS::parseFloat(gps_fix::whole_frac&, char, unsigned char)
 .text._ZN7NMEAGPS10parseDDDMMERlc
                0x000807b8      0x118 C:\Users\Troy Neubauer\AppData\Local\Temp\VMBuilds\Rocketry 2018_2019\arduino_due_x_dbg\Release\NeoGPS\NMEAGPS.cpp.o
                0x000807b8                NMEAGPS::parseDDDMM(long&, char)
 .text._ZN7NMEAGPS8parseLatEc
                0x000808d0       0x28 C:\Users\Troy Neubauer\AppData\Local\Temp\VMBuilds\Rocketry 2018_2019\arduino_due_x_dbg\Release\NeoGPS\NMEAGPS.cpp.o
                0x000808d0                NMEAGPS::parseLat(char)
 .text._ZN7NMEAGPS7parseNSEc
                0x000808f8       0x1a C:\Users\Troy Neubauer\AppData\Local\Temp\VMBuilds\Rocketry 2018_2019\arduino_due_x_dbg\Release\NeoGPS\NMEAGPS.cpp.o
                0x000808f8                NMEAGPS::parseNS(char)
 .text._ZN7NMEAGPS8parseLonEc
                0x00080912       0x24 C:\Users\Troy Neubauer\AppData\Local\Temp\VMBuilds\Rocketry 2018_2019\arduino_due_x_dbg\Release\NeoGPS\NMEAGPS.cpp.o
                0x00080912                NMEAGPS::parseLon(char)
 .text._ZN7NMEAGPS7parseEWEc
                0x00080936       0x20 C:\Users\Troy Neubauer\AppData\Local\Temp\VMBuilds\Rocketry 2018_2019\arduino_due_x_dbg\Release\NeoGPS\NMEAGPS.cpp.o
                0x00080936                NMEAGPS::parseEW(char)
 .text._ZN7NMEAGPS10parseSpeedEc
                0x00080956       0x24 C:\Users\Troy Neubauer\AppData\Local\Temp\VMBuilds\Rocketry 2018_2019\arduino_due_x_dbg\Release\NeoGPS\NMEAGPS.cpp.o
                0x00080956                NMEAGPS::parseSpeed(char)
 .text._ZN7NMEAGPS12parseHeadingEc
                0x0008097a       0x24 C:\Users\Troy Neubauer\AppData\Local\Temp\VMBuilds\Rocketry 2018_2019\arduino_due_x_dbg\Release\NeoGPS\NMEAGPS.cpp.o
                0x0008097a                NMEAGPS::parseHeading(char)
 .text._ZN7NMEAGPS8parseRMCEc
                0x0008099e       0x40 C:\Users\Troy Neubauer\AppData\Local\Temp\VMBuilds\Rocketry 2018_2019\arduino_due_x_dbg\Release\NeoGPS\NMEAGPS.cpp.o
                0x0008099e                NMEAGPS::parseRMC(char)
 .text._ZN7NMEAGPS8parseAltEc
                0x000809de       0x24 C:\Users\Troy Neubauer\AppData\Local\Temp\VMBuilds\Rocketry 2018_2019\arduino_due_x_dbg\Release\NeoGPS\NMEAGPS.cpp.o
                0x000809de                NMEAGPS::parseAlt(char)
 .text._ZN7NMEAGPS15parseSatellitesEc
                0x00080a02       0x3c C:\Users\Troy Neubauer\AppData\Local\Temp\VMBuilds\Rocketry 2018_2019\arduino_due_x_dbg\Release\NeoGPS\NMEAGPS.cpp.o
                0x00080a02                NMEAGPS::parseSatellites(char)
 .text._ZN7NMEAGPS8parseGGAEc
                0x00080a3e       0x3c C:\Users\Troy Neubauer\AppData\Local\Temp\VMBuilds\Rocketry 2018_2019\arduino_due_x_dbg\Release\NeoGPS\NMEAGPS.cpp.o
                0x00080a3e                NMEAGPS::parseGGA(char)
 .text._ZN7NMEAGPS10parseFieldEc
                0x00080a7a       0x16 C:\Users\Troy Neubauer\AppData\Local\Temp\VMBuilds\Rocketry 2018_2019\arduino_due_x_dbg\Release\NeoGPS\NMEAGPS.cpp.o
                0x00080a7a                NMEAGPS::parseField(char)
 .text._ZN7NMEAGPS10sentenceOkEv
                0x00080a90       0x3a C:\Users\Troy Neubauer\AppData\Local\Temp\VMBuilds\Rocketry 2018_2019\arduino_due_x_dbg\Release\NeoGPS\NMEAGPS.cpp.o
                0x00080a90                NMEAGPS::sentenceOk()
 .text._ZN7NMEAGPS6decodeEc
                0x00080aca      0x104 C:\Users\Troy Neubauer\AppData\Local\Temp\VMBuilds\Rocketry 2018_2019\arduino_due_x_dbg\Release\NeoGPS\NMEAGPS.cpp.o
                0x00080aca                NMEAGPS::decode(char)
 .text._ZN7NMEAGPS6handleEh
                0x00080bce       0x18 C:\Users\Troy Neubauer\AppData\Local\Temp\VMBuilds\Rocketry 2018_2019\arduino_due_x_dbg\Release\NeoGPS\NMEAGPS.cpp.o
                0x00080bce                NMEAGPS::handle(unsigned char)
 .text._ZN7NMEAGPS4readEv
                0x00080be6       0x54 C:\Users\Troy Neubauer\AppData\Local\Temp\VMBuilds\Rocketry 2018_2019\arduino_due_x_dbg\Release\NeoGPS\NMEAGPS.cpp.o
                0x00080be6                NMEAGPS::read()
 .text._ZlsR5Printt
                0x00080c3a        0xe C:\Users\Troy Neubauer\AppData\Local\Temp\VMBuilds\Rocketry 2018_2019\arduino_due_x_dbg\Release\NeoGPS\Streamers.cpp.o
                0x00080c3a                operator<<(Print&, unsigned short)
 .text._ZlsR5Printm
                0x00080c48        0xe C:\Users\Troy Neubauer\AppData\Local\Temp\VMBuilds\Rocketry 2018_2019\arduino_due_x_dbg\Release\NeoGPS\Streamers.cpp.o
                0x00080c48                operator<<(Print&, unsigned long)
 .text._ZlsR5Printl
                0x00080c56        0xe C:\Users\Troy Neubauer\AppData\Local\Temp\VMBuilds\Rocketry 2018_2019\arduino_due_x_dbg\Release\NeoGPS\Streamers.cpp.o
                0x00080c56                operator<<(Print&, long)
 .text._ZlsR5Printh
                0x00080c64        0xe C:\Users\Troy Neubauer\AppData\Local\Temp\VMBuilds\Rocketry 2018_2019\arduino_due_x_dbg\Release\NeoGPS\Streamers.cpp.o
                0x00080c64                operator<<(Print&, unsigned char)
 .text._ZlsR5PrintRK7gps_fix
                0x00080c72      0x118 C:\Users\Troy Neubauer\AppData\Local\Temp\VMBuilds\Rocketry 2018_2019\arduino_due_x_dbg\Release\NeoGPS\Streamers.cpp.o
                0x00080c72                operator<<(Print&, gps_fix const&)
 *fill*         0x00080d8a        0x2 
 .text._Z12trace_headerR5Print
                0x00080d8c       0x28 C:\Users\Troy Neubauer\AppData\Local\Temp\VMBuilds\Rocketry 2018_2019\arduino_due_x_dbg\Release\NeoGPS\Streamers.cpp.o
                0x00080d8c                trace_header(Print&)
 .text._Z9trace_allR5PrintRK7NMEAGPSRK7gps_fix
                0x00080db4       0x4e C:\Users\Troy Neubauer\AppData\Local\Temp\VMBuilds\Rocketry 2018_2019\arduino_due_x_dbg\Release\NeoGPS\Streamers.cpp.o
                0x00080db4                trace_all(Print&, NMEAGPS const&, gps_fix const&)
 .text._Z11serialEventv
                0x00080e02        0x2 C:\Users\Troy Neubauer\AppData\Local\Temp\VMBCore\arduino16x\2607422fee9242fcb4843b1221ba9f67\variant\variant.cpp.o
                0x00080e02                serialEvent()
 .text.UART_Handler
                0x00080e04        0xc C:\Users\Troy Neubauer\AppData\Local\Temp\VMBCore\arduino16x\2607422fee9242fcb4843b1221ba9f67\variant\variant.cpp.o
                0x00080e04                UART_Handler
 .text._Z12serialEvent1v
                0x00080e10        0x2 C:\Users\Troy Neubauer\AppData\Local\Temp\VMBCore\arduino16x\2607422fee9242fcb4843b1221ba9f67\variant\variant.cpp.o
                0x00080e10                serialEvent1()
 .text._Z12serialEvent2v
                0x00080e12        0x2 C:\Users\Troy Neubauer\AppData\Local\Temp\VMBCore\arduino16x\2607422fee9242fcb4843b1221ba9f67\variant\variant.cpp.o
                0x00080e12                serialEvent2()
 .text._Z12serialEvent3v
                0x00080e14        0x2 C:\Users\Troy Neubauer\AppData\Local\Temp\VMBCore\arduino16x\2607422fee9242fcb4843b1221ba9f67\variant\variant.cpp.o
                0x00080e14                serialEvent3()
 *fill*         0x00080e16        0x2 
 .text.USART0_Handler
                0x00080e18        0xc C:\Users\Troy Neubauer\AppData\Local\Temp\VMBCore\arduino16x\2607422fee9242fcb4843b1221ba9f67\variant\variant.cpp.o
                0x00080e18                USART0_Handler
 .text.USART1_Handler
                0x00080e24        0xc C:\Users\Troy Neubauer\AppData\Local\Temp\VMBCore\arduino16x\2607422fee9242fcb4843b1221ba9f67\variant\variant.cpp.o
                0x00080e24                USART1_Handler
 .text.USART3_Handler
                0x00080e30        0xc C:\Users\Troy Neubauer\AppData\Local\Temp\VMBCore\arduino16x\2607422fee9242fcb4843b1221ba9f67\variant\variant.cpp.o
                0x00080e30                USART3_Handler
 .text.init     0x00080e3c      0x128 C:\Users\Troy Neubauer\AppData\Local\Temp\VMBCore\arduino16x\2607422fee9242fcb4843b1221ba9f67\variant\variant.cpp.o
                0x00080e3c                init
 .text.startup._GLOBAL__sub_I_g_APinDescription
                0x00080f64       0xd4 C:\Users\Troy Neubauer\AppData\Local\Temp\VMBCore\arduino16x\2607422fee9242fcb4843b1221ba9f67\variant\variant.cpp.o
 .text._Z14serialEventRunv
                0x00081038       0x44 C:\Users\Troy Neubauer\AppData\Local\Temp\VMBCore\arduino16x\2607422fee9242fcb4843b1221ba9f67\variant\variant.cpp.o
                0x00081038                serialEventRun()
 .text.PIO_PullUp
                0x0008107c        0xa C:\Users\Troy Neubauer\AppData\Local\arduino15\packages\arduino\hardware\sam\1.6.11\variants\arduino_due_x/libsam_sam3x8e_gcc_rel.a(pio.o)
                0x0008107c                PIO_PullUp
 .text.PIO_SetPeripheral
                0x00081086       0x26 C:\Users\Troy Neubauer\AppData\Local\arduino15\packages\arduino\hardware\sam\1.6.11\variants\arduino_due_x/libsam_sam3x8e_gcc_rel.a(pio.o)
                0x00081086                PIO_SetPeripheral
 .text.PIO_SetInput
                0x000810ac       0x26 C:\Users\Troy Neubauer\AppData\Local\arduino15\packages\arduino\hardware\sam\1.6.11\variants\arduino_due_x/libsam_sam3x8e_gcc_rel.a(pio.o)
                0x000810ac                PIO_SetInput
 .text.PIO_SetOutput
                0x000810d2       0x24 C:\Users\Troy Neubauer\AppData\Local\arduino15\packages\arduino\hardware\sam\1.6.11\variants\arduino_due_x/libsam_sam3x8e_gcc_rel.a(pio.o)
                0x000810d2                PIO_SetOutput
 *fill*         0x000810f6        0x2 
 .text.PIO_Configure
                0x000810f8       0x64 C:\Users\Troy Neubauer\AppData\Local\arduino15\packages\arduino\hardware\sam\1.6.11\variants\arduino_due_x/libsam_sam3x8e_gcc_rel.a(pio.o)
                0x000810f8                PIO_Configure
 .text.PIO_GetOutputDataStatus
                0x0008115c       0x14 C:\Users\Troy Neubauer\AppData\Local\arduino15\packages\arduino\hardware\sam\1.6.11\variants\arduino_due_x/libsam_sam3x8e_gcc_rel.a(pio.o)
                0x0008115c                PIO_GetOutputDataStatus
 .text.pmc_enable_upll_clock
                0x00081170       0x14 C:\Users\Troy Neubauer\AppData\Local\arduino15\packages\arduino\hardware\sam\1.6.11\variants\arduino_due_x/libsam_sam3x8e_gcc_rel.a(pmc.o)
                0x00081170                pmc_enable_upll_clock
 .text.pmc_enable_periph_clk
                0x00081184       0x44 C:\Users\Troy Neubauer\AppData\Local\arduino15\packages\arduino\hardware\sam\1.6.11\variants\arduino_due_x/libsam_sam3x8e_gcc_rel.a(pmc.o)
                0x00081184                pmc_enable_periph_clk
 .text.pmc_disable_periph_clk
                0x000811c8       0x40 C:\Users\Troy Neubauer\AppData\Local\arduino15\packages\arduino\hardware\sam\1.6.11\variants\arduino_due_x/libsam_sam3x8e_gcc_rel.a(pmc.o)
                0x000811c8                pmc_disable_periph_clk
 .text.pmc_switch_udpck_to_upllck
                0x00081208       0x14 C:\Users\Troy Neubauer\AppData\Local\arduino15\packages\arduino\hardware\sam\1.6.11\variants\arduino_due_x/libsam_sam3x8e_gcc_rel.a(pmc.o)
                0x00081208                pmc_switch_udpck_to_upllck
 .text.pmc_enable_udpck
                0x0008121c        0xc C:\Users\Troy Neubauer\AppData\Local\arduino15\packages\arduino\hardware\sam\1.6.11\variants\arduino_due_x/libsam_sam3x8e_gcc_rel.a(pmc.o)
                0x0008121c                pmc_enable_udpck
 .text.SystemInit
                0x00081228       0x88 C:\Users\Troy Neubauer\AppData\Local\arduino15\packages\arduino\hardware\sam\1.6.11\variants\arduino_due_x/libsam_sam3x8e_gcc_rel.a(system_sam3xa.o)
                0x00081228                SystemInit
 .text.Reset_Handler
                0x000812b0       0x78 C:\Users\Troy Neubauer\AppData\Local\arduino15\packages\arduino\hardware\sam\1.6.11\variants\arduino_due_x/libsam_sam3x8e_gcc_rel.a(startup_sam3xa.o)
                0x000812b0                Reset_Handler
 .text.adc_init
                0x00081328       0x98 C:\Users\Troy Neubauer\AppData\Local\arduino15\packages\arduino\hardware\sam\1.6.11\variants\arduino_due_x/libsam_sam3x8e_gcc_rel.a(adc.o)
                0x00081328                adc_init
 .text.adc_configure_trigger
                0x000813c0        0xe C:\Users\Troy Neubauer\AppData\Local\arduino15\packages\arduino\hardware\sam\1.6.11\variants\arduino_due_x/libsam_sam3x8e_gcc_rel.a(adc.o)
                0x000813c0                adc_configure_trigger
 .text.adc_configure_timing
                0x000813ce       0x1a C:\Users\Troy Neubauer\AppData\Local\arduino15\packages\arduino\hardware\sam\1.6.11\variants\arduino_due_x/libsam_sam3x8e_gcc_rel.a(adc.o)
                0x000813ce                adc_configure_timing
 .text.adc_disable_channel
                0x000813e8        0xa C:\Users\Troy Neubauer\AppData\Local\arduino15\packages\arduino\hardware\sam\1.6.11\variants\arduino_due_x/libsam_sam3x8e_gcc_rel.a(adc.o)
                0x000813e8                adc_disable_channel
 .text.adc_disable_all_channel
                0x000813f2        0x8 C:\Users\Troy Neubauer\AppData\Local\arduino15\packages\arduino\hardware\sam\1.6.11\variants\arduino_due_x/libsam_sam3x8e_gcc_rel.a(adc.o)
                0x000813f2                adc_disable_all_channel
 .text.adc_disable_interrupt
                0x000813fa        0x4 C:\Users\Troy Neubauer\AppData\Local\arduino15\packages\arduino\hardware\sam\1.6.11\variants\arduino_due_x/libsam_sam3x8e_gcc_rel.a(adc.o)
                0x000813fa                adc_disable_interrupt
 *fill*         0x000813fe        0x2 
 .text.UOTGHS_Handler
                0x00081400       0x10 C:\Users\Troy Neubauer\AppData\Local\arduino15\packages\arduino\hardware\sam\1.6.11\variants\arduino_due_x/libsam_sam3x8e_gcc_rel.a(uotghs.o)
                0x00081400                UOTGHS_Handler
 .text.__halt   0x00081410        0x2 C:\Users\Troy Neubauer\AppData\Local\Temp\VMBuilds\Rocketry 2018_2019\arduino_due_x_dbg\Release/core.a(cortex_handlers.c.o)
                0x00081410                DACC_Handler
                0x00081410                DebugMon_Handler
                0x00081410                DMAC_Handler
                0x00081410                TRNG_Handler
                0x00081410                HardFault_Handler
                0x00081410                TC2_Handler
                0x00081410                TWI1_Handler
                0x00081410                NMI_Handler
                0x00081410                TC7_Handler
                0x00081410                ADC_Handler
                0x00081410                SMC_Handler
                0x00081410                RTT_Handler
                0x00081410                EFC1_Handler
                0x00081410                PIOB_Handler
                0x00081410                RTC_Handler
                0x00081410                UsageFault_Handler
                0x00081410                TC6_Handler
                0x00081410                WDT_Handler
                0x00081410                CAN0_Handler
                0x00081410                TC4_Handler
                0x00081410                TC1_Handler
                0x00081410                HSMCI_Handler
                0x00081410                TC3_Handler
                0x00081410                TWI0_Handler
                0x00081410                PIOA_Handler
                0x00081410                SSC_Handler
                0x00081410                EFC0_Handler
                0x00081410                PMC_Handler
                0x00081410                PWM_Handler
                0x00081410                CAN1_Handler
                0x00081410                MemManage_Handler
                0x00081410                SUPC_Handler
                0x00081410                TC8_Handler
                0x00081410                USART2_Handler
                0x00081410                PIOD_Handler
                0x00081410                EMAC_Handler
                0x00081410                PIOC_Handler
                0x00081410                BusFault_Handler
                0x00081410                RSTC_Handler
                0x00081410                TC0_Handler
                0x00081410                TC5_Handler
                0x00081410                SPI0_Handler
 .text.SVC_Handler
                0x00081412        0x4 C:\Users\Troy Neubauer\AppData\Local\Temp\VMBuilds\Rocketry 2018_2019\arduino_due_x_dbg\Release/core.a(cortex_handlers.c.o)
                0x00081412                SVC_Handler
 .text.PendSV_Handler
                0x00081416        0x4 C:\Users\Troy Neubauer\AppData\Local\Temp\VMBuilds\Rocketry 2018_2019\arduino_due_x_dbg\Release/core.a(cortex_handlers.c.o)
                0x00081416                PendSV_Handler
 .text.SysTick_Handler
                0x0008141a       0x16 C:\Users\Troy Neubauer\AppData\Local\Temp\VMBuilds\Rocketry 2018_2019\arduino_due_x_dbg\Release/core.a(cortex_handlers.c.o)
                0x0008141a                SysTick_Handler
 .text.__empty  0x00081430        0x2 C:\Users\Troy Neubauer\AppData\Local\Temp\VMBuilds\Rocketry 2018_2019\arduino_due_x_dbg\Release/core.a(hooks.c.o)
                0x00081430                yield
 .text.__false  0x00081432        0x4 C:\Users\Troy Neubauer\AppData\Local\Temp\VMBuilds\Rocketry 2018_2019\arduino_due_x_dbg\Release/core.a(hooks.c.o)
                0x00081432                sysTickHook
 .text.__halt   0x00081436        0x2 C:\Users\Troy Neubauer\AppData\Local\Temp\VMBuilds\Rocketry 2018_2019\arduino_due_x_dbg\Release/core.a(hooks.c.o)
                0x00081436                svcHook
                0x00081436                pendSVHook
 .text._sbrk    0x00081438       0x1c C:\Users\Troy Neubauer\AppData\Local\Temp\VMBuilds\Rocketry 2018_2019\arduino_due_x_dbg\Release/core.a(syscalls_sam3.c.o)
                0x00081438                _sbrk
 .text.link     0x00081454        0x6 C:\Users\Troy Neubauer\AppData\Local\Temp\VMBuilds\Rocketry 2018_2019\arduino_due_x_dbg\Release/core.a(syscalls_sam3.c.o)
                0x00081454                link
 .text._close   0x0008145a        0x6 C:\Users\Troy Neubauer\AppData\Local\Temp\VMBuilds\Rocketry 2018_2019\arduino_due_x_dbg\Release/core.a(syscalls_sam3.c.o)
                0x0008145a                _close
 .text._fstat   0x00081460        0xa C:\Users\Troy Neubauer\AppData\Local\Temp\VMBuilds\Rocketry 2018_2019\arduino_due_x_dbg\Release/core.a(syscalls_sam3.c.o)
                0x00081460                _fstat
 .text._isatty  0x0008146a        0x4 C:\Users\Troy Neubauer\AppData\Local\Temp\VMBuilds\Rocketry 2018_2019\arduino_due_x_dbg\Release/core.a(syscalls_sam3.c.o)
                0x0008146a                _isatty
 .text._lseek   0x0008146e        0x4 C:\Users\Troy Neubauer\AppData\Local\Temp\VMBuilds\Rocketry 2018_2019\arduino_due_x_dbg\Release/core.a(syscalls_sam3.c.o)
                0x0008146e                _lseek
 .text._read    0x00081472        0x4 C:\Users\Troy Neubauer\AppData\Local\Temp\VMBuilds\Rocketry 2018_2019\arduino_due_x_dbg\Release/core.a(syscalls_sam3.c.o)
                0x00081472                _read
 *fill*         0x00081476        0x2 
 .text._write   0x00081478       0x24 C:\Users\Troy Neubauer\AppData\Local\Temp\VMBuilds\Rocketry 2018_2019\arduino_due_x_dbg\Release/core.a(syscalls_sam3.c.o)
                0x00081478                _write
 .text._exit    0x0008149c       0x10 C:\Users\Troy Neubauer\AppData\Local\Temp\VMBuilds\Rocketry 2018_2019\arduino_due_x_dbg\Release/core.a(syscalls_sam3.c.o)
                0x0008149c                _exit
 .text._kill    0x000814ac        0x2 C:\Users\Troy Neubauer\AppData\Local\Temp\VMBuilds\Rocketry 2018_2019\arduino_due_x_dbg\Release/core.a(syscalls_sam3.c.o)
                0x000814ac                _kill
 .text._getpid  0x000814ae        0x6 C:\Users\Troy Neubauer\AppData\Local\Temp\VMBuilds\Rocketry 2018_2019\arduino_due_x_dbg\Release/core.a(syscalls_sam3.c.o)
                0x000814ae                _getpid
 .text.analogOutputInit
                0x000814b4        0x2 C:\Users\Troy Neubauer\AppData\Local\Temp\VMBuilds\Rocketry 2018_2019\arduino_due_x_dbg\Release/core.a(wiring_analog.c.o)
                0x000814b4                analogOutputInit
 *fill*         0x000814b6        0x2 
 .text.pinMode  0x000814b8      0x108 C:\Users\Troy Neubauer\AppData\Local\Temp\VMBuilds\Rocketry 2018_2019\arduino_due_x_dbg\Release/core.a(wiring_digital.c.o)
                0x000814b8                pinMode
 .text.digitalWrite
                0x000815c0       0x70 C:\Users\Troy Neubauer\AppData\Local\Temp\VMBuilds\Rocketry 2018_2019\arduino_due_x_dbg\Release/core.a(wiring_digital.c.o)
                0x000815c0                digitalWrite
 .text.initVariant
                0x00081630        0x2 C:\Users\Troy Neubauer\AppData\Local\Temp\VMBuilds\Rocketry 2018_2019\arduino_due_x_dbg\Release/core.a(main.cpp.o)
                0x00081630                initVariant
 *fill*         0x00081632        0x2 
 .text.startup.main
                0x00081634       0x38 C:\Users\Troy Neubauer\AppData\Local\Temp\VMBuilds\Rocketry 2018_2019\arduino_due_x_dbg\Release/core.a(main.cpp.o)
                0x00081634                main
 .text._ZN5Print5writeEPKhj
                0x0008166c       0x22 C:\Users\Troy Neubauer\AppData\Local\Temp\VMBuilds\Rocketry 2018_2019\arduino_due_x_dbg\Release/core.a(Print.cpp.o)
                0x0008166c                Print::write(unsigned char const*, unsigned int)
 .text._ZN5Print5printEmi.part.3
                0x0008168e        0xc C:\Users\Troy Neubauer\AppData\Local\Temp\VMBuilds\Rocketry 2018_2019\arduino_due_x_dbg\Release/core.a(Print.cpp.o)
 .text._ZN5Print5writeEPKc
                0x0008169a       0x1e C:\Users\Troy Neubauer\AppData\Local\Temp\VMBuilds\Rocketry 2018_2019\arduino_due_x_dbg\Release/core.a(Print.cpp.o)
                0x0008169a                Print::write(char const*)
 .text._ZN5Print5printEPK19__FlashStringHelper
                0x000816b8        0x8 C:\Users\Troy Neubauer\AppData\Local\Temp\VMBuilds\Rocketry 2018_2019\arduino_due_x_dbg\Release/core.a(Print.cpp.o)
                0x000816b8                Print::print(__FlashStringHelper const*)
 .text._ZN5Print5printEc
                0x000816c0        0xa C:\Users\Troy Neubauer\AppData\Local\Temp\VMBuilds\Rocketry 2018_2019\arduino_due_x_dbg\Release/core.a(Print.cpp.o)
                0x000816c0                Print::print(char)
 *fill*         0x000816ca        0x2 
 .text._ZN5Print7printlnEv
                0x000816cc       0x10 C:\Users\Troy Neubauer\AppData\Local\Temp\VMBuilds\Rocketry 2018_2019\arduino_due_x_dbg\Release/core.a(Print.cpp.o)
                0x000816cc                Print::println()
 .text._ZN5Print7printlnEPK19__FlashStringHelper
                0x000816dc       0x14 C:\Users\Troy Neubauer\AppData\Local\Temp\VMBuilds\Rocketry 2018_2019\arduino_due_x_dbg\Release/core.a(Print.cpp.o)
                0x000816dc                Print::println(__FlashStringHelper const*)
 .text._ZN5Print11printNumberEmh
                0x000816f0       0x3e C:\Users\Troy Neubauer\AppData\Local\Temp\VMBuilds\Rocketry 2018_2019\arduino_due_x_dbg\Release/core.a(Print.cpp.o)
                0x000816f0                Print::printNumber(unsigned long, unsigned char)
 .text._ZN5Print5printEli
                0x0008172e       0x3c C:\Users\Troy Neubauer\AppData\Local\Temp\VMBuilds\Rocketry 2018_2019\arduino_due_x_dbg\Release/core.a(Print.cpp.o)
                0x0008172e                Print::print(long, int)
 .text._ZN5Print5printEii
                0x0008176a        0x4 C:\Users\Troy Neubauer\AppData\Local\Temp\VMBuilds\Rocketry 2018_2019\arduino_due_x_dbg\Release/core.a(Print.cpp.o)
                0x0008176a                Print::print(int, int)
 .text._ZN5Print5printEmi
                0x0008176e        0xc C:\Users\Troy Neubauer\AppData\Local\Temp\VMBuilds\Rocketry 2018_2019\arduino_due_x_dbg\Release/core.a(Print.cpp.o)
                0x0008176e                Print::print(unsigned long, int)
 .text._ZN5Print5printEhi
                0x0008177a        0x4 C:\Users\Troy Neubauer\AppData\Local\Temp\VMBuilds\Rocketry 2018_2019\arduino_due_x_dbg\Release/core.a(Print.cpp.o)
                0x0008177a                Print::print(unsigned char, int)
 .text._ZN5Print7printlnEji
                0x0008177e       0x14 C:\Users\Troy Neubauer\AppData\Local\Temp\VMBuilds\Rocketry 2018_2019\arduino_due_x_dbg\Release/core.a(Print.cpp.o)
                0x0008177e                Print::println(unsigned int, int)
 *fill*         0x00081792        0x2 
 .text.initiateReset
                0x00081794        0xc C:\Users\Troy Neubauer\AppData\Local\Temp\VMBuilds\Rocketry 2018_2019\arduino_due_x_dbg\Release/core.a(Reset.cpp.o)
                0x00081794                initiateReset
 .text.cancelReset
                0x000817a0       0x10 C:\Users\Troy Neubauer\AppData\Local\Temp\VMBuilds\Rocketry 2018_2019\arduino_due_x_dbg\Release/core.a(Reset.cpp.o)
                0x000817a0                cancelReset
 .text.tickReset
                0x000817b0       0x20 C:\Users\Troy Neubauer\AppData\Local\Temp\VMBuilds\Rocketry 2018_2019\arduino_due_x_dbg\Release/core.a(Reset.cpp.o)
                0x000817b0                tickReset
 .text._ZN10RingBufferC2Ev
                0x000817d0       0x1a C:\Users\Troy Neubauer\AppData\Local\Temp\VMBuilds\Rocketry 2018_2019\arduino_due_x_dbg\Release/core.a(RingBuffer.cpp.o)
                0x000817d0                RingBuffer::RingBuffer()
                0x000817d0                RingBuffer::RingBuffer()
 .text._ZN10RingBuffer10store_charEh
                0x000817ea       0x1e C:\Users\Troy Neubauer\AppData\Local\Temp\VMBuilds\Rocketry 2018_2019\arduino_due_x_dbg\Release/core.a(RingBuffer.cpp.o)
                0x000817ea                RingBuffer::store_char(unsigned char)
 .text._ZN9UARTClasscvbEv
                0x00081808        0x4 C:\Users\Troy Neubauer\AppData\Local\Temp\VMBuilds\Rocketry 2018_2019\arduino_due_x_dbg\Release/core.a(UARTClass.cpp.o)
                0x00081808                UARTClass::operator bool()
 .text._ZN9UARTClass9availableEv
                0x0008180c       0x12 C:\Users\Troy Neubauer\AppData\Local\Temp\VMBuilds\Rocketry 2018_2019\arduino_due_x_dbg\Release/core.a(UARTClass.cpp.o)
                0x0008180c                UARTClass::available()
 .text._ZN9UARTClass4peekEv
                0x0008181e       0x1c C:\Users\Troy Neubauer\AppData\Local\Temp\VMBuilds\Rocketry 2018_2019\arduino_due_x_dbg\Release/core.a(UARTClass.cpp.o)
                0x0008181e                UARTClass::peek()
 .text._ZN9UARTClass4readEv
                0x0008183a       0x2a C:\Users\Troy Neubauer\AppData\Local\Temp\VMBuilds\Rocketry 2018_2019\arduino_due_x_dbg\Release/core.a(UARTClass.cpp.o)
                0x0008183a                UARTClass::read()
 .text._ZN9UARTClass5flushEv
                0x00081864       0x18 C:\Users\Troy Neubauer\AppData\Local\Temp\VMBuilds\Rocketry 2018_2019\arduino_due_x_dbg\Release/core.a(UARTClass.cpp.o)
                0x00081864                UARTClass::flush()
 .text._ZN9UARTClass5writeEh
                0x0008187c       0x54 C:\Users\Troy Neubauer\AppData\Local\Temp\VMBuilds\Rocketry 2018_2019\arduino_due_x_dbg\Release/core.a(UARTClass.cpp.o)
                0x0008187c                UARTClass::write(unsigned char)
 .text._ZN9UARTClass3endEv
                0x000818d0       0x3c C:\Users\Troy Neubauer\AppData\Local\Temp\VMBuilds\Rocketry 2018_2019\arduino_due_x_dbg\Release/core.a(UARTClass.cpp.o)
                0x000818d0                UARTClass::end()
 .text._ZN9UARTClassC2EP4Uart4IRQnmP10RingBufferS4_
                0x0008190c       0x24 C:\Users\Troy Neubauer\AppData\Local\Temp\VMBuilds\Rocketry 2018_2019\arduino_due_x_dbg\Release/core.a(UARTClass.cpp.o)
                0x0008190c                UARTClass::UARTClass(Uart*, IRQn, unsigned long, RingBuffer*, RingBuffer*)
                0x0008190c                UARTClass::UARTClass(Uart*, IRQn, unsigned long, RingBuffer*, RingBuffer*)
 .text._ZN9UARTClass4initEmm
                0x00081930       0x70 C:\Users\Troy Neubauer\AppData\Local\Temp\VMBuilds\Rocketry 2018_2019\arduino_due_x_dbg\Release/core.a(UARTClass.cpp.o)
                0x00081930                UARTClass::init(unsigned long, unsigned long)
 .text._ZN9UARTClass5beginEm
                0x000819a0        0x8 C:\Users\Troy Neubauer\AppData\Local\Temp\VMBuilds\Rocketry 2018_2019\arduino_due_x_dbg\Release/core.a(UARTClass.cpp.o)
                0x000819a0                UARTClass::begin(unsigned long)
 .text._ZN9UARTClass10IrqHandlerEv
                0x000819a8       0x5a C:\Users\Troy Neubauer\AppData\Local\Temp\VMBuilds\Rocketry 2018_2019\arduino_due_x_dbg\Release/core.a(UARTClass.cpp.o)
                0x000819a8                UARTClass::IrqHandler()
 .text._ZN10USARTClass5beginEm
                0x00081a02        0x8 C:\Users\Troy Neubauer\AppData\Local\Temp\VMBuilds\Rocketry 2018_2019\arduino_due_x_dbg\Release/core.a(USARTClass.cpp.o)
                0x00081a02                USARTClass::begin(unsigned long)
 *fill*         0x00081a0a        0x2 
 .text._ZN10USARTClassC2EP5Usart4IRQnmP10RingBufferS4_
                0x00081a0c       0x24 C:\Users\Troy Neubauer\AppData\Local\Temp\VMBuilds\Rocketry 2018_2019\arduino_due_x_dbg\Release/core.a(USARTClass.cpp.o)
                0x00081a0c                USARTClass::USARTClass(Usart*, IRQn, unsigned long, RingBuffer*, RingBuffer*)
                0x00081a0c                USARTClass::USARTClass(Usart*, IRQn, unsigned long, RingBuffer*, RingBuffer*)
 .text._watchdogDefaultSetup
                0x00081a30        0xc C:\Users\Troy Neubauer\AppData\Local\Temp\VMBuilds\Rocketry 2018_2019\arduino_due_x_dbg\Release/core.a(watchdog.cpp.o)
                0x00081a30                _watchdogDefaultSetup
                0x00081a30                watchdogSetup()
 .text.unlikely._ZL11USB_SendZlpv
                0x00081a3c       0x20 C:\Users\Troy Neubauer\AppData\Local\Temp\VMBuilds\Rocketry 2018_2019\arduino_due_x_dbg\Release/core.a(USBCore.cpp.o)
 .text._Z14USBD_Availablem
                0x00081a5c       0x2c C:\Users\Troy Neubauer\AppData\Local\Temp\VMBuilds\Rocketry 2018_2019\arduino_due_x_dbg\Release/core.a(USBCore.cpp.o)
                0x00081a5c                USBD_Available(unsigned long)
 .text._Z9USBD_RecvmPvm
                0x00081a88       0x7c C:\Users\Troy Neubauer\AppData\Local\Temp\VMBuilds\Rocketry 2018_2019\arduino_due_x_dbg\Release/core.a(USBCore.cpp.o)
                0x00081a88                USBD_Recv(unsigned long, void*, unsigned long)
 .text._Z9USBD_Recvm
                0x00081b04       0x22 C:\Users\Troy Neubauer\AppData\Local\Temp\VMBuilds\Rocketry 2018_2019\arduino_due_x_dbg\Release/core.a(USBCore.cpp.o)
                0x00081b04                USBD_Recv(unsigned long)
 *fill*         0x00081b26        0x2 
 .text._Z9USBD_SendmPKvm
                0x00081b28       0x4c C:\Users\Troy Neubauer\AppData\Local\Temp\VMBuilds\Rocketry 2018_2019\arduino_due_x_dbg\Release/core.a(USBCore.cpp.o)
                0x00081b28                USBD_Send(unsigned long, void const*, unsigned long)
 .text._Z16USBD_SendControlhPKvm
                0x00081b74       0x40 C:\Users\Troy Neubauer\AppData\Local\Temp\VMBuilds\Rocketry 2018_2019\arduino_due_x_dbg\Release/core.a(USBCore.cpp.o)
                0x00081b74                USBD_SendControl(unsigned char, void const*, unsigned long)
 .text.unlikely._ZL24USB_SendStringDescriptorPKhi
                0x00081bb4       0x64 C:\Users\Troy Neubauer\AppData\Local\Temp\VMBuilds\Rocketry 2018_2019\arduino_due_x_dbg\Release/core.a(USBCore.cpp.o)
 .text._Z16USBD_RecvControlPvm
                0x00081c18       0x1c C:\Users\Troy Neubauer\AppData\Local\Temp\VMBuilds\Rocketry 2018_2019\arduino_due_x_dbg\Release/core.a(USBCore.cpp.o)
                0x00081c18                USBD_RecvControl(void*, unsigned long)
 .text._Z26USBD_ClassInterfaceRequestR8USBSetup
                0x00081c34       0x1e C:\Users\Troy Neubauer\AppData\Local\Temp\VMBuilds\Rocketry 2018_2019\arduino_due_x_dbg\Release/core.a(USBCore.cpp.o)
                0x00081c34                USBD_ClassInterfaceRequest(USBSetup&)
 .text._Z19USBD_SendInterfacesv
                0x00081c52       0x22 C:\Users\Troy Neubauer\AppData\Local\Temp\VMBuilds\Rocketry 2018_2019\arduino_due_x_dbg\Release/core.a(USBCore.cpp.o)
                0x00081c52                USBD_SendInterfaces()
 .text._Z24USBD_SendOtherInterfacesv
                0x00081c74       0x22 C:\Users\Troy Neubauer\AppData\Local\Temp\VMBuilds\Rocketry 2018_2019\arduino_due_x_dbg\Release/core.a(USBCore.cpp.o)
                0x00081c74                USBD_SendOtherInterfaces()
 .text._Z10USBD_Flushm
                0x00081c96       0x16 C:\Users\Troy Neubauer\AppData\Local\Temp\VMBuilds\Rocketry 2018_2019\arduino_due_x_dbg\Release/core.a(USBCore.cpp.o)
                0x00081c96                USBD_Flush(unsigned long)
 .text._ZN10USBDevice_C2Ev
                0x00081cac       0x24 C:\Users\Troy Neubauer\AppData\Local\Temp\VMBuilds\Rocketry 2018_2019\arduino_due_x_dbg\Release/core.a(USBCore.cpp.o)
                0x00081cac                USBDevice_::USBDevice_()
                0x00081cac                USBDevice_::USBDevice_()
 .text._ZN10USBDevice_6attachEv
                0x00081cd0       0x20 C:\Users\Troy Neubauer\AppData\Local\Temp\VMBuilds\Rocketry 2018_2019\arduino_due_x_dbg\Release/core.a(USBCore.cpp.o)
                0x00081cd0                USBDevice_::attach()
 .text.startup._GLOBAL__sub_I_EndPoints
                0x00081cf0        0xc C:\Users\Troy Neubauer\AppData\Local\Temp\VMBuilds\Rocketry 2018_2019\arduino_due_x_dbg\Release/core.a(USBCore.cpp.o)
 .text._ZL7USB_ISRv
                0x00081cfc      0x454 C:\Users\Troy Neubauer\AppData\Local\Temp\VMBuilds\Rocketry 2018_2019\arduino_due_x_dbg\Release/core.a(USBCore.cpp.o)
 .text.delay    0x00082150       0x1c C:\Users\Troy Neubauer\AppData\Local\Temp\VMBuilds\Rocketry 2018_2019\arduino_due_x_dbg\Release/core.a(wiring.c.o)
                0x00082150                delay
 .text._ZN7Serial_9availableEv
                0x0008216c       0x18 C:\Users\Troy Neubauer\AppData\Local\Temp\VMBuilds\Rocketry 2018_2019\arduino_due_x_dbg\Release/core.a(CDC.cpp.o)
                0x0008216c                Serial_::available()
 .text._ZN7Serial_17availableForWriteEv
                0x00082184        0x6 C:\Users\Troy Neubauer\AppData\Local\Temp\VMBuilds\Rocketry 2018_2019\arduino_due_x_dbg\Release/core.a(CDC.cpp.o)
                0x00082184                Serial_::availableForWrite()
 *fill*         0x0008218a        0x2 
 .text._ZN7Serial_4peekEv
                0x0008218c       0x20 C:\Users\Troy Neubauer\AppData\Local\Temp\VMBuilds\Rocketry 2018_2019\arduino_due_x_dbg\Release/core.a(CDC.cpp.o)
                0x0008218c                Serial_::peek()
 .text._ZN7Serial_5writeEh
                0x000821ac       0x16 C:\Users\Troy Neubauer\AppData\Local\Temp\VMBuilds\Rocketry 2018_2019\arduino_due_x_dbg\Release/core.a(CDC.cpp.o)
                0x000821ac                Serial_::write(unsigned char)
 *fill*         0x000821c2        0x2 
 .text._ZN7Serial_4readEv
                0x000821c4       0x44 C:\Users\Troy Neubauer\AppData\Local\Temp\VMBuilds\Rocketry 2018_2019\arduino_due_x_dbg\Release/core.a(CDC.cpp.o)
                0x000821c4                Serial_::read()
 .text._ZN7Serial_5flushEv
                0x00082208        0x6 C:\Users\Troy Neubauer\AppData\Local\Temp\VMBuilds\Rocketry 2018_2019\arduino_due_x_dbg\Release/core.a(CDC.cpp.o)
                0x00082208                Serial_::flush()
 *fill*         0x0008220e        0x2 
 .text._ZN7Serial_6acceptEv
                0x00082210       0x70 C:\Users\Troy Neubauer\AppData\Local\Temp\VMBuilds\Rocketry 2018_2019\arduino_due_x_dbg\Release/core.a(CDC.cpp.o)
                0x00082210                Serial_::accept()
 .text._ZN7Serial_5writeEPKhj
                0x00082280       0x2c C:\Users\Troy Neubauer\AppData\Local\Temp\VMBuilds\Rocketry 2018_2019\arduino_due_x_dbg\Release/core.a(CDC.cpp.o)
                0x00082280                Serial_::write(unsigned char const*, unsigned int)
 .text._Z16CDC_GetInterfacePh
                0x000822ac       0x14 C:\Users\Troy Neubauer\AppData\Local\Temp\VMBuilds\Rocketry 2018_2019\arduino_due_x_dbg\Release/core.a(CDC.cpp.o)
                0x000822ac                CDC_GetInterface(unsigned char*)
 .text._Z21CDC_GetOtherInterfacePh
                0x000822c0       0x14 C:\Users\Troy Neubauer\AppData\Local\Temp\VMBuilds\Rocketry 2018_2019\arduino_due_x_dbg\Release/core.a(CDC.cpp.o)
                0x000822c0                CDC_GetOtherInterface(unsigned char*)
 .text._Z9CDC_SetupR8USBSetup
                0x000822d4       0x78 C:\Users\Troy Neubauer\AppData\Local\Temp\VMBuilds\Rocketry 2018_2019\arduino_due_x_dbg\Release/core.a(CDC.cpp.o)
                0x000822d4                CDC_Setup(USBSetup&)
 .text.startup._GLOBAL__sub_I_cdc_rx_buffer
                0x0008234c       0x1c C:\Users\Troy Neubauer\AppData\Local\Temp\VMBuilds\Rocketry 2018_2019\arduino_due_x_dbg\Release/core.a(CDC.cpp.o)
 .text._ZN13PluggableUSB_12getInterfaceEPh
                0x00082368       0x28 C:\Users\Troy Neubauer\AppData\Local\Temp\VMBuilds\Rocketry 2018_2019\arduino_due_x_dbg\Release/core.a(PluggableUSB.cpp.o)
                0x00082368                PluggableUSB_::getInterface(unsigned char*)
 .text._ZN13PluggableUSB_13getDescriptorER8USBSetup
                0x00082390       0x1c C:\Users\Troy Neubauer\AppData\Local\Temp\VMBuilds\Rocketry 2018_2019\arduino_due_x_dbg\Release/core.a(PluggableUSB.cpp.o)
                0x00082390                PluggableUSB_::getDescriptor(USBSetup&)
 .text._ZN13PluggableUSB_12getShortNameEPc
                0x000823ac       0x1c C:\Users\Troy Neubauer\AppData\Local\Temp\VMBuilds\Rocketry 2018_2019\arduino_due_x_dbg\Release/core.a(PluggableUSB.cpp.o)
                0x000823ac                PluggableUSB_::getShortName(char*)
 .text._ZN13PluggableUSB_5setupER8USBSetup
                0x000823c8       0x20 C:\Users\Troy Neubauer\AppData\Local\Temp\VMBuilds\Rocketry 2018_2019\arduino_due_x_dbg\Release/core.a(PluggableUSB.cpp.o)
                0x000823c8                PluggableUSB_::setup(USBSetup&)
 .text._Z12PluggableUSBv
                0x000823e8       0x28 C:\Users\Troy Neubauer\AppData\Local\Temp\VMBuilds\Rocketry 2018_2019\arduino_due_x_dbg\Release/core.a(PluggableUSB.cpp.o)
                0x000823e8                PluggableUSB()
 .text.TimeTick_Increment
                0x00082410       0x10 C:\Users\Troy Neubauer\AppData\Local\arduino15\packages\arduino\hardware\sam\1.6.11\variants\arduino_due_x/libsam_sam3x8e_gcc_rel.a(timetick.o)
                0x00082410                TimeTick_Increment
 .text.GetTickCount
                0x00082420        0xc C:\Users\Troy Neubauer\AppData\Local\arduino15\packages\arduino\hardware\sam\1.6.11\variants\arduino_due_x/libsam_sam3x8e_gcc_rel.a(timetick.o)
                0x00082420                GetTickCount
 .text.WDT_Disable
                0x0008242c        0x8 C:\Users\Troy Neubauer\AppData\Local\arduino15\packages\arduino\hardware\sam\1.6.11\variants\arduino_due_x/libsam_sam3x8e_gcc_rel.a(wdt.o)
                0x0008242c                WDT_Disable
 .text.UDD_SetStack
                0x00082434        0xc C:\Users\Troy Neubauer\AppData\Local\arduino15\packages\arduino\hardware\sam\1.6.11\variants\arduino_due_x/libsam_sam3x8e_gcc_rel.a(uotghs_device.o)
                0x00082434                UDD_SetStack
 .text.UDD_Init
                0x00082440       0xd0 C:\Users\Troy Neubauer\AppData\Local\arduino15\packages\arduino\hardware\sam\1.6.11\variants\arduino_due_x/libsam_sam3x8e_gcc_rel.a(uotghs_device.o)
                0x00082440                UDD_Init
 .text.UDD_Attach
                0x00082510       0x50 C:\Users\Troy Neubauer\AppData\Local\arduino15\packages\arduino\hardware\sam\1.6.11\variants\arduino_due_x/libsam_sam3x8e_gcc_rel.a(uotghs_device.o)
                0x00082510                UDD_Attach
 .text.UDD_InitEP
                0x00082560       0x2c C:\Users\Troy Neubauer\AppData\Local\arduino15\packages\arduino\hardware\sam\1.6.11\variants\arduino_due_x/libsam_sam3x8e_gcc_rel.a(uotghs_device.o)
                0x00082560                UDD_InitEP
 .text.UDD_InitEndpoints
                0x0008258c       0x3c C:\Users\Troy Neubauer\AppData\Local\arduino15\packages\arduino\hardware\sam\1.6.11\variants\arduino_due_x/libsam_sam3x8e_gcc_rel.a(uotghs_device.o)
                0x0008258c                UDD_InitEndpoints
 .text.UDD_WaitIN
                0x000825c8       0x10 C:\Users\Troy Neubauer\AppData\Local\arduino15\packages\arduino\hardware\sam\1.6.11\variants\arduino_due_x/libsam_sam3x8e_gcc_rel.a(uotghs_device.o)
                0x000825c8                UDD_WaitIN
 .text.UDD_WaitOUT
                0x000825d8       0x10 C:\Users\Troy Neubauer\AppData\Local\arduino15\packages\arduino\hardware\sam\1.6.11\variants\arduino_due_x/libsam_sam3x8e_gcc_rel.a(uotghs_device.o)
                0x000825d8                UDD_WaitOUT
 .text.UDD_ClearIN
                0x000825e8       0x18 C:\Users\Troy Neubauer\AppData\Local\arduino15\packages\arduino\hardware\sam\1.6.11\variants\arduino_due_x/libsam_sam3x8e_gcc_rel.a(uotghs_device.o)
                0x000825e8                UDD_ClearIN
 .text.UDD_ClearOUT
                0x00082600       0x18 C:\Users\Troy Neubauer\AppData\Local\arduino15\packages\arduino\hardware\sam\1.6.11\variants\arduino_due_x/libsam_sam3x8e_gcc_rel.a(uotghs_device.o)
                0x00082600                UDD_ClearOUT
 .text.UDD_ReceivedSetupInt
                0x00082618       0x10 C:\Users\Troy Neubauer\AppData\Local\arduino15\packages\arduino\hardware\sam\1.6.11\variants\arduino_due_x/libsam_sam3x8e_gcc_rel.a(uotghs_device.o)
                0x00082618                UDD_ReceivedSetupInt
 .text.UDD_ClearSetupInt
                0x00082628       0x10 C:\Users\Troy Neubauer\AppData\Local\arduino15\packages\arduino\hardware\sam\1.6.11\variants\arduino_due_x/libsam_sam3x8e_gcc_rel.a(uotghs_device.o)
                0x00082628                UDD_ClearSetupInt
 .text.UDD_Send
                0x00082638       0x88 C:\Users\Troy Neubauer\AppData\Local\arduino15\packages\arduino\hardware\sam\1.6.11\variants\arduino_due_x/libsam_sam3x8e_gcc_rel.a(uotghs_device.o)
                0x00082638                UDD_Send
 .text.UDD_Send8
                0x000826c0       0x24 C:\Users\Troy Neubauer\AppData\Local\arduino15\packages\arduino\hardware\sam\1.6.11\variants\arduino_due_x/libsam_sam3x8e_gcc_rel.a(uotghs_device.o)
                0x000826c0                UDD_Send8
 .text.UDD_Recv8
                0x000826e4       0x28 C:\Users\Troy Neubauer\AppData\Local\arduino15\packages\arduino\hardware\sam\1.6.11\variants\arduino_due_x/libsam_sam3x8e_gcc_rel.a(uotghs_device.o)
                0x000826e4                UDD_Recv8
 .text.UDD_Recv
                0x0008270c       0x34 C:\Users\Troy Neubauer\AppData\Local\arduino15\packages\arduino\hardware\sam\1.6.11\variants\arduino_due_x/libsam_sam3x8e_gcc_rel.a(uotghs_device.o)
                0x0008270c                UDD_Recv
 .text.UDD_Stall
                0x00082740       0x14 C:\Users\Troy Neubauer\AppData\Local\arduino15\packages\arduino\hardware\sam\1.6.11\variants\arduino_due_x/libsam_sam3x8e_gcc_rel.a(uotghs_device.o)
                0x00082740                UDD_Stall
 .text.UDD_FifoByteCount
                0x00082754       0x14 C:\Users\Troy Neubauer\AppData\Local\arduino15\packages\arduino\hardware\sam\1.6.11\variants\arduino_due_x/libsam_sam3x8e_gcc_rel.a(uotghs_device.o)
                0x00082754                UDD_FifoByteCount
 .text.UDD_ReleaseRX
                0x00082768       0x28 C:\Users\Troy Neubauer\AppData\Local\arduino15\packages\arduino\hardware\sam\1.6.11\variants\arduino_due_x/libsam_sam3x8e_gcc_rel.a(uotghs_device.o)
                0x00082768                UDD_ReleaseRX
 .text.UDD_ReleaseTX
                0x00082790       0x28 C:\Users\Troy Neubauer\AppData\Local\arduino15\packages\arduino\hardware\sam\1.6.11\variants\arduino_due_x/libsam_sam3x8e_gcc_rel.a(uotghs_device.o)
                0x00082790                UDD_ReleaseTX
 .text.UDD_SetAddress
                0x000827b8       0x20 C:\Users\Troy Neubauer\AppData\Local\arduino15\packages\arduino\hardware\sam\1.6.11\variants\arduino_due_x/libsam_sam3x8e_gcc_rel.a(uotghs_device.o)
                0x000827b8                UDD_SetAddress
 .text.__libc_init_array
                0x000827d8       0x50 c:/users/troy neubauer/appdata/local/arduino15/packages/arduino/tools/arm-none-eabi-gcc/4.8.3-2014q1/bin/../lib/gcc/arm-none-eabi/4.8.3/../../../../arm-none-eabi/lib/armv7-m\libg.a(lib_a-init.o)
                0x000827d8                __libc_init_array
 .text.iprintf  0x00082828       0x28 c:/users/troy neubauer/appdata/local/arduino15/packages/arduino/tools/arm-none-eabi-gcc/4.8.3-2014q1/bin/../lib/gcc/arm-none-eabi/4.8.3/../../../../arm-none-eabi/lib/armv7-m\libg.a(lib_a-iprintf.o)
                0x00082828                iprintf
 .text.memset   0x00082850       0x94 c:/users/troy neubauer/appdata/local/arduino15/packages/arduino/tools/arm-none-eabi-gcc/4.8.3-2014q1/bin/../lib/gcc/arm-none-eabi/4.8.3/../../../../arm-none-eabi/lib/armv7-m\libg.a(lib_a-memset.o)
                0x00082850                memset
 .text.strlen   0x000828e4       0x60 c:/users/troy neubauer/appdata/local/arduino15/packages/arduino/tools/arm-none-eabi-gcc/4.8.3-2014q1/bin/../lib/gcc/arm-none-eabi/4.8.3/../../../../arm-none-eabi/lib/armv7-m\libg.a(lib_a-strlen.o)
                0x000828e4                strlen
 .text.kill     0x00082944       0x10 c:/users/troy neubauer/appdata/local/arduino15/packages/arduino/tools/arm-none-eabi-gcc/4.8.3-2014q1/bin/../lib/gcc/arm-none-eabi/4.8.3/../../../../arm-none-eabi/lib/armv7-m\libg.a(lib_a-syskill.o)
                0x00082944                kill
 .text.__sprint_r.part.0
                0x00082954       0x78 c:/users/troy neubauer/appdata/local/arduino15/packages/arduino/tools/arm-none-eabi-gcc/4.8.3-2014q1/bin/../lib/gcc/arm-none-eabi/4.8.3/../../../../arm-none-eabi/lib/armv7-m\libg.a(lib_a-vfiprintf.o)
 .text._vfiprintf_r
                0x000829cc      0xc54 c:/users/troy neubauer/appdata/local/arduino15/packages/arduino/tools/arm-none-eabi-gcc/4.8.3-2014q1/bin/../lib/gcc/arm-none-eabi/4.8.3/../../../../arm-none-eabi/lib/armv7-m\libg.a(lib_a-vfiprintf.o)
                0x000829cc                _vfiprintf_r
 .text.__sbprintf
                0x00083620       0x7c c:/users/troy neubauer/appdata/local/arduino15/packages/arduino/tools/arm-none-eabi-gcc/4.8.3-2014q1/bin/../lib/gcc/arm-none-eabi/4.8.3/../../../../arm-none-eabi/lib/armv7-m\libg.a(lib_a-vfiprintf.o)
 .text.__swsetup_r
                0x0008369c       0xc4 c:/users/troy neubauer/appdata/local/arduino15/packages/arduino/tools/arm-none-eabi-gcc/4.8.3-2014q1/bin/../lib/gcc/arm-none-eabi/4.8.3/../../../../arm-none-eabi/lib/armv7-m\libg.a(lib_a-wsetup.o)
                0x0008369c                __swsetup_r
 .text.startup.register_fini
                0x00083760       0x14 c:/users/troy neubauer/appdata/local/arduino15/packages/arduino/tools/arm-none-eabi-gcc/4.8.3-2014q1/bin/../lib/gcc/arm-none-eabi/4.8.3/../../../../arm-none-eabi/lib/armv7-m\libg.a(lib_a-__call_atexit.o)
 .text.atexit   0x00083774        0xc c:/users/troy neubauer/appdata/local/arduino15/packages/arduino/tools/arm-none-eabi-gcc/4.8.3-2014q1/bin/../lib/gcc/arm-none-eabi/4.8.3/../../../../arm-none-eabi/lib/armv7-m\libg.a(lib_a-atexit.o)
                0x00083774                atexit
 .text.__sflush_r
                0x00083780      0x148 c:/users/troy neubauer/appdata/local/arduino15/packages/arduino/tools/arm-none-eabi-gcc/4.8.3-2014q1/bin/../lib/gcc/arm-none-eabi/4.8.3/../../../../arm-none-eabi/lib/armv7-m\libg.a(lib_a-fflush.o)
                0x00083780                __sflush_r
 .text._fflush_r
                0x000838c8       0x2c c:/users/troy neubauer/appdata/local/arduino15/packages/arduino/tools/arm-none-eabi-gcc/4.8.3-2014q1/bin/../lib/gcc/arm-none-eabi/4.8.3/../../../../arm-none-eabi/lib/armv7-m\libg.a(lib_a-fflush.o)
                0x000838c8                _fflush_r
 .text._cleanup_r
                0x000838f4        0xc c:/users/troy neubauer/appdata/local/arduino15/packages/arduino/tools/arm-none-eabi-gcc/4.8.3-2014q1/bin/../lib/gcc/arm-none-eabi/4.8.3/../../../../arm-none-eabi/lib/armv7-m\libg.a(lib_a-findfp.o)
                0x000838f4                _cleanup_r
 .text.__sinit  0x00083900       0xf4 c:/users/troy neubauer/appdata/local/arduino15/packages/arduino/tools/arm-none-eabi-gcc/4.8.3-2014q1/bin/../lib/gcc/arm-none-eabi/4.8.3/../../../../arm-none-eabi/lib/armv7-m\libg.a(lib_a-findfp.o)
                0x00083900                __sinit
 .text.__sfp_lock_acquire
                0x000839f4        0x4 c:/users/troy neubauer/appdata/local/arduino15/packages/arduino/tools/arm-none-eabi-gcc/4.8.3-2014q1/bin/../lib/gcc/arm-none-eabi/4.8.3/../../../../arm-none-eabi/lib/armv7-m\libg.a(lib_a-findfp.o)
                0x000839f4                __sfp_lock_acquire
 .text.__sfp_lock_release
                0x000839f8        0x4 c:/users/troy neubauer/appdata/local/arduino15/packages/arduino/tools/arm-none-eabi-gcc/4.8.3-2014q1/bin/../lib/gcc/arm-none-eabi/4.8.3/../../../../arm-none-eabi/lib/armv7-m\libg.a(lib_a-findfp.o)
                0x000839f8                __sfp_lock_release
 .text.__libc_fini_array
                0x000839fc       0x30 c:/users/troy neubauer/appdata/local/arduino15/packages/arduino/tools/arm-none-eabi-gcc/4.8.3-2014q1/bin/../lib/gcc/arm-none-eabi/4.8.3/../../../../arm-none-eabi/lib/armv7-m\libg.a(lib_a-fini.o)
                0x000839fc                __libc_fini_array
 .text._fputwc_r
                0x00083a2c       0xc0 c:/users/troy neubauer/appdata/local/arduino15/packages/arduino/tools/arm-none-eabi-gcc/4.8.3-2014q1/bin/../lib/gcc/arm-none-eabi/4.8.3/../../../../arm-none-eabi/lib/armv7-m\libg.a(lib_a-fputwc.o)
                0x00083a2c                _fputwc_r
 .text._malloc_trim_r
                0x00083aec       0x9c c:/users/troy neubauer/appdata/local/arduino15/packages/arduino/tools/arm-none-eabi-gcc/4.8.3-2014q1/bin/../lib/gcc/arm-none-eabi/4.8.3/../../../../arm-none-eabi/lib/armv7-m\libg.a(lib_a-freer.o)
                0x00083aec                _malloc_trim_r
 .text._free_r  0x00083b88      0x198 c:/users/troy neubauer/appdata/local/arduino15/packages/arduino/tools/arm-none-eabi-gcc/4.8.3-2014q1/bin/../lib/gcc/arm-none-eabi/4.8.3/../../../../arm-none-eabi/lib/armv7-m\libg.a(lib_a-freer.o)
                0x00083b88                _free_r
 .text.__sfvwrite_r
                0x00083d20      0x314 c:/users/troy neubauer/appdata/local/arduino15/packages/arduino/tools/arm-none-eabi-gcc/4.8.3-2014q1/bin/../lib/gcc/arm-none-eabi/4.8.3/../../../../arm-none-eabi/lib/armv7-m\libg.a(lib_a-fvwrite.o)
                0x00083d20                __sfvwrite_r
 .text._fwalk   0x00084034       0x48 c:/users/troy neubauer/appdata/local/arduino15/packages/arduino/tools/arm-none-eabi-gcc/4.8.3-2014q1/bin/../lib/gcc/arm-none-eabi/4.8.3/../../../../arm-none-eabi/lib/armv7-m\libg.a(lib_a-fwalk.o)
                0x00084034                _fwalk
 .text.__locale_charset
                0x0008407c        0x8 c:/users/troy neubauer/appdata/local/arduino15/packages/arduino/tools/arm-none-eabi-gcc/4.8.3-2014q1/bin/../lib/gcc/arm-none-eabi/4.8.3/../../../../arm-none-eabi/lib/armv7-m\libg.a(lib_a-locale.o)
                0x0008407c                __locale_charset
 .text.__locale_mb_cur_max
                0x00084084        0xc c:/users/troy neubauer/appdata/local/arduino15/packages/arduino/tools/arm-none-eabi-gcc/4.8.3-2014q1/bin/../lib/gcc/arm-none-eabi/4.8.3/../../../../arm-none-eabi/lib/armv7-m\libg.a(lib_a-locale.o)
                0x00084084                __locale_mb_cur_max
 .text.__smakebuf_r
                0x00084090       0xe0 c:/users/troy neubauer/appdata/local/arduino15/packages/arduino/tools/arm-none-eabi-gcc/4.8.3-2014q1/bin/../lib/gcc/arm-none-eabi/4.8.3/../../../../arm-none-eabi/lib/armv7-m\libg.a(lib_a-makebuf.o)
                0x00084090                __smakebuf_r
 .text._malloc_r
                0x00084170      0x538 c:/users/troy neubauer/appdata/local/arduino15/packages/arduino/tools/arm-none-eabi-gcc/4.8.3-2014q1/bin/../lib/gcc/arm-none-eabi/4.8.3/../../../../arm-none-eabi/lib/armv7-m\libg.a(lib_a-mallocr.o)
                0x00084170                _malloc_r
 .text.memchr   0x000846a8       0x94 c:/users/troy neubauer/appdata/local/arduino15/packages/arduino/tools/arm-none-eabi-gcc/4.8.3-2014q1/bin/../lib/gcc/arm-none-eabi/4.8.3/../../../../arm-none-eabi/lib/armv7-m\libg.a(lib_a-memchr-stub.o)
                0x000846a8                memchr
 .text          0x0008473c       0xec c:/users/troy neubauer/appdata/local/arduino15/packages/arduino/tools/arm-none-eabi-gcc/4.8.3-2014q1/bin/../lib/gcc/arm-none-eabi/4.8.3/../../../../arm-none-eabi/lib/armv7-m\libg.a(lib_a-memcpy.o)
                0x0008473c                memcpy
 .text.memmove  0x00084828       0xcc c:/users/troy neubauer/appdata/local/arduino15/packages/arduino/tools/arm-none-eabi-gcc/4.8.3-2014q1/bin/../lib/gcc/arm-none-eabi/4.8.3/../../../../arm-none-eabi/lib/armv7-m\libg.a(lib_a-memmove.o)
                0x00084828                memmove
 .text.__malloc_lock
                0x000848f4        0x4 c:/users/troy neubauer/appdata/local/arduino15/packages/arduino/tools/arm-none-eabi-gcc/4.8.3-2014q1/bin/../lib/gcc/arm-none-eabi/4.8.3/../../../../arm-none-eabi/lib/armv7-m\libg.a(lib_a-mlock.o)
                0x000848f4                __malloc_lock
 .text.__malloc_unlock
                0x000848f8        0x4 c:/users/troy neubauer/appdata/local/arduino15/packages/arduino/tools/arm-none-eabi-gcc/4.8.3-2014q1/bin/../lib/gcc/arm-none-eabi/4.8.3/../../../../arm-none-eabi/lib/armv7-m\libg.a(lib_a-mlock.o)
                0x000848f8                __malloc_unlock
 .text._realloc_r
                0x000848fc      0x3c0 c:/users/troy neubauer/appdata/local/arduino15/packages/arduino/tools/arm-none-eabi-gcc/4.8.3-2014q1/bin/../lib/gcc/arm-none-eabi/4.8.3/../../../../arm-none-eabi/lib/armv7-m\libg.a(lib_a-reallocr.o)
                0x000848fc                _realloc_r
 .text._sbrk_r  0x00084cbc       0x24 c:/users/troy neubauer/appdata/local/arduino15/packages/arduino/tools/arm-none-eabi-gcc/4.8.3-2014q1/bin/../lib/gcc/arm-none-eabi/4.8.3/../../../../arm-none-eabi/lib/armv7-m\libg.a(lib_a-sbrkr.o)
                0x00084cbc                _sbrk_r
 .text._kill_r  0x00084ce0       0x28 c:/users/troy neubauer/appdata/local/arduino15/packages/arduino/tools/arm-none-eabi-gcc/4.8.3-2014q1/bin/../lib/gcc/arm-none-eabi/4.8.3/../../../../arm-none-eabi/lib/armv7-m\libg.a(lib_a-signalr.o)
                0x00084ce0                _kill_r
 .text.__sread  0x00084d08       0x24 c:/users/troy neubauer/appdata/local/arduino15/packages/arduino/tools/arm-none-eabi-gcc/4.8.3-2014q1/bin/../lib/gcc/arm-none-eabi/4.8.3/../../../../arm-none-eabi/lib/armv7-m\libg.a(lib_a-stdio.o)
                0x00084d08                __sread
 .text.__swrite
                0x00084d2c       0x38 c:/users/troy neubauer/appdata/local/arduino15/packages/arduino/tools/arm-none-eabi-gcc/4.8.3-2014q1/bin/../lib/gcc/arm-none-eabi/4.8.3/../../../../arm-none-eabi/lib/armv7-m\libg.a(lib_a-stdio.o)
                0x00084d2c                __swrite
 .text.__sseek  0x00084d64       0x20 c:/users/troy neubauer/appdata/local/arduino15/packages/arduino/tools/arm-none-eabi-gcc/4.8.3-2014q1/bin/../lib/gcc/arm-none-eabi/4.8.3/../../../../arm-none-eabi/lib/armv7-m\libg.a(lib_a-stdio.o)
                0x00084d64                __sseek
 .text.__sclose
                0x00084d84        0x8 c:/users/troy neubauer/appdata/local/arduino15/packages/arduino/tools/arm-none-eabi-gcc/4.8.3-2014q1/bin/../lib/gcc/arm-none-eabi/4.8.3/../../../../arm-none-eabi/lib/armv7-m\libg.a(lib_a-stdio.o)
                0x00084d84                __sclose
 .text.__swbuf_r
                0x00084d8c       0xa8 c:/users/troy neubauer/appdata/local/arduino15/packages/arduino/tools/arm-none-eabi-gcc/4.8.3-2014q1/bin/../lib/gcc/arm-none-eabi/4.8.3/../../../../arm-none-eabi/lib/armv7-m\libg.a(lib_a-wbuf.o)
                0x00084d8c                __swbuf_r
 .text._wcrtomb_r
                0x00084e34       0x50 c:/users/troy neubauer/appdata/local/arduino15/packages/arduino/tools/arm-none-eabi-gcc/4.8.3-2014q1/bin/../lib/gcc/arm-none-eabi/4.8.3/../../../../arm-none-eabi/lib/armv7-m\libg.a(lib_a-wcrtomb.o)
                0x00084e34                _wcrtomb_r
 .text.__ascii_wctomb
                0x00084e84       0x1c c:/users/troy neubauer/appdata/local/arduino15/packages/arduino/tools/arm-none-eabi-gcc/4.8.3-2014q1/bin/../lib/gcc/arm-none-eabi/4.8.3/../../../../arm-none-eabi/lib/armv7-m\libg.a(lib_a-wctomb_r.o)
                0x00084e84                __ascii_wctomb
 .text._write_r
                0x00084ea0       0x28 c:/users/troy neubauer/appdata/local/arduino15/packages/arduino/tools/arm-none-eabi-gcc/4.8.3-2014q1/bin/../lib/gcc/arm-none-eabi/4.8.3/../../../../arm-none-eabi/lib/armv7-m\libg.a(lib_a-writer.o)
                0x00084ea0                _write_r
 .text.__register_exitproc
                0x00084ec8       0xa8 c:/users/troy neubauer/appdata/local/arduino15/packages/arduino/tools/arm-none-eabi-gcc/4.8.3-2014q1/bin/../lib/gcc/arm-none-eabi/4.8.3/../../../../arm-none-eabi/lib/armv7-m\libg.a(lib_a-__atexit.o)
                0x00084ec8                __register_exitproc
 .text._close_r
                0x00084f70       0x24 c:/users/troy neubauer/appdata/local/arduino15/packages/arduino/tools/arm-none-eabi-gcc/4.8.3-2014q1/bin/../lib/gcc/arm-none-eabi/4.8.3/../../../../arm-none-eabi/lib/armv7-m\libg.a(lib_a-closer.o)
                0x00084f70                _close_r
 .text._fclose_r
                0x00084f94       0x80 c:/users/troy neubauer/appdata/local/arduino15/packages/arduino/tools/arm-none-eabi-gcc/4.8.3-2014q1/bin/../lib/gcc/arm-none-eabi/4.8.3/../../../../arm-none-eabi/lib/armv7-m\libg.a(lib_a-fclose.o)
                0x00084f94                _fclose_r
 .text.fclose   0x00085014       0x10 c:/users/troy neubauer/appdata/local/arduino15/packages/arduino/tools/arm-none-eabi-gcc/4.8.3-2014q1/bin/../lib/gcc/arm-none-eabi/4.8.3/../../../../arm-none-eabi/lib/armv7-m\libg.a(lib_a-fclose.o)
                0x00085014                fclose
 .text._fstat_r
                0x00085024       0x28 c:/users/troy neubauer/appdata/local/arduino15/packages/arduino/tools/arm-none-eabi-gcc/4.8.3-2014q1/bin/../lib/gcc/arm-none-eabi/4.8.3/../../../../arm-none-eabi/lib/armv7-m\libg.a(lib_a-fstatr.o)
                0x00085024                _fstat_r
 .text._isatty_r
                0x0008504c       0x24 c:/users/troy neubauer/appdata/local/arduino15/packages/arduino/tools/arm-none-eabi-gcc/4.8.3-2014q1/bin/../lib/gcc/arm-none-eabi/4.8.3/../../../../arm-none-eabi/lib/armv7-m\libg.a(lib_a-isattyr.o)
                0x0008504c                _isatty_r
 .text._lseek_r
                0x00085070       0x28 c:/users/troy neubauer/appdata/local/arduino15/packages/arduino/tools/arm-none-eabi-gcc/4.8.3-2014q1/bin/../lib/gcc/arm-none-eabi/4.8.3/../../../../arm-none-eabi/lib/armv7-m\libg.a(lib_a-lseekr.o)
                0x00085070                _lseek_r
 .text._read_r  0x00085098       0x28 c:/users/troy neubauer/appdata/local/arduino15/packages/arduino/tools/arm-none-eabi-gcc/4.8.3-2014q1/bin/../lib/gcc/arm-none-eabi/4.8.3/../../../../arm-none-eabi/lib/armv7-m\libg.a(lib_a-readr.o)
                0x00085098                _read_r
 .text          0x000850c0       0x2c c:/users/troy neubauer/appdata/local/arduino15/packages/arduino/tools/arm-none-eabi-gcc/4.8.3-2014q1/bin/../lib/gcc/arm-none-eabi/4.8.3/armv7-m\libgcc.a(_aeabi_uldivmod.o)
                0x000850c0                __aeabi_uldivmod
 .text          0x000850ec       0x60 c:/users/troy neubauer/appdata/local/arduino15/packages/arduino/tools/arm-none-eabi-gcc/4.8.3-2014q1/bin/../lib/gcc/arm-none-eabi/4.8.3/armv7-m\libgcc.a(bpabi.o)
                0x000850ec                __gnu_ldivmod_helper
                0x0008511c                __gnu_uldivmod_helper
 .text          0x0008514c        0x4 c:/users/troy neubauer/appdata/local/arduino15/packages/arduino/tools/arm-none-eabi-gcc/4.8.3-2014q1/bin/../lib/gcc/arm-none-eabi/4.8.3/armv7-m\libgcc.a(_dvmd_tls.o)
                0x0008514c                __aeabi_idiv0
                0x0008514c                __aeabi_ldiv0
 .text          0x00085150      0x2a0 c:/users/troy neubauer/appdata/local/arduino15/packages/arduino/tools/arm-none-eabi-gcc/4.8.3-2014q1/bin/../lib/gcc/arm-none-eabi/4.8.3/armv7-m\libgcc.a(_divdi3.o)
                0x00085150                __divdi3
 .text          0x000853f0      0x290 c:/users/troy neubauer/appdata/local/arduino15/packages/arduino/tools/arm-none-eabi-gcc/4.8.3-2014q1/bin/../lib/gcc/arm-none-eabi/4.8.3/armv7-m\libgcc.a(_udivdi3.o)
                0x000853f0                __udivdi3
 *(.glue_7t)
 .glue_7t       0x00000000        0x0 linker stubs
 *(.glue_7)
 .glue_7        0x00000000        0x0 linker stubs
 *(.rodata .rodata* .gnu.linkonce.r.*)
 .rodata.str1.1
                0x00085680       0xd1 C:\Users\Troy Neubauer\AppData\Local\Temp\VMBuilds\Rocketry 2018_2019\arduino_due_x_dbg\Release\Rocketry 2018_2019.cpp.o
 *fill*         0x00085751        0x3 
 .rodata._ZN7NMEAGPS14nmea_msg_tableE
                0x00085754       0x10 C:\Users\Troy Neubauer\AppData\Local\Temp\VMBuilds\Rocketry 2018_2019\arduino_due_x_dbg\Release\NeoGPS\NMEAGPS.cpp.o
                0x00085754                NMEAGPS::nmea_msg_table
 .rodata._ZL3gst
                0x00085764        0x4 C:\Users\Troy Neubauer\AppData\Local\Temp\VMBuilds\Rocketry 2018_2019\arduino_due_x_dbg\Release\NeoGPS\NMEAGPS.cpp.o
 .rodata._ZL3gsv
                0x00085768        0x4 C:\Users\Troy Neubauer\AppData\Local\Temp\VMBuilds\Rocketry 2018_2019\arduino_due_x_dbg\Release\NeoGPS\NMEAGPS.cpp.o
 .rodata.str1.1
                0x0008576c        0x4 C:\Users\Troy Neubauer\AppData\Local\Temp\VMBuilds\Rocketry 2018_2019\arduino_due_x_dbg\Release\NeoGPS\NMEAGPS.cpp.o
 .rodata._ZL3gll
                0x00085770        0x4 C:\Users\Troy Neubauer\AppData\Local\Temp\VMBuilds\Rocketry 2018_2019\arduino_due_x_dbg\Release\NeoGPS\NMEAGPS.cpp.o
 .rodata._ZL3zda
                0x00085774        0x4 C:\Users\Troy Neubauer\AppData\Local\Temp\VMBuilds\Rocketry 2018_2019\arduino_due_x_dbg\Release\NeoGPS\NMEAGPS.cpp.o
 .rodata._ZL3vtg
                0x00085778        0x4 C:\Users\Troy Neubauer\AppData\Local\Temp\VMBuilds\Rocketry 2018_2019\arduino_due_x_dbg\Release\NeoGPS\NMEAGPS.cpp.o
 .rodata._ZL3gsa
                0x0008577c        0x4 C:\Users\Troy Neubauer\AppData\Local\Temp\VMBuilds\Rocketry 2018_2019\arduino_due_x_dbg\Release\NeoGPS\NMEAGPS.cpp.o
 .rodata._ZL8std_nmea
                0x00085780       0x20 C:\Users\Troy Neubauer\AppData\Local\Temp\VMBuilds\Rocketry 2018_2019\arduino_due_x_dbg\Release\NeoGPS\NMEAGPS.cpp.o
 .rodata._ZL3gga
                0x000857a0        0x4 C:\Users\Troy Neubauer\AppData\Local\Temp\VMBuilds\Rocketry 2018_2019\arduino_due_x_dbg\Release\NeoGPS\NMEAGPS.cpp.o
 .rodata._ZL3rmc
                0x000857a4        0x4 C:\Users\Troy Neubauer\AppData\Local\Temp\VMBuilds\Rocketry 2018_2019\arduino_due_x_dbg\Release\NeoGPS\NMEAGPS.cpp.o
 .rodata._ZL14gps_fix_header
                0x000857a8       0x2f C:\Users\Troy Neubauer\AppData\Local\Temp\VMBuilds\Rocketry 2018_2019\arduino_due_x_dbg\Release\NeoGPS\Streamers.cpp.o
 .rodata._ZL14NMEAGPS_header
                0x000857d7       0x17 C:\Users\Troy Neubauer\AppData\Local\Temp\VMBuilds\Rocketry 2018_2019\arduino_due_x_dbg\Release\NeoGPS\Streamers.cpp.o
 *fill*         0x000857ee        0x2 
 .rodata.g_APinDescription
                0x000857f0      0xa2c C:\Users\Troy Neubauer\AppData\Local\Temp\VMBCore\arduino16x\2607422fee9242fcb4843b1221ba9f67\variant\variant.cpp.o
                0x000857f0                g_APinDescription
 .rodata        0x0008621c       0x40 C:\Users\Troy Neubauer\AppData\Local\arduino15\packages\arduino\hardware\sam\1.6.11\variants\arduino_due_x/libsam_sam3x8e_gcc_rel.a(adc.o)
 .rodata.str1.1
                0x0008625c       0x19 C:\Users\Troy Neubauer\AppData\Local\Temp\VMBuilds\Rocketry 2018_2019\arduino_due_x_dbg\Release/core.a(syscalls_sam3.c.o)
 .rodata.str1.1
                0x00086275        0xf C:\Users\Troy Neubauer\AppData\Local\Temp\VMBuilds\Rocketry 2018_2019\arduino_due_x_dbg\Release/core.a(Print.cpp.o)
 *fill*         0x00086284        0x4 
 .rodata._ZTV9UARTClass
                0x00086288       0x30 C:\Users\Troy Neubauer\AppData\Local\Temp\VMBuilds\Rocketry 2018_2019\arduino_due_x_dbg\Release/core.a(UARTClass.cpp.o)
                0x00086288                vtable for UARTClass
 .rodata._ZTV10USARTClass
                0x000862b8       0x30 C:\Users\Troy Neubauer\AppData\Local\Temp\VMBuilds\Rocketry 2018_2019\arduino_due_x_dbg\Release/core.a(USARTClass.cpp.o)
                0x000862b8                vtable for USARTClass
 .rodata.STRING_PRODUCT
                0x000862e8        0xc C:\Users\Troy Neubauer\AppData\Local\Temp\VMBuilds\Rocketry 2018_2019\arduino_due_x_dbg\Release/core.a(USBCore.cpp.o)
                0x000862e8                STRING_PRODUCT
 .rodata.USB_DeviceDescriptor
                0x000862f4       0x12 C:\Users\Troy Neubauer\AppData\Local\Temp\VMBuilds\Rocketry 2018_2019\arduino_due_x_dbg\Release/core.a(USBCore.cpp.o)
                0x000862f4                USB_DeviceDescriptor
 .rodata.STRING_LANGUAGE
                0x00086306        0x4 C:\Users\Troy Neubauer\AppData\Local\Temp\VMBuilds\Rocketry 2018_2019\arduino_due_x_dbg\Release/core.a(USBCore.cpp.o)
                0x00086306                STRING_LANGUAGE
 .rodata._ZL18test_packet_buffer
                0x0008630a       0x35 C:\Users\Troy Neubauer\AppData\Local\Temp\VMBuilds\Rocketry 2018_2019\arduino_due_x_dbg\Release/core.a(USBCore.cpp.o)
 .rodata.STRING_MANUFACTURER
                0x0008633f        0xc C:\Users\Troy Neubauer\AppData\Local\Temp\VMBuilds\Rocketry 2018_2019\arduino_due_x_dbg\Release/core.a(USBCore.cpp.o)
                0x0008633f                STRING_MANUFACTURER
 .rodata.USB_DeviceDescriptorA
                0x0008634b       0x12 C:\Users\Troy Neubauer\AppData\Local\Temp\VMBuilds\Rocketry 2018_2019\arduino_due_x_dbg\Release/core.a(USBCore.cpp.o)
                0x0008634b                USB_DeviceDescriptorA
 .rodata._ZL19USB_DeviceQualifier
                0x0008635d        0x9 C:\Users\Troy Neubauer\AppData\Local\Temp\VMBuilds\Rocketry 2018_2019\arduino_due_x_dbg\Release/core.a(USBCore.cpp.o)
 *fill*         0x00086366        0x2 
 .rodata._ZTV7Serial_
                0x00086368       0x28 C:\Users\Troy Neubauer\AppData\Local\Temp\VMBuilds\Rocketry 2018_2019\arduino_due_x_dbg\Release/core.a(CDC.cpp.o)
                0x00086368                vtable for Serial_
 .rodata._ZL18_cdcOtherInterface
                0x00086390       0x42 C:\Users\Troy Neubauer\AppData\Local\Temp\VMBuilds\Rocketry 2018_2019\arduino_due_x_dbg\Release/core.a(CDC.cpp.o)
 .rodata._ZL13_cdcInterface
                0x000863d2       0x42 C:\Users\Troy Neubauer\AppData\Local\Temp\VMBuilds\Rocketry 2018_2019\arduino_due_x_dbg\Release/core.a(CDC.cpp.o)
 .rodata.str1.4
                0x00086414        0x2 c:/users/troy neubauer/appdata/local/arduino15/packages/arduino/tools/arm-none-eabi-gcc/4.8.3-2014q1/bin/../lib/gcc/arm-none-eabi/4.8.3/../../../../arm-none-eabi/lib/armv7-m\libg.a(lib_a-impure.o)
                                  0x4 (size before relaxing)
 *fill*         0x00086416        0x2 
 .rodata._global_impure_ptr
                0x00086418        0x4 c:/users/troy neubauer/appdata/local/arduino15/packages/arduino/tools/arm-none-eabi-gcc/4.8.3-2014q1/bin/../lib/gcc/arm-none-eabi/4.8.3/../../../../arm-none-eabi/lib/armv7-m\libg.a(lib_a-impure.o)
                0x00086418                _global_impure_ptr
 .rodata.blanks.6717
                0x0008641c       0x10 c:/users/troy neubauer/appdata/local/arduino15/packages/arduino/tools/arm-none-eabi-gcc/4.8.3-2014q1/bin/../lib/gcc/arm-none-eabi/4.8.3/../../../../arm-none-eabi/lib/armv7-m\libg.a(lib_a-vfiprintf.o)
 .rodata.str1.4
                0x0008642c       0x30 c:/users/troy neubauer/appdata/local/arduino15/packages/arduino/tools/arm-none-eabi-gcc/4.8.3-2014q1/bin/../lib/gcc/arm-none-eabi/4.8.3/../../../../arm-none-eabi/lib/armv7-m\libg.a(lib_a-vfiprintf.o)
 .rodata.zeroes.6718
                0x0008645c       0x10 c:/users/troy neubauer/appdata/local/arduino15/packages/arduino/tools/arm-none-eabi-gcc/4.8.3-2014q1/bin/../lib/gcc/arm-none-eabi/4.8.3/../../../../arm-none-eabi/lib/armv7-m\libg.a(lib_a-vfiprintf.o)
 *(.ARM.extab* .gnu.linkonce.armextab.*)
                0x0008646c                . = ALIGN (0x4)
 *(.init)
 .init          0x0008646c        0x4 c:/users/troy neubauer/appdata/local/arduino15/packages/arduino/tools/arm-none-eabi-gcc/4.8.3-2014q1/bin/../lib/gcc/arm-none-eabi/4.8.3/armv7-m/crti.o
                0x0008646c                _init
 .init          0x00086470        0x8 c:/users/troy neubauer/appdata/local/arduino15/packages/arduino/tools/arm-none-eabi-gcc/4.8.3-2014q1/bin/../lib/gcc/arm-none-eabi/4.8.3/armv7-m/crtn.o
                0x00086478                . = ALIGN (0x4)
                0x00086478                __preinit_array_start = .
 *(.preinit_array)
                0x00086478                __preinit_array_end = .
                0x00086478                . = ALIGN (0x4)
                0x00086478                __init_array_start = .
 *(SORT(.init_array.*))
 .init_array.00000
                0x00086478        0x4 c:/users/troy neubauer/appdata/local/arduino15/packages/arduino/tools/arm-none-eabi-gcc/4.8.3-2014q1/bin/../lib/gcc/arm-none-eabi/4.8.3/../../../../arm-none-eabi/lib/armv7-m\libg.a(lib_a-__call_atexit.o)
 *(.init_array)
 .init_array    0x0008647c        0x4 c:/users/troy neubauer/appdata/local/arduino15/packages/arduino/tools/arm-none-eabi-gcc/4.8.3-2014q1/bin/../lib/gcc/arm-none-eabi/4.8.3/armv7-m/crtbegin.o
 .init_array    0x00086480        0x4 C:\Users\Troy Neubauer\AppData\Local\Temp\VMBuilds\Rocketry 2018_2019\arduino_due_x_dbg\Release\Rocketry 2018_2019.cpp.o
 .init_array    0x00086484        0x4 C:\Users\Troy Neubauer\AppData\Local\Temp\VMBCore\arduino16x\2607422fee9242fcb4843b1221ba9f67\variant\variant.cpp.o
 .init_array    0x00086488        0x4 C:\Users\Troy Neubauer\AppData\Local\Temp\VMBuilds\Rocketry 2018_2019\arduino_due_x_dbg\Release/core.a(USBCore.cpp.o)
 .init_array    0x0008648c        0x4 C:\Users\Troy Neubauer\AppData\Local\Temp\VMBuilds\Rocketry 2018_2019\arduino_due_x_dbg\Release/core.a(CDC.cpp.o)
                0x00086490                __init_array_end = .
                0x00086490                . = ALIGN (0x4)
 *crtbegin.o(.ctors)
 *(EXCLUDE_FILE(*crtend.o) .ctors)
 *(SORT(.ctors.*))
 *crtend.o(.ctors)
                0x00086490                . = ALIGN (0x4)
 *(.fini)
 .fini          0x00086490        0x4 c:/users/troy neubauer/appdata/local/arduino15/packages/arduino/tools/arm-none-eabi-gcc/4.8.3-2014q1/bin/../lib/gcc/arm-none-eabi/4.8.3/armv7-m/crti.o
                0x00086490                _fini
 .fini          0x00086494        0x8 c:/users/troy neubauer/appdata/local/arduino15/packages/arduino/tools/arm-none-eabi-gcc/4.8.3-2014q1/bin/../lib/gcc/arm-none-eabi/4.8.3/armv7-m/crtn.o
                0x0008649c                . = ALIGN (0x4)
                0x0008649c                __fini_array_start = .
 *(.fini_array)
 .fini_array    0x0008649c        0x4 c:/users/troy neubauer/appdata/local/arduino15/packages/arduino/tools/arm-none-eabi-gcc/4.8.3-2014q1/bin/../lib/gcc/arm-none-eabi/4.8.3/armv7-m/crtbegin.o
 *(SORT(.fini_array.*))
                0x000864a0                __fini_array_end = .
 *crtbegin.o(.dtors)
 *(EXCLUDE_FILE(*crtend.o) .dtors)
 *(SORT(.dtors.*))
 *crtend.o(.dtors)
                0x000864a0                . = ALIGN (0x4)
                0x000864a0                _efixed = .
                0x000864a0                PROVIDE (__exidx_start, .)

.vfp11_veneer   0x000864a0        0x0
 .vfp11_veneer  0x00000000        0x0 linker stubs

.v4_bx          0x000864a0        0x0
 .v4_bx         0x00000000        0x0 linker stubs

.iplt           0x000864a0        0x0
 .iplt          0x00000000        0x0 c:/users/troy neubauer/appdata/local/arduino15/packages/arduino/tools/arm-none-eabi-gcc/4.8.3-2014q1/bin/../lib/gcc/arm-none-eabi/4.8.3/armv7-m/crtbegin.o

.ARM.exidx      0x000864a0        0x8
 *(.ARM.exidx* .gnu.linkonce.armexidx.*)
 .ARM.exidx     0x000864a0        0x8 c:/users/troy neubauer/appdata/local/arduino15/packages/arduino/tools/arm-none-eabi-gcc/4.8.3-2014q1/bin/../lib/gcc/arm-none-eabi/4.8.3/armv7-m\libgcc.a(_divdi3.o)
 .ARM.exidx     0x000864a8        0x0 c:/users/troy neubauer/appdata/local/arduino15/packages/arduino/tools/arm-none-eabi-gcc/4.8.3-2014q1/bin/../lib/gcc/arm-none-eabi/4.8.3/armv7-m\libgcc.a(_udivdi3.o)
                                  0x8 (size before relaxing)
                0x000864a8                PROVIDE (__exidx_end, .)

.eh_frame       0x000864a8        0x0
 .eh_frame      0x000864a8        0x0 c:/users/troy neubauer/appdata/local/arduino15/packages/arduino/tools/arm-none-eabi-gcc/4.8.3-2014q1/bin/../lib/gcc/arm-none-eabi/4.8.3/armv7-m/crtbegin.o

.rel.dyn        0x000864a8        0x0
 .rel.iplt      0x00000000        0x0 c:/users/troy neubauer/appdata/local/arduino15/packages/arduino/tools/arm-none-eabi-gcc/4.8.3-2014q1/bin/../lib/gcc/arm-none-eabi/4.8.3/armv7-m/crtbegin.o

.jcr            0x000864a8        0x0
 .jcr           0x000864a8        0x0 c:/users/troy neubauer/appdata/local/arduino15/packages/arduino/tools/arm-none-eabi-gcc/4.8.3-2014q1/bin/../lib/gcc/arm-none-eabi/4.8.3/armv7-m/crtbegin.o

.igot.plt       0x000864a8        0x0
 .igot.plt      0x00000000        0x0 c:/users/troy neubauer/appdata/local/arduino15/packages/arduino/tools/arm-none-eabi-gcc/4.8.3-2014q1/bin/../lib/gcc/arm-none-eabi/4.8.3/armv7-m/crtbegin.o
                0x000864a8                . = ALIGN (0x4)
                0x000864a8                _etext = .

.relocate       0x20070000      0x8d4 load address 0x000864a8
                0x20070000                . = ALIGN (0x4)
                0x20070000                _srelocate = .
 *(.ramfunc .ramfunc.*)
 .ramfunc       0x20070000       0x2c C:\Users\Troy Neubauer\AppData\Local\Temp\VMBuilds\Rocketry 2018_2019\arduino_due_x_dbg\Release/core.a(Reset.cpp.o)
                0x20070000                banzai
 *(.data .data.*)
 .data.SystemCoreClock
                0x2007002c        0x4 C:\Users\Troy Neubauer\AppData\Local\arduino15\packages\arduino\hardware\sam\1.6.11\variants\arduino_due_x/libsam_sam3x8e_gcc_rel.a(system_sam3xa.o)
                0x2007002c                SystemCoreClock
 .data._ZL5ticks
                0x20070030        0x4 C:\Users\Troy Neubauer\AppData\Local\Temp\VMBuilds\Rocketry 2018_2019\arduino_due_x_dbg\Release/core.a(Reset.cpp.o)
 .data.EndPoints
                0x20070034       0x28 C:\Users\Troy Neubauer\AppData\Local\Temp\VMBuilds\Rocketry 2018_2019\arduino_due_x_dbg\Release/core.a(USBCore.cpp.o)
                0x20070034                EndPoints
 .data._ZL10breakValue
                0x2007005c        0x4 C:\Users\Troy Neubauer\AppData\Local\Temp\VMBuilds\Rocketry 2018_2019\arduino_due_x_dbg\Release/core.a(CDC.cpp.o)
 .data._ZL12_usbLineInfo
                0x20070060        0x8 C:\Users\Troy Neubauer\AppData\Local\Temp\VMBuilds\Rocketry 2018_2019\arduino_due_x_dbg\Release/core.a(CDC.cpp.o)
 .data.g_interrupt_enabled
                0x20070068        0x4 C:\Users\Troy Neubauer\AppData\Local\arduino15\packages\arduino\hardware\sam\1.6.11\variants\arduino_due_x/libsam_sam3x8e_gcc_rel.a(interrupt_sam_nvic.o)
                0x20070068                g_interrupt_enabled
 *fill*         0x2007006c        0x4 
 .data.impure_data
                0x20070070      0x428 c:/users/troy neubauer/appdata/local/arduino15/packages/arduino/tools/arm-none-eabi-gcc/4.8.3-2014q1/bin/../lib/gcc/arm-none-eabi/4.8.3/../../../../arm-none-eabi/lib/armv7-m\libg.a(lib_a-impure.o)
 .data._impure_ptr
                0x20070498        0x4 c:/users/troy neubauer/appdata/local/arduino15/packages/arduino/tools/arm-none-eabi-gcc/4.8.3-2014q1/bin/../lib/gcc/arm-none-eabi/4.8.3/../../../../arm-none-eabi/lib/armv7-m\libg.a(lib_a-impure.o)
                0x20070498                _impure_ptr
 .data.lc_ctype_charset
                0x2007049c       0x20 c:/users/troy neubauer/appdata/local/arduino15/packages/arduino/tools/arm-none-eabi-gcc/4.8.3-2014q1/bin/../lib/gcc/arm-none-eabi/4.8.3/../../../../arm-none-eabi/lib/armv7-m\libg.a(lib_a-locale.o)
 .data.__mb_cur_max
                0x200704bc        0x4 c:/users/troy neubauer/appdata/local/arduino15/packages/arduino/tools/arm-none-eabi-gcc/4.8.3-2014q1/bin/../lib/gcc/arm-none-eabi/4.8.3/../../../../arm-none-eabi/lib/armv7-m\libg.a(lib_a-locale.o)
                0x200704bc                __mb_cur_max
 .data.__malloc_av_
                0x200704c0      0x408 c:/users/troy neubauer/appdata/local/arduino15/packages/arduino/tools/arm-none-eabi-gcc/4.8.3-2014q1/bin/../lib/gcc/arm-none-eabi/4.8.3/../../../../arm-none-eabi/lib/armv7-m\libg.a(lib_a-mallocr.o)
                0x200704c0                __malloc_av_
 .data.__malloc_trim_threshold
                0x200708c8        0x4 c:/users/troy neubauer/appdata/local/arduino15/packages/arduino/tools/arm-none-eabi-gcc/4.8.3-2014q1/bin/../lib/gcc/arm-none-eabi/4.8.3/../../../../arm-none-eabi/lib/armv7-m\libg.a(lib_a-mallocr.o)
                0x200708c8                __malloc_trim_threshold
 .data.__malloc_sbrk_base
                0x200708cc        0x4 c:/users/troy neubauer/appdata/local/arduino15/packages/arduino/tools/arm-none-eabi-gcc/4.8.3-2014q1/bin/../lib/gcc/arm-none-eabi/4.8.3/../../../../arm-none-eabi/lib/armv7-m\libg.a(lib_a-mallocr.o)
                0x200708cc                __malloc_sbrk_base
 .data.__wctomb
                0x200708d0        0x4 c:/users/troy neubauer/appdata/local/arduino15/packages/arduino/tools/arm-none-eabi-gcc/4.8.3-2014q1/bin/../lib/gcc/arm-none-eabi/4.8.3/../../../../arm-none-eabi/lib/armv7-m\libg.a(lib_a-wctomb_r.o)
                0x200708d0                __wctomb
                0x200708d4                . = ALIGN (0x4)
                0x200708d4                _erelocate = .

.bss            0x200708d4      0x8c0 load address 0x00086d7c
                0x200708d4                . = ALIGN (0x4)
                0x200708d4                _sbss = .
                0x200708d4                _szero = .
 *(.bss .bss.*)
 .bss           0x200708d4       0x1c c:/users/troy neubauer/appdata/local/arduino15/packages/arduino/tools/arm-none-eabi-gcc/4.8.3-2014q1/bin/../lib/gcc/arm-none-eabi/4.8.3/armv7-m/crtbegin.o
 .bss.gps       0x200708f0       0x70 C:\Users\Troy Neubauer\AppData\Local\Temp\VMBuilds\Rocketry 2018_2019\arduino_due_x_dbg\Release\Rocketry 2018_2019.cpp.o
                0x200708f0                gps
 .bss._ZL3fix   0x20070960       0x28 C:\Users\Troy Neubauer\AppData\Local\Temp\VMBuilds\Rocketry 2018_2019\arduino_due_x_dbg\Release\Rocketry 2018_2019.cpp.o
 .bss.tx_buffer2
                0x20070988       0x88 C:\Users\Troy Neubauer\AppData\Local\Temp\VMBCore\arduino16x\2607422fee9242fcb4843b1221ba9f67\variant\variant.cpp.o
                0x20070988                tx_buffer2
 .bss.tx_buffer1
                0x20070a10       0x88 C:\Users\Troy Neubauer\AppData\Local\Temp\VMBCore\arduino16x\2607422fee9242fcb4843b1221ba9f67\variant\variant.cpp.o
                0x20070a10                tx_buffer1
 .bss.Serial    0x20070a98       0x24 C:\Users\Troy Neubauer\AppData\Local\Temp\VMBCore\arduino16x\2607422fee9242fcb4843b1221ba9f67\variant\variant.cpp.o
                0x20070a98                Serial
 .bss.rx_buffer1
                0x20070abc       0x88 C:\Users\Troy Neubauer\AppData\Local\Temp\VMBCore\arduino16x\2607422fee9242fcb4843b1221ba9f67\variant\variant.cpp.o
                0x20070abc                rx_buffer1
 .bss.Serial1   0x20070b44       0x28 C:\Users\Troy Neubauer\AppData\Local\Temp\VMBCore\arduino16x\2607422fee9242fcb4843b1221ba9f67\variant\variant.cpp.o
                0x20070b44                Serial1
 .bss.Serial2   0x20070b6c       0x28 C:\Users\Troy Neubauer\AppData\Local\Temp\VMBCore\arduino16x\2607422fee9242fcb4843b1221ba9f67\variant\variant.cpp.o
                0x20070b6c                Serial2
 .bss.Serial3   0x20070b94       0x28 C:\Users\Troy Neubauer\AppData\Local\Temp\VMBCore\arduino16x\2607422fee9242fcb4843b1221ba9f67\variant\variant.cpp.o
                0x20070b94                Serial3
 .bss.tx_buffer3
                0x20070bbc       0x88 C:\Users\Troy Neubauer\AppData\Local\Temp\VMBCore\arduino16x\2607422fee9242fcb4843b1221ba9f67\variant\variant.cpp.o
                0x20070bbc                tx_buffer3
 .bss.tx_buffer4
                0x20070c44       0x88 C:\Users\Troy Neubauer\AppData\Local\Temp\VMBCore\arduino16x\2607422fee9242fcb4843b1221ba9f67\variant\variant.cpp.o
                0x20070c44                tx_buffer4
 .bss.g_pinStatus
                0x20070ccc       0x4f C:\Users\Troy Neubauer\AppData\Local\Temp\VMBCore\arduino16x\2607422fee9242fcb4843b1221ba9f67\variant\variant.cpp.o
                0x20070ccc                g_pinStatus
 *fill*         0x20070d1b        0x1 
 .bss.rx_buffer2
                0x20070d1c       0x88 C:\Users\Troy Neubauer\AppData\Local\Temp\VMBCore\arduino16x\2607422fee9242fcb4843b1221ba9f67\variant\variant.cpp.o
                0x20070d1c                rx_buffer2
 .bss.rx_buffer3
                0x20070da4       0x88 C:\Users\Troy Neubauer\AppData\Local\Temp\VMBCore\arduino16x\2607422fee9242fcb4843b1221ba9f67\variant\variant.cpp.o
                0x20070da4                rx_buffer3
 .bss.rx_buffer4
                0x20070e2c       0x88 C:\Users\Troy Neubauer\AppData\Local\Temp\VMBCore\arduino16x\2607422fee9242fcb4843b1221ba9f67\variant\variant.cpp.o
                0x20070e2c                rx_buffer4
 .bss.gpf_isr   0x20070eb4        0x4 C:\Users\Troy Neubauer\AppData\Local\arduino15\packages\arduino\hardware\sam\1.6.11\variants\arduino_due_x/libsam_sam3x8e_gcc_rel.a(uotghs.o)
                0x20070eb4                gpf_isr
 .bss.heap.6420
                0x20070eb8        0x4 C:\Users\Troy Neubauer\AppData\Local\Temp\VMBuilds\Rocketry 2018_2019\arduino_due_x_dbg\Release/core.a(syscalls_sam3.c.o)
 .bss._cmark    0x20070ebc        0x2 C:\Users\Troy Neubauer\AppData\Local\Temp\VMBuilds\Rocketry 2018_2019\arduino_due_x_dbg\Release/core.a(USBCore.cpp.o)
                0x20070ebc                _cmark
 .bss._ZL14isEndpointHalt
                0x20070ebe        0x1 C:\Users\Troy Neubauer\AppData\Local\Temp\VMBuilds\Rocketry 2018_2019\arduino_due_x_dbg\Release/core.a(USBCore.cpp.o)
 *fill*         0x20070ebf        0x1 
 .bss._cdcComposite
                0x20070ec0        0x4 C:\Users\Troy Neubauer\AppData\Local\Temp\VMBuilds\Rocketry 2018_2019\arduino_due_x_dbg\Release/core.a(USBCore.cpp.o)
                0x20070ec0                _cdcComposite
 .bss._ZL21isRemoteWakeUpEnabled
                0x20070ec4        0x1 C:\Users\Troy Neubauer\AppData\Local\Temp\VMBuilds\Rocketry 2018_2019\arduino_due_x_dbg\Release/core.a(USBCore.cpp.o)
 *fill*         0x20070ec5        0x3 
 .bss._usbInitialized
                0x20070ec8        0x4 C:\Users\Troy Neubauer\AppData\Local\Temp\VMBuilds\Rocketry 2018_2019\arduino_due_x_dbg\Release/core.a(USBCore.cpp.o)
                0x20070ec8                _usbInitialized
 .bss.USBDevice
                0x20070ecc        0x1 C:\Users\Troy Neubauer\AppData\Local\Temp\VMBuilds\Rocketry 2018_2019\arduino_due_x_dbg\Release/core.a(USBCore.cpp.o)
                0x20070ecc                USBDevice
 *fill*         0x20070ecd        0x3 
 .bss._usbSetInterface
                0x20070ed0        0x4 C:\Users\Troy Neubauer\AppData\Local\Temp\VMBuilds\Rocketry 2018_2019\arduino_due_x_dbg\Release/core.a(USBCore.cpp.o)
                0x20070ed0                _usbSetInterface
 .bss._cend     0x20070ed4        0x2 C:\Users\Troy Neubauer\AppData\Local\Temp\VMBuilds\Rocketry 2018_2019\arduino_due_x_dbg\Release/core.a(USBCore.cpp.o)
                0x20070ed4                _cend
 *fill*         0x20070ed6        0x2 
 .bss._usbConfiguration
                0x20070ed8        0x4 C:\Users\Troy Neubauer\AppData\Local\Temp\VMBuilds\Rocketry 2018_2019\arduino_due_x_dbg\Release/core.a(USBCore.cpp.o)
                0x20070ed8                _usbConfiguration
 .bss.cdc_rx_buffer
                0x20070edc      0x208 C:\Users\Troy Neubauer\AppData\Local\Temp\VMBuilds\Rocketry 2018_2019\arduino_due_x_dbg\Release/core.a(CDC.cpp.o)
                0x20070edc                cdc_rx_buffer
 .bss._ZZN7Serial_6acceptEvE5guard
                0x200710e4        0x4 C:\Users\Troy Neubauer\AppData\Local\Temp\VMBuilds\Rocketry 2018_2019\arduino_due_x_dbg\Release/core.a(CDC.cpp.o)
 .bss.SerialUSB